srun: job 202 queued and waiting for resources
srun: job 202 has been allocated resources
# nccl-tests version 2.17.9 nccl-headers=22602 nccl-library=22602
# Collective test starting: all_reduce_perf
# nThread 1 nGpus 8 minBytes 1048576 maxBytes 8589934592 step: 2(factor) warmup iters: 5 iters: 20 agg iters: 1 validation: 1 graph: 0
#
# Using devices
# nccl-tests version 2.17.9 nccl-headers=22602 nccl-library=22602
# Collective test starting: all_reduce_perf
# nThread 1 nGpus 8 minBytes 1048576 maxBytes 8589934592 step: 2(factor) warmup iters: 5 iters: 20 agg iters: 1 validation: 1 graph: 0
#
# Using devices
#  Rank  0 Group  0 Pid 1732005 on gpu-dp-2jvzl-pqq7p device  0 [0000:29:00] NVIDIA H100 80GB HBM3
#  Rank  1 Group  0 Pid 1732005 on gpu-dp-2jvzl-pqq7p device  1 [0000:2f:00] NVIDIA H100 80GB HBM3
#  Rank  2 Group  0 Pid 1732005 on gpu-dp-2jvzl-pqq7p device  2 [0000:35:00] NVIDIA H100 80GB HBM3
#  Rank  3 Group  0 Pid 1732005 on gpu-dp-2jvzl-pqq7p device  3 [0000:3b:00] NVIDIA H100 80GB HBM3
#  Rank  4 Group  0 Pid 1732005 on gpu-dp-2jvzl-pqq7p device  4 [0000:43:00] NVIDIA H100 80GB HBM3
#  Rank  5 Group  0 Pid 1732005 on gpu-dp-2jvzl-pqq7p device  5 [0000:49:00] NVIDIA H100 80GB HBM3
#  Rank  6 Group  0 Pid 1732005 on gpu-dp-2jvzl-pqq7p device  6 [0000:4f:00] NVIDIA H100 80GB HBM3
#  Rank  7 Group  0 Pid 1732005 on gpu-dp-2jvzl-pqq7p device  7 [0000:55:00] NVIDIA H100 80GB HBM3
#  Rank  0 Group  0 Pid 370381 on gpu-dp-2jvzl-ddjjs device  0 [0000:29:00] NVIDIA H100 80GB HBM3
#  Rank  1 Group  0 Pid 370381 on gpu-dp-2jvzl-ddjjs device  1 [0000:2f:00] NVIDIA H100 80GB HBM3
#  Rank  2 Group  0 Pid 370381 on gpu-dp-2jvzl-ddjjs device  2 [0000:35:00] NVIDIA H100 80GB HBM3
#  Rank  3 Group  0 Pid 370381 on gpu-dp-2jvzl-ddjjs device  3 [0000:3b:00] NVIDIA H100 80GB HBM3
#  Rank  4 Group  0 Pid 370381 on gpu-dp-2jvzl-ddjjs device  4 [0000:43:00] NVIDIA H100 80GB HBM3
#  Rank  5 Group  0 Pid 370381 on gpu-dp-2jvzl-ddjjs device  5 [0000:49:00] NVIDIA H100 80GB HBM3
#  Rank  6 Group  0 Pid 370381 on gpu-dp-2jvzl-ddjjs device  6 [0000:4f:00] NVIDIA H100 80GB HBM3
#  Rank  7 Group  0 Pid 370381 on gpu-dp-2jvzl-ddjjs device  7 [0000:55:00] NVIDIA H100 80GB HBM3
#
#                                                              out-of-place                       in-place          
#       size         count      type   redop    root     time   algbw   busbw  #wrong     time   algbw   busbw  #wrong 
#        (B)    (elements)                               (us)  (GB/s)  (GB/s)             (us)  (GB/s)  (GB/s)         
