=== NCCL SendRecv P2P Benchmark — 32 Nodes (256 GPUs) ===
Job ID: 79925
Nodes: use3a-ss-b200-gpu-160 use3a-ss-b200-gpu-161 use3a-ss-b200-gpu-162 use3a-ss-b200-gpu-163 use3a-ss-b200-gpu-164 use3a-ss-b200-gpu-165 use3a-ss-b200-gpu-166 use3a-ss-b200-gpu-167 use3a-ss-b200-gpu-168 use3a-ss-b200-gpu-169 use3a-ss-b200-gpu-170 use3a-ss-b200-gpu-171 use3a-ss-b200-gpu-172 use3a-ss-b200-gpu-173 use3a-ss-b200-gpu-174 use3a-ss-b200-gpu-175 use3a-ss-b200-gpu-176 use3a-ss-b200-gpu-177 use3a-ss-b200-gpu-178 use3a-ss-b200-gpu-179 use3a-ss-b200-gpu-180 use3a-ss-b200-gpu-181 use3a-ss-b200-gpu-182 use3a-ss-b200-gpu-183 use3a-ss-b200-gpu-184 use3a-ss-b200-gpu-185 use3a-ss-b200-gpu-186 use3a-ss-b200-gpu-187 use3a-ss-b200-gpu-188 use3a-ss-b200-gpu-189 use3a-ss-b200-gpu-190 use3a-ss-b200-gpu-195 
Date: Fri Apr 10 03:03:25 PM PDT 2026

>>> SendRecv bandwidth sweep (1KB to 256MB) — 256 GPUs...
# nThread 1 nGpus 1 minBytes 1024 maxBytes 268435456 step: 2(factor) warmup iters: 5 iters: 20 agg iters: 1 validation: 1 graph: 0
#
# Using devices
#  Rank  0 Group  0 Pid 166288 on use3a-ss-b200-gpu-160 device  0 [0x17] NVIDIA B200
#  Rank  1 Group  0 Pid 166289 on use3a-ss-b200-gpu-160 device  1 [0x3d] NVIDIA B200
#  Rank  2 Group  0 Pid 166290 on use3a-ss-b200-gpu-160 device  2 [0x5f] NVIDIA B200
#  Rank  3 Group  0 Pid 166291 on use3a-ss-b200-gpu-160 device  3 [0x70] NVIDIA B200
#  Rank  4 Group  0 Pid 166292 on use3a-ss-b200-gpu-160 device  4 [0x97] NVIDIA B200
#  Rank  5 Group  0 Pid 166293 on use3a-ss-b200-gpu-160 device  5 [0xba] NVIDIA B200
#  Rank  6 Group  0 Pid 166294 on use3a-ss-b200-gpu-160 device  6 [0xdc] NVIDIA B200
#  Rank  7 Group  0 Pid 166295 on use3a-ss-b200-gpu-160 device  7 [0xed] NVIDIA B200
#  Rank  8 Group  0 Pid 178269 on use3a-ss-b200-gpu-161 device  0 [0x17] NVIDIA B200
#  Rank  9 Group  0 Pid 178270 on use3a-ss-b200-gpu-161 device  1 [0x3d] NVIDIA B200
#  Rank 10 Group  0 Pid 178271 on use3a-ss-b200-gpu-161 device  2 [0x5f] NVIDIA B200
#  Rank 11 Group  0 Pid 178272 on use3a-ss-b200-gpu-161 device  3 [0x70] NVIDIA B200
#  Rank 12 Group  0 Pid 178273 on use3a-ss-b200-gpu-161 device  4 [0x97] NVIDIA B200
#  Rank 13 Group  0 Pid 178274 on use3a-ss-b200-gpu-161 device  5 [0xba] NVIDIA B200
#  Rank 14 Group  0 Pid 178275 on use3a-ss-b200-gpu-161 device  6 [0xdc] NVIDIA B200
#  Rank 15 Group  0 Pid 178276 on use3a-ss-b200-gpu-161 device  7 [0xed] NVIDIA B200
#  Rank 16 Group  0 Pid 195309 on use3a-ss-b200-gpu-162 device  0 [0x17] NVIDIA B200
#  Rank 17 Group  0 Pid 195310 on use3a-ss-b200-gpu-162 device  1 [0x3d] NVIDIA B200
#  Rank 18 Group  0 Pid 195311 on use3a-ss-b200-gpu-162 device  2 [0x5f] NVIDIA B200
#  Rank 19 Group  0 Pid 195312 on use3a-ss-b200-gpu-162 device  3 [0x70] NVIDIA B200
#  Rank 20 Group  0 Pid 195313 on use3a-ss-b200-gpu-162 device  4 [0x97] NVIDIA B200
#  Rank 21 Group  0 Pid 195314 on use3a-ss-b200-gpu-162 device  5 [0xba] NVIDIA B200
#  Rank 22 Group  0 Pid 195315 on use3a-ss-b200-gpu-162 device  6 [0xdc] NVIDIA B200
#  Rank 23 Group  0 Pid 195316 on use3a-ss-b200-gpu-162 device  7 [0xed] NVIDIA B200
#  Rank 24 Group  0 Pid 195175 on use3a-ss-b200-gpu-163 device  0 [0x17] NVIDIA B200
#  Rank 25 Group  0 Pid 195176 on use3a-ss-b200-gpu-163 device  1 [0x3d] NVIDIA B200
#  Rank 26 Group  0 Pid 195177 on use3a-ss-b200-gpu-163 device  2 [0x5f] NVIDIA B200
#  Rank 27 Group  0 Pid 195178 on use3a-ss-b200-gpu-163 device  3 [0x70] NVIDIA B200
#  Rank 28 Group  0 Pid 195179 on use3a-ss-b200-gpu-163 device  4 [0x97] NVIDIA B200
#  Rank 29 Group  0 Pid 195180 on use3a-ss-b200-gpu-163 device  5 [0xba] NVIDIA B200
#  Rank 30 Group  0 Pid 195181 on use3a-ss-b200-gpu-163 device  6 [0xdc] NVIDIA B200
#  Rank 31 Group  0 Pid 195182 on use3a-ss-b200-gpu-163 device  7 [0xed] NVIDIA B200
#  Rank 32 Group  0 Pid 195213 on use3a-ss-b200-gpu-164 device  0 [0x17] NVIDIA B200
#  Rank 33 Group  0 Pid 195214 on use3a-ss-b200-gpu-164 device  1 [0x3d] NVIDIA B200
#  Rank 34 Group  0 Pid 195215 on use3a-ss-b200-gpu-164 device  2 [0x5f] NVIDIA B200
#  Rank 35 Group  0 Pid 195216 on use3a-ss-b200-gpu-164 device  3 [0x70] NVIDIA B200
#  Rank 36 Group  0 Pid 195217 on use3a-ss-b200-gpu-164 device  4 [0x97] NVIDIA B200
#  Rank 37 Group  0 Pid 195218 on use3a-ss-b200-gpu-164 device  5 [0xba] NVIDIA B200
#  Rank 38 Group  0 Pid 195219 on use3a-ss-b200-gpu-164 device  6 [0xdc] NVIDIA B200
#  Rank 39 Group  0 Pid 195220 on use3a-ss-b200-gpu-164 device  7 [0xed] NVIDIA B200
#  Rank 40 Group  0 Pid 195094 on use3a-ss-b200-gpu-165 device  0 [0x17] NVIDIA B200
#  Rank 41 Group  0 Pid 195095 on use3a-ss-b200-gpu-165 device  1 [0x3d] NVIDIA B200
#  Rank 42 Group  0 Pid 195096 on use3a-ss-b200-gpu-165 device  2 [0x5f] NVIDIA B200
#  Rank 43 Group  0 Pid 195097 on use3a-ss-b200-gpu-165 device  3 [0x70] NVIDIA B200
#  Rank 44 Group  0 Pid 195098 on use3a-ss-b200-gpu-165 device  4 [0x97] NVIDIA B200
#  Rank 45 Group  0 Pid 195099 on use3a-ss-b200-gpu-165 device  5 [0xba] NVIDIA B200
#  Rank 46 Group  0 Pid 195100 on use3a-ss-b200-gpu-165 device  6 [0xdc] NVIDIA B200
#  Rank 47 Group  0 Pid 195101 on use3a-ss-b200-gpu-165 device  7 [0xed] NVIDIA B200
#  Rank 48 Group  0 Pid 195283 on use3a-ss-b200-gpu-166 device  0 [0x17] NVIDIA B200
#  Rank 49 Group  0 Pid 195284 on use3a-ss-b200-gpu-166 device  1 [0x3d] NVIDIA B200
#  Rank 50 Group  0 Pid 195285 on use3a-ss-b200-gpu-166 device  2 [0x5f] NVIDIA B200
#  Rank 51 Group  0 Pid 195286 on use3a-ss-b200-gpu-166 device  3 [0x70] NVIDIA B200
#  Rank 52 Group  0 Pid 195287 on use3a-ss-b200-gpu-166 device  4 [0x97] NVIDIA B200
#  Rank 53 Group  0 Pid 195288 on use3a-ss-b200-gpu-166 device  5 [0xba] NVIDIA B200
#  Rank 54 Group  0 Pid 195289 on use3a-ss-b200-gpu-166 device  6 [0xdc] NVIDIA B200
#  Rank 55 Group  0 Pid 195290 on use3a-ss-b200-gpu-166 device  7 [0xed] NVIDIA B200
#  Rank 56 Group  0 Pid 209709 on use3a-ss-b200-gpu-167 device  0 [0x17] NVIDIA B200
#  Rank 57 Group  0 Pid 209710 on use3a-ss-b200-gpu-167 device  1 [0x3d] NVIDIA B200
#  Rank 58 Group  0 Pid 209711 on use3a-ss-b200-gpu-167 device  2 [0x5f] NVIDIA B200
#  Rank 59 Group  0 Pid 209712 on use3a-ss-b200-gpu-167 device  3 [0x70] NVIDIA B200
#  Rank 60 Group  0 Pid 209713 on use3a-ss-b200-gpu-167 device  4 [0x97] NVIDIA B200
#  Rank 61 Group  0 Pid 209714 on use3a-ss-b200-gpu-167 device  5 [0xba] NVIDIA B200
#  Rank 62 Group  0 Pid 209715 on use3a-ss-b200-gpu-167 device  6 [0xdc] NVIDIA B200
#  Rank 63 Group  0 Pid 209716 on use3a-ss-b200-gpu-167 device  7 [0xed] NVIDIA B200
#  Rank 64 Group  0 Pid 195899 on use3a-ss-b200-gpu-168 device  0 [0x17] NVIDIA B200
#  Rank 65 Group  0 Pid 195900 on use3a-ss-b200-gpu-168 device  1 [0x3d] NVIDIA B200
#  Rank 66 Group  0 Pid 195901 on use3a-ss-b200-gpu-168 device  2 [0x5f] NVIDIA B200
#  Rank 67 Group  0 Pid 195902 on use3a-ss-b200-gpu-168 device  3 [0x70] NVIDIA B200
#  Rank 68 Group  0 Pid 195903 on use3a-ss-b200-gpu-168 device  4 [0x97] NVIDIA B200
#  Rank 69 Group  0 Pid 195904 on use3a-ss-b200-gpu-168 device  5 [0xba] NVIDIA B200
#  Rank 70 Group  0 Pid 195905 on use3a-ss-b200-gpu-168 device  6 [0xdc] NVIDIA B200
#  Rank 71 Group  0 Pid 195906 on use3a-ss-b200-gpu-168 device  7 [0xed] NVIDIA B200
#  Rank 72 Group  0 Pid 195964 on use3a-ss-b200-gpu-169 device  0 [0x17] NVIDIA B200
#  Rank 73 Group  0 Pid 195965 on use3a-ss-b200-gpu-169 device  1 [0x3d] NVIDIA B200
#  Rank 74 Group  0 Pid 195966 on use3a-ss-b200-gpu-169 device  2 [0x5f] NVIDIA B200
#  Rank 75 Group  0 Pid 195967 on use3a-ss-b200-gpu-169 device  3 [0x70] NVIDIA B200
#  Rank 76 Group  0 Pid 195968 on use3a-ss-b200-gpu-169 device  4 [0x97] NVIDIA B200
#  Rank 77 Group  0 Pid 195969 on use3a-ss-b200-gpu-169 device  5 [0xba] NVIDIA B200
#  Rank 78 Group  0 Pid 195970 on use3a-ss-b200-gpu-169 device  6 [0xdc] NVIDIA B200
#  Rank 79 Group  0 Pid 195971 on use3a-ss-b200-gpu-169 device  7 [0xed] NVIDIA B200
#  Rank 80 Group  0 Pid 172743 on use3a-ss-b200-gpu-170 device  0 [0x17] NVIDIA B200
#  Rank 81 Group  0 Pid 172744 on use3a-ss-b200-gpu-170 device  1 [0x3d] NVIDIA B200
#  Rank 82 Group  0 Pid 172745 on use3a-ss-b200-gpu-170 device  2 [0x5f] NVIDIA B200
#  Rank 83 Group  0 Pid 172746 on use3a-ss-b200-gpu-170 device  3 [0x70] NVIDIA B200
#  Rank 84 Group  0 Pid 172747 on use3a-ss-b200-gpu-170 device  4 [0x97] NVIDIA B200
#  Rank 85 Group  0 Pid 172748 on use3a-ss-b200-gpu-170 device  5 [0xba] NVIDIA B200
#  Rank 86 Group  0 Pid 172749 on use3a-ss-b200-gpu-170 device  6 [0xdc] NVIDIA B200
#  Rank 87 Group  0 Pid 172750 on use3a-ss-b200-gpu-170 device  7 [0xed] NVIDIA B200
#  Rank 88 Group  0 Pid 185257 on use3a-ss-b200-gpu-171 device  0 [0x17] NVIDIA B200
#  Rank 89 Group  0 Pid 185258 on use3a-ss-b200-gpu-171 device  1 [0x3d] NVIDIA B200
#  Rank 90 Group  0 Pid 185259 on use3a-ss-b200-gpu-171 device  2 [0x5f] NVIDIA B200
#  Rank 91 Group  0 Pid 185260 on use3a-ss-b200-gpu-171 device  3 [0x70] NVIDIA B200
#  Rank 92 Group  0 Pid 185261 on use3a-ss-b200-gpu-171 device  4 [0x97] NVIDIA B200
#  Rank 93 Group  0 Pid 185262 on use3a-ss-b200-gpu-171 device  5 [0xba] NVIDIA B200
#  Rank 94 Group  0 Pid 185263 on use3a-ss-b200-gpu-171 device  6 [0xdc] NVIDIA B200
#  Rank 95 Group  0 Pid 185264 on use3a-ss-b200-gpu-171 device  7 [0xed] NVIDIA B200
#  Rank 96 Group  0 Pid 197271 on use3a-ss-b200-gpu-172 device  0 [0x17] NVIDIA B200
#  Rank 97 Group  0 Pid 197272 on use3a-ss-b200-gpu-172 device  1 [0x3d] NVIDIA B200
#  Rank 98 Group  0 Pid 197273 on use3a-ss-b200-gpu-172 device  2 [0x5f] NVIDIA B200
#  Rank 99 Group  0 Pid 197274 on use3a-ss-b200-gpu-172 device  3 [0x70] NVIDIA B200
#  Rank 100 Group  0 Pid 197275 on use3a-ss-b200-gpu-172 device  4 [0x97] NVIDIA B200
#  Rank 101 Group  0 Pid 197276 on use3a-ss-b200-gpu-172 device  5 [0xba] NVIDIA B200
#  Rank 102 Group  0 Pid 197277 on use3a-ss-b200-gpu-172 device  6 [0xdc] NVIDIA B200
#  Rank 103 Group  0 Pid 197278 on use3a-ss-b200-gpu-172 device  7 [0xed] NVIDIA B200
#  Rank 104 Group  0 Pid 194454 on use3a-ss-b200-gpu-173 device  0 [0x17] NVIDIA B200
#  Rank 105 Group  0 Pid 194455 on use3a-ss-b200-gpu-173 device  1 [0x3d] NVIDIA B200
#  Rank 106 Group  0 Pid 194456 on use3a-ss-b200-gpu-173 device  2 [0x5f] NVIDIA B200
#  Rank 107 Group  0 Pid 194457 on use3a-ss-b200-gpu-173 device  3 [0x70] NVIDIA B200
#  Rank 108 Group  0 Pid 194458 on use3a-ss-b200-gpu-173 device  4 [0x97] NVIDIA B200
#  Rank 109 Group  0 Pid 194459 on use3a-ss-b200-gpu-173 device  5 [0xba] NVIDIA B200
#  Rank 110 Group  0 Pid 194460 on use3a-ss-b200-gpu-173 device  6 [0xdc] NVIDIA B200
#  Rank 111 Group  0 Pid 194461 on use3a-ss-b200-gpu-173 device  7 [0xed] NVIDIA B200
#  Rank 112 Group  0 Pid 194474 on use3a-ss-b200-gpu-174 device  0 [0x17] NVIDIA B200
#  Rank 113 Group  0 Pid 194475 on use3a-ss-b200-gpu-174 device  1 [0x3d] NVIDIA B200
#  Rank 114 Group  0 Pid 194476 on use3a-ss-b200-gpu-174 device  2 [0x5f] NVIDIA B200
#  Rank 115 Group  0 Pid 194477 on use3a-ss-b200-gpu-174 device  3 [0x70] NVIDIA B200
#  Rank 116 Group  0 Pid 194478 on use3a-ss-b200-gpu-174 device  4 [0x97] NVIDIA B200
#  Rank 117 Group  0 Pid 194479 on use3a-ss-b200-gpu-174 device  5 [0xba] NVIDIA B200
#  Rank 118 Group  0 Pid 194480 on use3a-ss-b200-gpu-174 device  6 [0xdc] NVIDIA B200
#  Rank 119 Group  0 Pid 194481 on use3a-ss-b200-gpu-174 device  7 [0xed] NVIDIA B200
#  Rank 120 Group  0 Pid 196761 on use3a-ss-b200-gpu-175 device  0 [0x17] NVIDIA B200
#  Rank 121 Group  0 Pid 196762 on use3a-ss-b200-gpu-175 device  1 [0x3d] NVIDIA B200
#  Rank 122 Group  0 Pid 196763 on use3a-ss-b200-gpu-175 device  2 [0x5f] NVIDIA B200
#  Rank 123 Group  0 Pid 196764 on use3a-ss-b200-gpu-175 device  3 [0x70] NVIDIA B200
#  Rank 124 Group  0 Pid 196765 on use3a-ss-b200-gpu-175 device  4 [0x97] NVIDIA B200
#  Rank 125 Group  0 Pid 196766 on use3a-ss-b200-gpu-175 device  5 [0xba] NVIDIA B200
#  Rank 126 Group  0 Pid 196767 on use3a-ss-b200-gpu-175 device  6 [0xdc] NVIDIA B200
#  Rank 127 Group  0 Pid 196768 on use3a-ss-b200-gpu-175 device  7 [0xed] NVIDIA B200
#  Rank 128 Group  0 Pid 195173 on use3a-ss-b200-gpu-176 device  0 [0x17] NVIDIA B200
#  Rank 129 Group  0 Pid 195174 on use3a-ss-b200-gpu-176 device  1 [0x3d] NVIDIA B200
#  Rank 130 Group  0 Pid 195175 on use3a-ss-b200-gpu-176 device  2 [0x5f] NVIDIA B200
#  Rank 131 Group  0 Pid 195176 on use3a-ss-b200-gpu-176 device  3 [0x70] NVIDIA B200
#  Rank 132 Group  0 Pid 195177 on use3a-ss-b200-gpu-176 device  4 [0x97] NVIDIA B200
#  Rank 133 Group  0 Pid 195178 on use3a-ss-b200-gpu-176 device  5 [0xba] NVIDIA B200
#  Rank 134 Group  0 Pid 195179 on use3a-ss-b200-gpu-176 device  6 [0xdc] NVIDIA B200
#  Rank 135 Group  0 Pid 195180 on use3a-ss-b200-gpu-176 device  7 [0xed] NVIDIA B200
#  Rank 136 Group  0 Pid 194344 on use3a-ss-b200-gpu-177 device  0 [0x17] NVIDIA B200
#  Rank 137 Group  0 Pid 194345 on use3a-ss-b200-gpu-177 device  1 [0x3d] NVIDIA B200
#  Rank 138 Group  0 Pid 194346 on use3a-ss-b200-gpu-177 device  2 [0x5f] NVIDIA B200
#  Rank 139 Group  0 Pid 194347 on use3a-ss-b200-gpu-177 device  3 [0x70] NVIDIA B200
#  Rank 140 Group  0 Pid 194348 on use3a-ss-b200-gpu-177 device  4 [0x97] NVIDIA B200
#  Rank 141 Group  0 Pid 194349 on use3a-ss-b200-gpu-177 device  5 [0xba] NVIDIA B200
#  Rank 142 Group  0 Pid 194350 on use3a-ss-b200-gpu-177 device  6 [0xdc] NVIDIA B200
#  Rank 143 Group  0 Pid 194351 on use3a-ss-b200-gpu-177 device  7 [0xed] NVIDIA B200
#  Rank 144 Group  0 Pid 184211 on use3a-ss-b200-gpu-178 device  0 [0x17] NVIDIA B200
#  Rank 145 Group  0 Pid 184212 on use3a-ss-b200-gpu-178 device  1 [0x3d] NVIDIA B200
#  Rank 146 Group  0 Pid 184213 on use3a-ss-b200-gpu-178 device  2 [0x5f] NVIDIA B200
#  Rank 147 Group  0 Pid 184214 on use3a-ss-b200-gpu-178 device  3 [0x70] NVIDIA B200
#  Rank 148 Group  0 Pid 184215 on use3a-ss-b200-gpu-178 device  4 [0x97] NVIDIA B200
#  Rank 149 Group  0 Pid 184216 on use3a-ss-b200-gpu-178 device  5 [0xba] NVIDIA B200
#  Rank 150 Group  0 Pid 184217 on use3a-ss-b200-gpu-178 device  6 [0xdc] NVIDIA B200
#  Rank 151 Group  0 Pid 184218 on use3a-ss-b200-gpu-178 device  7 [0xed] NVIDIA B200
#  Rank 152 Group  0 Pid 196015 on use3a-ss-b200-gpu-179 device  0 [0x17] NVIDIA B200
#  Rank 153 Group  0 Pid 196016 on use3a-ss-b200-gpu-179 device  1 [0x3d] NVIDIA B200
#  Rank 154 Group  0 Pid 196017 on use3a-ss-b200-gpu-179 device  2 [0x5f] NVIDIA B200
#  Rank 155 Group  0 Pid 196018 on use3a-ss-b200-gpu-179 device  3 [0x70] NVIDIA B200
#  Rank 156 Group  0 Pid 196019 on use3a-ss-b200-gpu-179 device  4 [0x97] NVIDIA B200
#  Rank 157 Group  0 Pid 196020 on use3a-ss-b200-gpu-179 device  5 [0xba] NVIDIA B200
#  Rank 158 Group  0 Pid 196021 on use3a-ss-b200-gpu-179 device  6 [0xdc] NVIDIA B200
#  Rank 159 Group  0 Pid 196022 on use3a-ss-b200-gpu-179 device  7 [0xed] NVIDIA B200
#  Rank 160 Group  0 Pid 193986 on use3a-ss-b200-gpu-180 device  0 [0x17] NVIDIA B200
#  Rank 161 Group  0 Pid 193987 on use3a-ss-b200-gpu-180 device  1 [0x3d] NVIDIA B200
#  Rank 162 Group  0 Pid 193988 on use3a-ss-b200-gpu-180 device  2 [0x5f] NVIDIA B200
#  Rank 163 Group  0 Pid 193989 on use3a-ss-b200-gpu-180 device  3 [0x70] NVIDIA B200
#  Rank 164 Group  0 Pid 193990 on use3a-ss-b200-gpu-180 device  4 [0x97] NVIDIA B200
#  Rank 165 Group  0 Pid 193991 on use3a-ss-b200-gpu-180 device  5 [0xba] NVIDIA B200
#  Rank 166 Group  0 Pid 193992 on use3a-ss-b200-gpu-180 device  6 [0xdc] NVIDIA B200
#  Rank 167 Group  0 Pid 193993 on use3a-ss-b200-gpu-180 device  7 [0xed] NVIDIA B200
#  Rank 168 Group  0 Pid 193366 on use3a-ss-b200-gpu-181 device  0 [0x17] NVIDIA B200
#  Rank 169 Group  0 Pid 193367 on use3a-ss-b200-gpu-181 device  1 [0x3d] NVIDIA B200
#  Rank 170 Group  0 Pid 193368 on use3a-ss-b200-gpu-181 device  2 [0x5f] NVIDIA B200
#  Rank 171 Group  0 Pid 193369 on use3a-ss-b200-gpu-181 device  3 [0x70] NVIDIA B200
#  Rank 172 Group  0 Pid 193370 on use3a-ss-b200-gpu-181 device  4 [0x97] NVIDIA B200
#  Rank 173 Group  0 Pid 193371 on use3a-ss-b200-gpu-181 device  5 [0xba] NVIDIA B200
#  Rank 174 Group  0 Pid 193372 on use3a-ss-b200-gpu-181 device  6 [0xdc] NVIDIA B200
#  Rank 175 Group  0 Pid 193373 on use3a-ss-b200-gpu-181 device  7 [0xed] NVIDIA B200
#  Rank 176 Group  0 Pid 193714 on use3a-ss-b200-gpu-182 device  0 [0x17] NVIDIA B200
#  Rank 177 Group  0 Pid 193715 on use3a-ss-b200-gpu-182 device  1 [0x3d] NVIDIA B200
#  Rank 178 Group  0 Pid 193716 on use3a-ss-b200-gpu-182 device  2 [0x5f] NVIDIA B200
#  Rank 179 Group  0 Pid 193717 on use3a-ss-b200-gpu-182 device  3 [0x70] NVIDIA B200
#  Rank 180 Group  0 Pid 193718 on use3a-ss-b200-gpu-182 device  4 [0x97] NVIDIA B200
#  Rank 181 Group  0 Pid 193719 on use3a-ss-b200-gpu-182 device  5 [0xba] NVIDIA B200
#  Rank 182 Group  0 Pid 193720 on use3a-ss-b200-gpu-182 device  6 [0xdc] NVIDIA B200
#  Rank 183 Group  0 Pid 193721 on use3a-ss-b200-gpu-182 device  7 [0xed] NVIDIA B200
#  Rank 184 Group  0 Pid 193503 on use3a-ss-b200-gpu-183 device  0 [0x17] NVIDIA B200
#  Rank 185 Group  0 Pid 193504 on use3a-ss-b200-gpu-183 device  1 [0x3d] NVIDIA B200
#  Rank 186 Group  0 Pid 193505 on use3a-ss-b200-gpu-183 device  2 [0x5f] NVIDIA B200
#  Rank 187 Group  0 Pid 193506 on use3a-ss-b200-gpu-183 device  3 [0x70] NVIDIA B200
#  Rank 188 Group  0 Pid 193507 on use3a-ss-b200-gpu-183 device  4 [0x97] NVIDIA B200
#  Rank 189 Group  0 Pid 193508 on use3a-ss-b200-gpu-183 device  5 [0xba] NVIDIA B200
#  Rank 190 Group  0 Pid 193509 on use3a-ss-b200-gpu-183 device  6 [0xdc] NVIDIA B200
#  Rank 191 Group  0 Pid 193510 on use3a-ss-b200-gpu-183 device  7 [0xed] NVIDIA B200
#  Rank 192 Group  0 Pid 193221 on use3a-ss-b200-gpu-184 device  0 [0x17] NVIDIA B200
#  Rank 193 Group  0 Pid 193222 on use3a-ss-b200-gpu-184 device  1 [0x3d] NVIDIA B200
#  Rank 194 Group  0 Pid 193223 on use3a-ss-b200-gpu-184 device  2 [0x5f] NVIDIA B200
#  Rank 195 Group  0 Pid 193224 on use3a-ss-b200-gpu-184 device  3 [0x70] NVIDIA B200
#  Rank 196 Group  0 Pid 193225 on use3a-ss-b200-gpu-184 device  4 [0x97] NVIDIA B200
#  Rank 197 Group  0 Pid 193226 on use3a-ss-b200-gpu-184 device  5 [0xba] NVIDIA B200
#  Rank 198 Group  0 Pid 193227 on use3a-ss-b200-gpu-184 device  6 [0xdc] NVIDIA B200
#  Rank 199 Group  0 Pid 193228 on use3a-ss-b200-gpu-184 device  7 [0xed] NVIDIA B200
#  Rank 200 Group  0 Pid 210651 on use3a-ss-b200-gpu-185 device  0 [0x17] NVIDIA B200
#  Rank 201 Group  0 Pid 210652 on use3a-ss-b200-gpu-185 device  1 [0x3d] NVIDIA B200
#  Rank 202 Group  0 Pid 210653 on use3a-ss-b200-gpu-185 device  2 [0x5f] NVIDIA B200
#  Rank 203 Group  0 Pid 210654 on use3a-ss-b200-gpu-185 device  3 [0x70] NVIDIA B200
#  Rank 204 Group  0 Pid 210655 on use3a-ss-b200-gpu-185 device  4 [0x97] NVIDIA B200
#  Rank 205 Group  0 Pid 210656 on use3a-ss-b200-gpu-185 device  5 [0xba] NVIDIA B200
#  Rank 206 Group  0 Pid 210657 on use3a-ss-b200-gpu-185 device  6 [0xdc] NVIDIA B200
#  Rank 207 Group  0 Pid 210658 on use3a-ss-b200-gpu-185 device  7 [0xed] NVIDIA B200
#  Rank 208 Group  0 Pid 191471 on use3a-ss-b200-gpu-186 device  0 [0x17] NVIDIA B200
#  Rank 209 Group  0 Pid 191472 on use3a-ss-b200-gpu-186 device  1 [0x3d] NVIDIA B200
#  Rank 210 Group  0 Pid 191473 on use3a-ss-b200-gpu-186 device  2 [0x5f] NVIDIA B200
#  Rank 211 Group  0 Pid 191474 on use3a-ss-b200-gpu-186 device  3 [0x70] NVIDIA B200
#  Rank 212 Group  0 Pid 191475 on use3a-ss-b200-gpu-186 device  4 [0x97] NVIDIA B200
#  Rank 213 Group  0 Pid 191476 on use3a-ss-b200-gpu-186 device  5 [0xba] NVIDIA B200
#  Rank 214 Group  0 Pid 191477 on use3a-ss-b200-gpu-186 device  6 [0xdc] NVIDIA B200
#  Rank 215 Group  0 Pid 191478 on use3a-ss-b200-gpu-186 device  7 [0xed] NVIDIA B200
#  Rank 216 Group  0 Pid 200001 on use3a-ss-b200-gpu-187 device  0 [0x17] NVIDIA B200
#  Rank 217 Group  0 Pid 200002 on use3a-ss-b200-gpu-187 device  1 [0x3d] NVIDIA B200
#  Rank 218 Group  0 Pid 200003 on use3a-ss-b200-gpu-187 device  2 [0x5f] NVIDIA B200
#  Rank 219 Group  0 Pid 200004 on use3a-ss-b200-gpu-187 device  3 [0x70] NVIDIA B200
#  Rank 220 Group  0 Pid 200005 on use3a-ss-b200-gpu-187 device  4 [0x97] NVIDIA B200
#  Rank 221 Group  0 Pid 200006 on use3a-ss-b200-gpu-187 device  5 [0xba] NVIDIA B200
#  Rank 222 Group  0 Pid 200007 on use3a-ss-b200-gpu-187 device  6 [0xdc] NVIDIA B200
#  Rank 223 Group  0 Pid 200008 on use3a-ss-b200-gpu-187 device  7 [0xed] NVIDIA B200
#  Rank 224 Group  0 Pid 191163 on use3a-ss-b200-gpu-188 device  0 [0x17] NVIDIA B200
#  Rank 225 Group  0 Pid 191164 on use3a-ss-b200-gpu-188 device  1 [0x3d] NVIDIA B200
#  Rank 226 Group  0 Pid 191165 on use3a-ss-b200-gpu-188 device  2 [0x5f] NVIDIA B200
#  Rank 227 Group  0 Pid 191166 on use3a-ss-b200-gpu-188 device  3 [0x70] NVIDIA B200
#  Rank 228 Group  0 Pid 191167 on use3a-ss-b200-gpu-188 device  4 [0x97] NVIDIA B200
#  Rank 229 Group  0 Pid 191168 on use3a-ss-b200-gpu-188 device  5 [0xba] NVIDIA B200
#  Rank 230 Group  0 Pid 191169 on use3a-ss-b200-gpu-188 device  6 [0xdc] NVIDIA B200
#  Rank 231 Group  0 Pid 191170 on use3a-ss-b200-gpu-188 device  7 [0xed] NVIDIA B200
#  Rank 232 Group  0 Pid 200532 on use3a-ss-b200-gpu-189 device  0 [0x17] NVIDIA B200
#  Rank 233 Group  0 Pid 200533 on use3a-ss-b200-gpu-189 device  1 [0x3d] NVIDIA B200
#  Rank 234 Group  0 Pid 200534 on use3a-ss-b200-gpu-189 device  2 [0x5f] NVIDIA B200
#  Rank 235 Group  0 Pid 200535 on use3a-ss-b200-gpu-189 device  3 [0x70] NVIDIA B200
#  Rank 236 Group  0 Pid 200536 on use3a-ss-b200-gpu-189 device  4 [0x97] NVIDIA B200
#  Rank 237 Group  0 Pid 200537 on use3a-ss-b200-gpu-189 device  5 [0xba] NVIDIA B200
#  Rank 238 Group  0 Pid 200538 on use3a-ss-b200-gpu-189 device  6 [0xdc] NVIDIA B200
#  Rank 239 Group  0 Pid 200539 on use3a-ss-b200-gpu-189 device  7 [0xed] NVIDIA B200
#  Rank 240 Group  0 Pid 191087 on use3a-ss-b200-gpu-190 device  0 [0x17] NVIDIA B200
#  Rank 241 Group  0 Pid 191088 on use3a-ss-b200-gpu-190 device  1 [0x3d] NVIDIA B200
#  Rank 242 Group  0 Pid 191089 on use3a-ss-b200-gpu-190 device  2 [0x5f] NVIDIA B200
#  Rank 243 Group  0 Pid 191090 on use3a-ss-b200-gpu-190 device  3 [0x70] NVIDIA B200
#  Rank 244 Group  0 Pid 191091 on use3a-ss-b200-gpu-190 device  4 [0x97] NVIDIA B200
#  Rank 245 Group  0 Pid 191092 on use3a-ss-b200-gpu-190 device  5 [0xba] NVIDIA B200
#  Rank 246 Group  0 Pid 191093 on use3a-ss-b200-gpu-190 device  6 [0xdc] NVIDIA B200
#  Rank 247 Group  0 Pid 191094 on use3a-ss-b200-gpu-190 device  7 [0xed] NVIDIA B200
#  Rank 248 Group  0 Pid 164698 on use3a-ss-b200-gpu-195 device  0 [0x17] NVIDIA B200
#  Rank 249 Group  0 Pid 164699 on use3a-ss-b200-gpu-195 device  1 [0x3d] NVIDIA B200
#  Rank 250 Group  0 Pid 164700 on use3a-ss-b200-gpu-195 device  2 [0x5f] NVIDIA B200
#  Rank 251 Group  0 Pid 164701 on use3a-ss-b200-gpu-195 device  3 [0x70] NVIDIA B200
#  Rank 252 Group  0 Pid 164702 on use3a-ss-b200-gpu-195 device  4 [0x97] NVIDIA B200
#  Rank 253 Group  0 Pid 164703 on use3a-ss-b200-gpu-195 device  5 [0xba] NVIDIA B200
#  Rank 254 Group  0 Pid 164704 on use3a-ss-b200-gpu-195 device  6 [0xdc] NVIDIA B200
#  Rank 255 Group  0 Pid 164705 on use3a-ss-b200-gpu-195 device  7 [0xed] NVIDIA B200
NCCL version 2.29.7+cuda12.9
#
#                                                              out-of-place                       in-place          
#       size         count      type   redop    root     time   algbw   busbw #wrong     time   algbw   busbw #wrong
#        (B)    (elements)                               (us)  (GB/s)  (GB/s)            (us)  (GB/s)  (GB/s)       
        1024           256     float     sum      -1    32.28    0.03    0.03      0    29.11    0.04    0.04    N/A
        2048           512     float     sum      -1    29.25    0.07    0.07      0    31.96    0.06    0.06    N/A
        4096          1024     float     sum      -1    28.82    0.14    0.14      0    30.77    0.13    0.13    N/A
        8192          2048     float     sum      -1    30.02    0.27    0.27      0    29.19    0.28    0.28    N/A
       16384          4096     float     sum      -1    32.97    0.50    0.50      0    31.28    0.52    0.52    N/A
       32768          8192     float     sum      -1    34.24    0.96    0.96      0    33.98    0.96    0.96    N/A
       65536         16384     float     sum      -1    40.58    1.62    1.62      0    40.32    1.63    1.63    N/A
      131072         32768     float     sum      -1    43.30    3.03    3.03      0    43.39    3.02    3.02    N/A
      262144         65536     float     sum      -1    55.99    4.68    4.68      0    55.95    4.69    4.69    N/A
      524288        131072     float     sum      -1    81.54    6.43    6.43      0    81.44    6.44    6.44    N/A
     1048576        262144     float     sum      -1    100.3   10.46   10.46      0    99.11   10.58   10.58    N/A
     2097152        524288     float     sum      -1    172.7   12.14   12.14      0    171.4   12.24   12.24    N/A
     4194304       1048576     float     sum      -1    313.3   13.39   13.39      0    312.4   13.42   13.42    N/A
     8388608       2097152     float     sum      -1    596.6   14.06   14.06      0    590.9   14.20   14.20    N/A
    16777216       4194304     float     sum      -1   1168.8   14.35   14.35      0   1155.0   14.53   14.53    N/A
    33554432       8388608     float     sum      -1   2312.3   14.51   14.51      0   2287.1   14.67   14.67    N/A
    67108864      16777216     float     sum      -1   4604.8   14.57   14.57      0   4551.7   14.74   14.74    N/A
   134217728      33554432     float     sum      -1   9187.2   14.61   14.61      0   9092.3   14.76   14.76    N/A
   268435456      67108864     float     sum      -1    18344   14.63   14.63      0    18208   14.74   14.74    N/A
# Out of bounds values : 0 OK
# Avg bus bandwidth    : 7.42375 
#


>>> SendRecv at 64MB (405B activation tensor) — 256 GPUs...
# nThread 1 nGpus 1 minBytes 67108864 maxBytes 67108864 step: 1048576(bytes) warmup iters: 5 iters: 50 agg iters: 1 validation: 1 graph: 0
#
# Using devices
#  Rank  0 Group  0 Pid 166770 on use3a-ss-b200-gpu-160 device  0 [0x17] NVIDIA B200
#  Rank  1 Group  0 Pid 166771 on use3a-ss-b200-gpu-160 device  1 [0x3d] NVIDIA B200
#  Rank  2 Group  0 Pid 166772 on use3a-ss-b200-gpu-160 device  2 [0x5f] NVIDIA B200
#  Rank  3 Group  0 Pid 166773 on use3a-ss-b200-gpu-160 device  3 [0x70] NVIDIA B200
#  Rank  4 Group  0 Pid 166774 on use3a-ss-b200-gpu-160 device  4 [0x97] NVIDIA B200
#  Rank  5 Group  0 Pid 166775 on use3a-ss-b200-gpu-160 device  5 [0xba] NVIDIA B200
#  Rank  6 Group  0 Pid 166776 on use3a-ss-b200-gpu-160 device  6 [0xdc] NVIDIA B200
#  Rank  7 Group  0 Pid 166777 on use3a-ss-b200-gpu-160 device  7 [0xed] NVIDIA B200
#  Rank  8 Group  0 Pid 178709 on use3a-ss-b200-gpu-161 device  0 [0x17] NVIDIA B200
#  Rank  9 Group  0 Pid 178710 on use3a-ss-b200-gpu-161 device  1 [0x3d] NVIDIA B200
#  Rank 10 Group  0 Pid 178711 on use3a-ss-b200-gpu-161 device  2 [0x5f] NVIDIA B200
#  Rank 11 Group  0 Pid 178712 on use3a-ss-b200-gpu-161 device  3 [0x70] NVIDIA B200
#  Rank 12 Group  0 Pid 178713 on use3a-ss-b200-gpu-161 device  4 [0x97] NVIDIA B200
#  Rank 13 Group  0 Pid 178714 on use3a-ss-b200-gpu-161 device  5 [0xba] NVIDIA B200
#  Rank 14 Group  0 Pid 178715 on use3a-ss-b200-gpu-161 device  6 [0xdc] NVIDIA B200
#  Rank 15 Group  0 Pid 178716 on use3a-ss-b200-gpu-161 device  7 [0xed] NVIDIA B200
#  Rank 16 Group  0 Pid 195705 on use3a-ss-b200-gpu-162 device  0 [0x17] NVIDIA B200
#  Rank 17 Group  0 Pid 195706 on use3a-ss-b200-gpu-162 device  1 [0x3d] NVIDIA B200
#  Rank 18 Group  0 Pid 195707 on use3a-ss-b200-gpu-162 device  2 [0x5f] NVIDIA B200
#  Rank 19 Group  0 Pid 195708 on use3a-ss-b200-gpu-162 device  3 [0x70] NVIDIA B200
#  Rank 20 Group  0 Pid 195709 on use3a-ss-b200-gpu-162 device  4 [0x97] NVIDIA B200
#  Rank 21 Group  0 Pid 195710 on use3a-ss-b200-gpu-162 device  5 [0xba] NVIDIA B200
#  Rank 22 Group  0 Pid 195711 on use3a-ss-b200-gpu-162 device  6 [0xdc] NVIDIA B200
#  Rank 23 Group  0 Pid 195712 on use3a-ss-b200-gpu-162 device  7 [0xed] NVIDIA B200
#  Rank 24 Group  0 Pid 195567 on use3a-ss-b200-gpu-163 device  0 [0x17] NVIDIA B200
#  Rank 25 Group  0 Pid 195568 on use3a-ss-b200-gpu-163 device  1 [0x3d] NVIDIA B200
#  Rank 26 Group  0 Pid 195569 on use3a-ss-b200-gpu-163 device  2 [0x5f] NVIDIA B200
#  Rank 27 Group  0 Pid 195570 on use3a-ss-b200-gpu-163 device  3 [0x70] NVIDIA B200
#  Rank 28 Group  0 Pid 195571 on use3a-ss-b200-gpu-163 device  4 [0x97] NVIDIA B200
#  Rank 29 Group  0 Pid 195572 on use3a-ss-b200-gpu-163 device  5 [0xba] NVIDIA B200
#  Rank 30 Group  0 Pid 195573 on use3a-ss-b200-gpu-163 device  6 [0xdc] NVIDIA B200
#  Rank 31 Group  0 Pid 195574 on use3a-ss-b200-gpu-163 device  7 [0xed] NVIDIA B200
#  Rank 32 Group  0 Pid 195616 on use3a-ss-b200-gpu-164 device  0 [0x17] NVIDIA B200
#  Rank 33 Group  0 Pid 195617 on use3a-ss-b200-gpu-164 device  1 [0x3d] NVIDIA B200
#  Rank 34 Group  0 Pid 195618 on use3a-ss-b200-gpu-164 device  2 [0x5f] NVIDIA B200
#  Rank 35 Group  0 Pid 195619 on use3a-ss-b200-gpu-164 device  3 [0x70] NVIDIA B200
#  Rank 36 Group  0 Pid 195620 on use3a-ss-b200-gpu-164 device  4 [0x97] NVIDIA B200
#  Rank 37 Group  0 Pid 195621 on use3a-ss-b200-gpu-164 device  5 [0xba] NVIDIA B200
#  Rank 38 Group  0 Pid 195622 on use3a-ss-b200-gpu-164 device  6 [0xdc] NVIDIA B200
#  Rank 39 Group  0 Pid 195623 on use3a-ss-b200-gpu-164 device  7 [0xed] NVIDIA B200
#  Rank 40 Group  0 Pid 195495 on use3a-ss-b200-gpu-165 device  0 [0x17] NVIDIA B200
#  Rank 41 Group  0 Pid 195496 on use3a-ss-b200-gpu-165 device  1 [0x3d] NVIDIA B200
#  Rank 42 Group  0 Pid 195497 on use3a-ss-b200-gpu-165 device  2 [0x5f] NVIDIA B200
#  Rank 43 Group  0 Pid 195498 on use3a-ss-b200-gpu-165 device  3 [0x70] NVIDIA B200
#  Rank 44 Group  0 Pid 195499 on use3a-ss-b200-gpu-165 device  4 [0x97] NVIDIA B200
#  Rank 45 Group  0 Pid 195500 on use3a-ss-b200-gpu-165 device  5 [0xba] NVIDIA B200
#  Rank 46 Group  0 Pid 195501 on use3a-ss-b200-gpu-165 device  6 [0xdc] NVIDIA B200
#  Rank 47 Group  0 Pid 195502 on use3a-ss-b200-gpu-165 device  7 [0xed] NVIDIA B200
#  Rank 48 Group  0 Pid 195677 on use3a-ss-b200-gpu-166 device  0 [0x17] NVIDIA B200
#  Rank 49 Group  0 Pid 195678 on use3a-ss-b200-gpu-166 device  1 [0x3d] NVIDIA B200
#  Rank 50 Group  0 Pid 195679 on use3a-ss-b200-gpu-166 device  2 [0x5f] NVIDIA B200
#  Rank 51 Group  0 Pid 195680 on use3a-ss-b200-gpu-166 device  3 [0x70] NVIDIA B200
#  Rank 52 Group  0 Pid 195681 on use3a-ss-b200-gpu-166 device  4 [0x97] NVIDIA B200
#  Rank 53 Group  0 Pid 195682 on use3a-ss-b200-gpu-166 device  5 [0xba] NVIDIA B200
#  Rank 54 Group  0 Pid 195683 on use3a-ss-b200-gpu-166 device  6 [0xdc] NVIDIA B200
#  Rank 55 Group  0 Pid 195684 on use3a-ss-b200-gpu-166 device  7 [0xed] NVIDIA B200
#  Rank 56 Group  0 Pid 210113 on use3a-ss-b200-gpu-167 device  0 [0x17] NVIDIA B200
#  Rank 57 Group  0 Pid 210114 on use3a-ss-b200-gpu-167 device  1 [0x3d] NVIDIA B200
#  Rank 58 Group  0 Pid 210115 on use3a-ss-b200-gpu-167 device  2 [0x5f] NVIDIA B200
#  Rank 59 Group  0 Pid 210116 on use3a-ss-b200-gpu-167 device  3 [0x70] NVIDIA B200
#  Rank 60 Group  0 Pid 210117 on use3a-ss-b200-gpu-167 device  4 [0x97] NVIDIA B200
#  Rank 61 Group  0 Pid 210118 on use3a-ss-b200-gpu-167 device  5 [0xba] NVIDIA B200
#  Rank 62 Group  0 Pid 210119 on use3a-ss-b200-gpu-167 device  6 [0xdc] NVIDIA B200
#  Rank 63 Group  0 Pid 210120 on use3a-ss-b200-gpu-167 device  7 [0xed] NVIDIA B200
#  Rank 64 Group  0 Pid 196305 on use3a-ss-b200-gpu-168 device  0 [0x17] NVIDIA B200
#  Rank 65 Group  0 Pid 196306 on use3a-ss-b200-gpu-168 device  1 [0x3d] NVIDIA B200
#  Rank 66 Group  0 Pid 196307 on use3a-ss-b200-gpu-168 device  2 [0x5f] NVIDIA B200
#  Rank 67 Group  0 Pid 196308 on use3a-ss-b200-gpu-168 device  3 [0x70] NVIDIA B200
#  Rank 68 Group  0 Pid 196309 on use3a-ss-b200-gpu-168 device  4 [0x97] NVIDIA B200
#  Rank 69 Group  0 Pid 196310 on use3a-ss-b200-gpu-168 device  5 [0xba] NVIDIA B200
#  Rank 70 Group  0 Pid 196311 on use3a-ss-b200-gpu-168 device  6 [0xdc] NVIDIA B200
#  Rank 71 Group  0 Pid 196312 on use3a-ss-b200-gpu-168 device  7 [0xed] NVIDIA B200
#  Rank 72 Group  0 Pid 196382 on use3a-ss-b200-gpu-169 device  0 [0x17] NVIDIA B200
#  Rank 73 Group  0 Pid 196383 on use3a-ss-b200-gpu-169 device  1 [0x3d] NVIDIA B200
#  Rank 74 Group  0 Pid 196384 on use3a-ss-b200-gpu-169 device  2 [0x5f] NVIDIA B200
#  Rank 75 Group  0 Pid 196385 on use3a-ss-b200-gpu-169 device  3 [0x70] NVIDIA B200
#  Rank 76 Group  0 Pid 196386 on use3a-ss-b200-gpu-169 device  4 [0x97] NVIDIA B200
#  Rank 77 Group  0 Pid 196387 on use3a-ss-b200-gpu-169 device  5 [0xba] NVIDIA B200
#  Rank 78 Group  0 Pid 196388 on use3a-ss-b200-gpu-169 device  6 [0xdc] NVIDIA B200
#  Rank 79 Group  0 Pid 196389 on use3a-ss-b200-gpu-169 device  7 [0xed] NVIDIA B200
#  Rank 80 Group  0 Pid 173135 on use3a-ss-b200-gpu-170 device  0 [0x17] NVIDIA B200
#  Rank 81 Group  0 Pid 173136 on use3a-ss-b200-gpu-170 device  1 [0x3d] NVIDIA B200
#  Rank 82 Group  0 Pid 173137 on use3a-ss-b200-gpu-170 device  2 [0x5f] NVIDIA B200
#  Rank 83 Group  0 Pid 173138 on use3a-ss-b200-gpu-170 device  3 [0x70] NVIDIA B200
#  Rank 84 Group  0 Pid 173139 on use3a-ss-b200-gpu-170 device  4 [0x97] NVIDIA B200
#  Rank 85 Group  0 Pid 173140 on use3a-ss-b200-gpu-170 device  5 [0xba] NVIDIA B200
#  Rank 86 Group  0 Pid 173141 on use3a-ss-b200-gpu-170 device  6 [0xdc] NVIDIA B200
#  Rank 87 Group  0 Pid 173142 on use3a-ss-b200-gpu-170 device  7 [0xed] NVIDIA B200
#  Rank 88 Group  0 Pid 185658 on use3a-ss-b200-gpu-171 device  0 [0x17] NVIDIA B200
#  Rank 89 Group  0 Pid 185659 on use3a-ss-b200-gpu-171 device  1 [0x3d] NVIDIA B200
#  Rank 90 Group  0 Pid 185660 on use3a-ss-b200-gpu-171 device  2 [0x5f] NVIDIA B200
#  Rank 91 Group  0 Pid 185661 on use3a-ss-b200-gpu-171 device  3 [0x70] NVIDIA B200
#  Rank 92 Group  0 Pid 185662 on use3a-ss-b200-gpu-171 device  4 [0x97] NVIDIA B200
#  Rank 93 Group  0 Pid 185663 on use3a-ss-b200-gpu-171 device  5 [0xba] NVIDIA B200
#  Rank 94 Group  0 Pid 185664 on use3a-ss-b200-gpu-171 device  6 [0xdc] NVIDIA B200
#  Rank 95 Group  0 Pid 185665 on use3a-ss-b200-gpu-171 device  7 [0xed] NVIDIA B200
#  Rank 96 Group  0 Pid 197667 on use3a-ss-b200-gpu-172 device  0 [0x17] NVIDIA B200
#  Rank 97 Group  0 Pid 197668 on use3a-ss-b200-gpu-172 device  1 [0x3d] NVIDIA B200
#  Rank 98 Group  0 Pid 197669 on use3a-ss-b200-gpu-172 device  2 [0x5f] NVIDIA B200
#  Rank 99 Group  0 Pid 197670 on use3a-ss-b200-gpu-172 device  3 [0x70] NVIDIA B200
#  Rank 100 Group  0 Pid 197671 on use3a-ss-b200-gpu-172 device  4 [0x97] NVIDIA B200
#  Rank 101 Group  0 Pid 197672 on use3a-ss-b200-gpu-172 device  5 [0xba] NVIDIA B200
#  Rank 102 Group  0 Pid 197673 on use3a-ss-b200-gpu-172 device  6 [0xdc] NVIDIA B200
#  Rank 103 Group  0 Pid 197674 on use3a-ss-b200-gpu-172 device  7 [0xed] NVIDIA B200
#  Rank 104 Group  0 Pid 194856 on use3a-ss-b200-gpu-173 device  0 [0x17] NVIDIA B200
#  Rank 105 Group  0 Pid 194857 on use3a-ss-b200-gpu-173 device  1 [0x3d] NVIDIA B200
#  Rank 106 Group  0 Pid 194858 on use3a-ss-b200-gpu-173 device  2 [0x5f] NVIDIA B200
#  Rank 107 Group  0 Pid 194859 on use3a-ss-b200-gpu-173 device  3 [0x70] NVIDIA B200
#  Rank 108 Group  0 Pid 194860 on use3a-ss-b200-gpu-173 device  4 [0x97] NVIDIA B200
#  Rank 109 Group  0 Pid 194861 on use3a-ss-b200-gpu-173 device  5 [0xba] NVIDIA B200
#  Rank 110 Group  0 Pid 194862 on use3a-ss-b200-gpu-173 device  6 [0xdc] NVIDIA B200
#  Rank 111 Group  0 Pid 194863 on use3a-ss-b200-gpu-173 device  7 [0xed] NVIDIA B200
#  Rank 112 Group  0 Pid 194866 on use3a-ss-b200-gpu-174 device  0 [0x17] NVIDIA B200
#  Rank 113 Group  0 Pid 194867 on use3a-ss-b200-gpu-174 device  1 [0x3d] NVIDIA B200
#  Rank 114 Group  0 Pid 194868 on use3a-ss-b200-gpu-174 device  2 [0x5f] NVIDIA B200
#  Rank 115 Group  0 Pid 194869 on use3a-ss-b200-gpu-174 device  3 [0x70] NVIDIA B200
#  Rank 116 Group  0 Pid 194870 on use3a-ss-b200-gpu-174 device  4 [0x97] NVIDIA B200
#  Rank 117 Group  0 Pid 194871 on use3a-ss-b200-gpu-174 device  5 [0xba] NVIDIA B200
#  Rank 118 Group  0 Pid 194872 on use3a-ss-b200-gpu-174 device  6 [0xdc] NVIDIA B200
#  Rank 119 Group  0 Pid 194873 on use3a-ss-b200-gpu-174 device  7 [0xed] NVIDIA B200
#  Rank 120 Group  0 Pid 197166 on use3a-ss-b200-gpu-175 device  0 [0x17] NVIDIA B200
#  Rank 121 Group  0 Pid 197167 on use3a-ss-b200-gpu-175 device  1 [0x3d] NVIDIA B200
#  Rank 122 Group  0 Pid 197168 on use3a-ss-b200-gpu-175 device  2 [0x5f] NVIDIA B200
#  Rank 123 Group  0 Pid 197169 on use3a-ss-b200-gpu-175 device  3 [0x70] NVIDIA B200
#  Rank 124 Group  0 Pid 197170 on use3a-ss-b200-gpu-175 device  4 [0x97] NVIDIA B200
#  Rank 125 Group  0 Pid 197171 on use3a-ss-b200-gpu-175 device  5 [0xba] NVIDIA B200
#  Rank 126 Group  0 Pid 197172 on use3a-ss-b200-gpu-175 device  6 [0xdc] NVIDIA B200
#  Rank 127 Group  0 Pid 197173 on use3a-ss-b200-gpu-175 device  7 [0xed] NVIDIA B200
#  Rank 128 Group  0 Pid 195578 on use3a-ss-b200-gpu-176 device  0 [0x17] NVIDIA B200
#  Rank 129 Group  0 Pid 195579 on use3a-ss-b200-gpu-176 device  1 [0x3d] NVIDIA B200
#  Rank 130 Group  0 Pid 195580 on use3a-ss-b200-gpu-176 device  2 [0x5f] NVIDIA B200
#  Rank 131 Group  0 Pid 195581 on use3a-ss-b200-gpu-176 device  3 [0x70] NVIDIA B200
#  Rank 132 Group  0 Pid 195582 on use3a-ss-b200-gpu-176 device  4 [0x97] NVIDIA B200
#  Rank 133 Group  0 Pid 195583 on use3a-ss-b200-gpu-176 device  5 [0xba] NVIDIA B200
#  Rank 134 Group  0 Pid 195584 on use3a-ss-b200-gpu-176 device  6 [0xdc] NVIDIA B200
#  Rank 135 Group  0 Pid 195585 on use3a-ss-b200-gpu-176 device  7 [0xed] NVIDIA B200
#  Rank 136 Group  0 Pid 194753 on use3a-ss-b200-gpu-177 device  0 [0x17] NVIDIA B200
#  Rank 137 Group  0 Pid 194754 on use3a-ss-b200-gpu-177 device  1 [0x3d] NVIDIA B200
#  Rank 138 Group  0 Pid 194755 on use3a-ss-b200-gpu-177 device  2 [0x5f] NVIDIA B200
#  Rank 139 Group  0 Pid 194756 on use3a-ss-b200-gpu-177 device  3 [0x70] NVIDIA B200
#  Rank 140 Group  0 Pid 194757 on use3a-ss-b200-gpu-177 device  4 [0x97] NVIDIA B200
#  Rank 141 Group  0 Pid 194758 on use3a-ss-b200-gpu-177 device  5 [0xba] NVIDIA B200
#  Rank 142 Group  0 Pid 194759 on use3a-ss-b200-gpu-177 device  6 [0xdc] NVIDIA B200
#  Rank 143 Group  0 Pid 194760 on use3a-ss-b200-gpu-177 device  7 [0xed] NVIDIA B200
#  Rank 144 Group  0 Pid 184628 on use3a-ss-b200-gpu-178 device  0 [0x17] NVIDIA B200
#  Rank 145 Group  0 Pid 184629 on use3a-ss-b200-gpu-178 device  1 [0x3d] NVIDIA B200
#  Rank 146 Group  0 Pid 184630 on use3a-ss-b200-gpu-178 device  2 [0x5f] NVIDIA B200
#  Rank 147 Group  0 Pid 184631 on use3a-ss-b200-gpu-178 device  3 [0x70] NVIDIA B200
#  Rank 148 Group  0 Pid 184632 on use3a-ss-b200-gpu-178 device  4 [0x97] NVIDIA B200
#  Rank 149 Group  0 Pid 184633 on use3a-ss-b200-gpu-178 device  5 [0xba] NVIDIA B200
#  Rank 150 Group  0 Pid 184634 on use3a-ss-b200-gpu-178 device  6 [0xdc] NVIDIA B200
#  Rank 151 Group  0 Pid 184635 on use3a-ss-b200-gpu-178 device  7 [0xed] NVIDIA B200
#  Rank 152 Group  0 Pid 196417 on use3a-ss-b200-gpu-179 device  0 [0x17] NVIDIA B200
#  Rank 153 Group  0 Pid 196418 on use3a-ss-b200-gpu-179 device  1 [0x3d] NVIDIA B200
#  Rank 154 Group  0 Pid 196419 on use3a-ss-b200-gpu-179 device  2 [0x5f] NVIDIA B200
#  Rank 155 Group  0 Pid 196420 on use3a-ss-b200-gpu-179 device  3 [0x70] NVIDIA B200
#  Rank 156 Group  0 Pid 196421 on use3a-ss-b200-gpu-179 device  4 [0x97] NVIDIA B200
#  Rank 157 Group  0 Pid 196422 on use3a-ss-b200-gpu-179 device  5 [0xba] NVIDIA B200
#  Rank 158 Group  0 Pid 196423 on use3a-ss-b200-gpu-179 device  6 [0xdc] NVIDIA B200
#  Rank 159 Group  0 Pid 196424 on use3a-ss-b200-gpu-179 device  7 [0xed] NVIDIA B200
#  Rank 160 Group  0 Pid 194381 on use3a-ss-b200-gpu-180 device  0 [0x17] NVIDIA B200
#  Rank 161 Group  0 Pid 194382 on use3a-ss-b200-gpu-180 device  1 [0x3d] NVIDIA B200
#  Rank 162 Group  0 Pid 194383 on use3a-ss-b200-gpu-180 device  2 [0x5f] NVIDIA B200
#  Rank 163 Group  0 Pid 194384 on use3a-ss-b200-gpu-180 device  3 [0x70] NVIDIA B200
#  Rank 164 Group  0 Pid 194385 on use3a-ss-b200-gpu-180 device  4 [0x97] NVIDIA B200
#  Rank 165 Group  0 Pid 194386 on use3a-ss-b200-gpu-180 device  5 [0xba] NVIDIA B200
#  Rank 166 Group  0 Pid 194387 on use3a-ss-b200-gpu-180 device  6 [0xdc] NVIDIA B200
#  Rank 167 Group  0 Pid 194388 on use3a-ss-b200-gpu-180 device  7 [0xed] NVIDIA B200
#  Rank 168 Group  0 Pid 193771 on use3a-ss-b200-gpu-181 device  0 [0x17] NVIDIA B200
#  Rank 169 Group  0 Pid 193772 on use3a-ss-b200-gpu-181 device  1 [0x3d] NVIDIA B200
#  Rank 170 Group  0 Pid 193773 on use3a-ss-b200-gpu-181 device  2 [0x5f] NVIDIA B200
#  Rank 171 Group  0 Pid 193774 on use3a-ss-b200-gpu-181 device  3 [0x70] NVIDIA B200
#  Rank 172 Group  0 Pid 193775 on use3a-ss-b200-gpu-181 device  4 [0x97] NVIDIA B200
#  Rank 173 Group  0 Pid 193776 on use3a-ss-b200-gpu-181 device  5 [0xba] NVIDIA B200
#  Rank 174 Group  0 Pid 193777 on use3a-ss-b200-gpu-181 device  6 [0xdc] NVIDIA B200
#  Rank 175 Group  0 Pid 193778 on use3a-ss-b200-gpu-181 device  7 [0xed] NVIDIA B200
#  Rank 176 Group  0 Pid 194117 on use3a-ss-b200-gpu-182 device  0 [0x17] NVIDIA B200
#  Rank 177 Group  0 Pid 194118 on use3a-ss-b200-gpu-182 device  1 [0x3d] NVIDIA B200
#  Rank 178 Group  0 Pid 194119 on use3a-ss-b200-gpu-182 device  2 [0x5f] NVIDIA B200
#  Rank 179 Group  0 Pid 194120 on use3a-ss-b200-gpu-182 device  3 [0x70] NVIDIA B200
#  Rank 180 Group  0 Pid 194121 on use3a-ss-b200-gpu-182 device  4 [0x97] NVIDIA B200
#  Rank 181 Group  0 Pid 194122 on use3a-ss-b200-gpu-182 device  5 [0xba] NVIDIA B200
#  Rank 182 Group  0 Pid 194123 on use3a-ss-b200-gpu-182 device  6 [0xdc] NVIDIA B200
#  Rank 183 Group  0 Pid 194124 on use3a-ss-b200-gpu-182 device  7 [0xed] NVIDIA B200
#  Rank 184 Group  0 Pid 193911 on use3a-ss-b200-gpu-183 device  0 [0x17] NVIDIA B200
#  Rank 185 Group  0 Pid 193912 on use3a-ss-b200-gpu-183 device  1 [0x3d] NVIDIA B200
#  Rank 186 Group  0 Pid 193913 on use3a-ss-b200-gpu-183 device  2 [0x5f] NVIDIA B200
#  Rank 187 Group  0 Pid 193914 on use3a-ss-b200-gpu-183 device  3 [0x70] NVIDIA B200
#  Rank 188 Group  0 Pid 193915 on use3a-ss-b200-gpu-183 device  4 [0x97] NVIDIA B200
#  Rank 189 Group  0 Pid 193916 on use3a-ss-b200-gpu-183 device  5 [0xba] NVIDIA B200
#  Rank 190 Group  0 Pid 193917 on use3a-ss-b200-gpu-183 device  6 [0xdc] NVIDIA B200
#  Rank 191 Group  0 Pid 193918 on use3a-ss-b200-gpu-183 device  7 [0xed] NVIDIA B200
#  Rank 192 Group  0 Pid 193628 on use3a-ss-b200-gpu-184 device  0 [0x17] NVIDIA B200
#  Rank 193 Group  0 Pid 193629 on use3a-ss-b200-gpu-184 device  1 [0x3d] NVIDIA B200
#  Rank 194 Group  0 Pid 193630 on use3a-ss-b200-gpu-184 device  2 [0x5f] NVIDIA B200
#  Rank 195 Group  0 Pid 193631 on use3a-ss-b200-gpu-184 device  3 [0x70] NVIDIA B200
#  Rank 196 Group  0 Pid 193632 on use3a-ss-b200-gpu-184 device  4 [0x97] NVIDIA B200
#  Rank 197 Group  0 Pid 193633 on use3a-ss-b200-gpu-184 device  5 [0xba] NVIDIA B200
#  Rank 198 Group  0 Pid 193634 on use3a-ss-b200-gpu-184 device  6 [0xdc] NVIDIA B200
#  Rank 199 Group  0 Pid 193635 on use3a-ss-b200-gpu-184 device  7 [0xed] NVIDIA B200
#  Rank 200 Group  0 Pid 211067 on use3a-ss-b200-gpu-185 device  0 [0x17] NVIDIA B200
#  Rank 201 Group  0 Pid 211068 on use3a-ss-b200-gpu-185 device  1 [0x3d] NVIDIA B200
#  Rank 202 Group  0 Pid 211069 on use3a-ss-b200-gpu-185 device  2 [0x5f] NVIDIA B200
#  Rank 203 Group  0 Pid 211070 on use3a-ss-b200-gpu-185 device  3 [0x70] NVIDIA B200
#  Rank 204 Group  0 Pid 211071 on use3a-ss-b200-gpu-185 device  4 [0x97] NVIDIA B200
#  Rank 205 Group  0 Pid 211072 on use3a-ss-b200-gpu-185 device  5 [0xba] NVIDIA B200
#  Rank 206 Group  0 Pid 211073 on use3a-ss-b200-gpu-185 device  6 [0xdc] NVIDIA B200
#  Rank 207 Group  0 Pid 211074 on use3a-ss-b200-gpu-185 device  7 [0xed] NVIDIA B200
#  Rank 208 Group  0 Pid 191865 on use3a-ss-b200-gpu-186 device  0 [0x17] NVIDIA B200
#  Rank 209 Group  0 Pid 191866 on use3a-ss-b200-gpu-186 device  1 [0x3d] NVIDIA B200
#  Rank 210 Group  0 Pid 191867 on use3a-ss-b200-gpu-186 device  2 [0x5f] NVIDIA B200
#  Rank 211 Group  0 Pid 191868 on use3a-ss-b200-gpu-186 device  3 [0x70] NVIDIA B200
#  Rank 212 Group  0 Pid 191869 on use3a-ss-b200-gpu-186 device  4 [0x97] NVIDIA B200
#  Rank 213 Group  0 Pid 191870 on use3a-ss-b200-gpu-186 device  5 [0xba] NVIDIA B200
#  Rank 214 Group  0 Pid 191871 on use3a-ss-b200-gpu-186 device  6 [0xdc] NVIDIA B200
#  Rank 215 Group  0 Pid 191872 on use3a-ss-b200-gpu-186 device  7 [0xed] NVIDIA B200
#  Rank 216 Group  0 Pid 200409 on use3a-ss-b200-gpu-187 device  0 [0x17] NVIDIA B200
#  Rank 217 Group  0 Pid 200410 on use3a-ss-b200-gpu-187 device  1 [0x3d] NVIDIA B200
#  Rank 218 Group  0 Pid 200411 on use3a-ss-b200-gpu-187 device  2 [0x5f] NVIDIA B200
#  Rank 219 Group  0 Pid 200412 on use3a-ss-b200-gpu-187 device  3 [0x70] NVIDIA B200
#  Rank 220 Group  0 Pid 200413 on use3a-ss-b200-gpu-187 device  4 [0x97] NVIDIA B200
#  Rank 221 Group  0 Pid 200414 on use3a-ss-b200-gpu-187 device  5 [0xba] NVIDIA B200
#  Rank 222 Group  0 Pid 200415 on use3a-ss-b200-gpu-187 device  6 [0xdc] NVIDIA B200
#  Rank 223 Group  0 Pid 200416 on use3a-ss-b200-gpu-187 device  7 [0xed] NVIDIA B200
#  Rank 224 Group  0 Pid 191559 on use3a-ss-b200-gpu-188 device  0 [0x17] NVIDIA B200
#  Rank 225 Group  0 Pid 191560 on use3a-ss-b200-gpu-188 device  1 [0x3d] NVIDIA B200
#  Rank 226 Group  0 Pid 191561 on use3a-ss-b200-gpu-188 device  2 [0x5f] NVIDIA B200
#  Rank 227 Group  0 Pid 191562 on use3a-ss-b200-gpu-188 device  3 [0x70] NVIDIA B200
#  Rank 228 Group  0 Pid 191563 on use3a-ss-b200-gpu-188 device  4 [0x97] NVIDIA B200
#  Rank 229 Group  0 Pid 191564 on use3a-ss-b200-gpu-188 device  5 [0xba] NVIDIA B200
#  Rank 230 Group  0 Pid 191565 on use3a-ss-b200-gpu-188 device  6 [0xdc] NVIDIA B200
#  Rank 231 Group  0 Pid 191566 on use3a-ss-b200-gpu-188 device  7 [0xed] NVIDIA B200
#  Rank 232 Group  0 Pid 200943 on use3a-ss-b200-gpu-189 device  0 [0x17] NVIDIA B200
#  Rank 233 Group  0 Pid 200944 on use3a-ss-b200-gpu-189 device  1 [0x3d] NVIDIA B200
#  Rank 234 Group  0 Pid 200945 on use3a-ss-b200-gpu-189 device  2 [0x5f] NVIDIA B200
#  Rank 235 Group  0 Pid 200946 on use3a-ss-b200-gpu-189 device  3 [0x70] NVIDIA B200
#  Rank 236 Group  0 Pid 200947 on use3a-ss-b200-gpu-189 device  4 [0x97] NVIDIA B200
#  Rank 237 Group  0 Pid 200948 on use3a-ss-b200-gpu-189 device  5 [0xba] NVIDIA B200
#  Rank 238 Group  0 Pid 200949 on use3a-ss-b200-gpu-189 device  6 [0xdc] NVIDIA B200
#  Rank 239 Group  0 Pid 200950 on use3a-ss-b200-gpu-189 device  7 [0xed] NVIDIA B200
#  Rank 240 Group  0 Pid 191480 on use3a-ss-b200-gpu-190 device  0 [0x17] NVIDIA B200
#  Rank 241 Group  0 Pid 191481 on use3a-ss-b200-gpu-190 device  1 [0x3d] NVIDIA B200
#  Rank 242 Group  0 Pid 191482 on use3a-ss-b200-gpu-190 device  2 [0x5f] NVIDIA B200
#  Rank 243 Group  0 Pid 191483 on use3a-ss-b200-gpu-190 device  3 [0x70] NVIDIA B200
#  Rank 244 Group  0 Pid 191484 on use3a-ss-b200-gpu-190 device  4 [0x97] NVIDIA B200
#  Rank 245 Group  0 Pid 191485 on use3a-ss-b200-gpu-190 device  5 [0xba] NVIDIA B200
#  Rank 246 Group  0 Pid 191486 on use3a-ss-b200-gpu-190 device  6 [0xdc] NVIDIA B200
#  Rank 247 Group  0 Pid 191487 on use3a-ss-b200-gpu-190 device  7 [0xed] NVIDIA B200
#  Rank 248 Group  0 Pid 165093 on use3a-ss-b200-gpu-195 device  0 [0x17] NVIDIA B200
#  Rank 249 Group  0 Pid 165094 on use3a-ss-b200-gpu-195 device  1 [0x3d] NVIDIA B200
#  Rank 250 Group  0 Pid 165095 on use3a-ss-b200-gpu-195 device  2 [0x5f] NVIDIA B200
#  Rank 251 Group  0 Pid 165096 on use3a-ss-b200-gpu-195 device  3 [0x70] NVIDIA B200
#  Rank 252 Group  0 Pid 165097 on use3a-ss-b200-gpu-195 device  4 [0x97] NVIDIA B200
#  Rank 253 Group  0 Pid 165098 on use3a-ss-b200-gpu-195 device  5 [0xba] NVIDIA B200
#  Rank 254 Group  0 Pid 165099 on use3a-ss-b200-gpu-195 device  6 [0xdc] NVIDIA B200
#  Rank 255 Group  0 Pid 165100 on use3a-ss-b200-gpu-195 device  7 [0xed] NVIDIA B200
NCCL version 2.29.7+cuda12.9
#
#                                                              out-of-place                       in-place          
#       size         count      type   redop    root     time   algbw   busbw #wrong     time   algbw   busbw #wrong
#        (B)    (elements)                               (us)  (GB/s)  (GB/s)            (us)  (GB/s)  (GB/s)       
    67108864      16777216     float     sum      -1   4711.6   14.24   14.24      0   4657.1   14.41   14.41    N/A
# Out of bounds values : 0 OK
# Avg bus bandwidth    : 14.3267 
#


=== 32-Node SendRecv Complete ===
