=== NCCL SendRecv P2P Benchmark — 4 Nodes (32 GPUs) ===
Job ID: 79915
Nodes: use3a-ss-b200-gpu-149 use3a-ss-b200-gpu-150 use3a-ss-b200-gpu-151 use3a-ss-b200-gpu-152 
Date: Fri Apr 10 02:23:39 PM PDT 2026

>>> SendRecv bandwidth sweep (1KB to 256MB) — 32 GPUs...
# nThread 1 nGpus 1 minBytes 1024 maxBytes 268435456 step: 2(factor) warmup iters: 5 iters: 20 agg iters: 1 validation: 1 graph: 0
#
# Using devices
#  Rank  0 Group  0 Pid 102849 on use3a-ss-b200-gpu-149 device  0 [0x17] NVIDIA B200
#  Rank  1 Group  0 Pid 102850 on use3a-ss-b200-gpu-149 device  1 [0x3d] NVIDIA B200
#  Rank  2 Group  0 Pid 102851 on use3a-ss-b200-gpu-149 device  2 [0x5f] NVIDIA B200
#  Rank  3 Group  0 Pid 102852 on use3a-ss-b200-gpu-149 device  3 [0x70] NVIDIA B200
#  Rank  4 Group  0 Pid 102853 on use3a-ss-b200-gpu-149 device  4 [0x97] NVIDIA B200
#  Rank  5 Group  0 Pid 102854 on use3a-ss-b200-gpu-149 device  5 [0xba] NVIDIA B200
#  Rank  6 Group  0 Pid 102855 on use3a-ss-b200-gpu-149 device  6 [0xdc] NVIDIA B200
#  Rank  7 Group  0 Pid 102856 on use3a-ss-b200-gpu-149 device  7 [0xed] NVIDIA B200
#  Rank  8 Group  0 Pid 101937 on use3a-ss-b200-gpu-150 device  0 [0x17] NVIDIA B200
#  Rank  9 Group  0 Pid 101938 on use3a-ss-b200-gpu-150 device  1 [0x3d] NVIDIA B200
#  Rank 10 Group  0 Pid 101939 on use3a-ss-b200-gpu-150 device  2 [0x5f] NVIDIA B200
#  Rank 11 Group  0 Pid 101940 on use3a-ss-b200-gpu-150 device  3 [0x70] NVIDIA B200
#  Rank 12 Group  0 Pid 101941 on use3a-ss-b200-gpu-150 device  4 [0x97] NVIDIA B200
#  Rank 13 Group  0 Pid 101942 on use3a-ss-b200-gpu-150 device  5 [0xba] NVIDIA B200
#  Rank 14 Group  0 Pid 101943 on use3a-ss-b200-gpu-150 device  6 [0xdc] NVIDIA B200
#  Rank 15 Group  0 Pid 101944 on use3a-ss-b200-gpu-150 device  7 [0xed] NVIDIA B200
#  Rank 16 Group  0 Pid 102630 on use3a-ss-b200-gpu-151 device  0 [0x17] NVIDIA B200
#  Rank 17 Group  0 Pid 102631 on use3a-ss-b200-gpu-151 device  1 [0x3d] NVIDIA B200
#  Rank 18 Group  0 Pid 102632 on use3a-ss-b200-gpu-151 device  2 [0x5f] NVIDIA B200
#  Rank 19 Group  0 Pid 102633 on use3a-ss-b200-gpu-151 device  3 [0x70] NVIDIA B200
#  Rank 20 Group  0 Pid 102634 on use3a-ss-b200-gpu-151 device  4 [0x97] NVIDIA B200
#  Rank 21 Group  0 Pid 102635 on use3a-ss-b200-gpu-151 device  5 [0xba] NVIDIA B200
#  Rank 22 Group  0 Pid 102636 on use3a-ss-b200-gpu-151 device  6 [0xdc] NVIDIA B200
#  Rank 23 Group  0 Pid 102637 on use3a-ss-b200-gpu-151 device  7 [0xed] NVIDIA B200
#  Rank 24 Group  0 Pid  81055 on use3a-ss-b200-gpu-152 device  0 [0x17] NVIDIA B200
#  Rank 25 Group  0 Pid  81056 on use3a-ss-b200-gpu-152 device  1 [0x3d] NVIDIA B200
#  Rank 26 Group  0 Pid  81057 on use3a-ss-b200-gpu-152 device  2 [0x5f] NVIDIA B200
#  Rank 27 Group  0 Pid  81058 on use3a-ss-b200-gpu-152 device  3 [0x70] NVIDIA B200
#  Rank 28 Group  0 Pid  81059 on use3a-ss-b200-gpu-152 device  4 [0x97] NVIDIA B200
#  Rank 29 Group  0 Pid  81060 on use3a-ss-b200-gpu-152 device  5 [0xba] NVIDIA B200
#  Rank 30 Group  0 Pid  81061 on use3a-ss-b200-gpu-152 device  6 [0xdc] NVIDIA B200
#  Rank 31 Group  0 Pid  81062 on use3a-ss-b200-gpu-152 device  7 [0xed] NVIDIA B200
NCCL version 2.29.7+cuda12.9
#
#                                                              out-of-place                       in-place          
#       size         count      type   redop    root     time   algbw   busbw #wrong     time   algbw   busbw #wrong
#        (B)    (elements)                               (us)  (GB/s)  (GB/s)            (us)  (GB/s)  (GB/s)       
        1024           256     float     sum      -1    29.31    0.03    0.03      0    31.74    0.03    0.03    N/A
        2048           512     float     sum      -1    29.60    0.07    0.07      0    27.60    0.07    0.07    N/A
        4096          1024     float     sum      -1    24.14    0.17    0.17      0    28.17    0.15    0.15    N/A
        8192          2048     float     sum      -1    26.86    0.30    0.30      0    28.18    0.29    0.29    N/A
       16384          4096     float     sum      -1    31.43    0.52    0.52      0    29.89    0.55    0.55    N/A
       32768          8192     float     sum      -1    31.59    1.04    1.04      0    35.56    0.92    0.92    N/A
       65536         16384     float     sum      -1    41.94    1.56    1.56      0    39.67    1.65    1.65    N/A
      131072         32768     float     sum      -1    44.32    2.96    2.96      0    40.95    3.20    3.20    N/A
      262144         65536     float     sum      -1    44.01    5.96    5.96      0    43.74    5.99    5.99    N/A
      524288        131072     float     sum      -1    49.72   10.55   10.55      0    47.02   11.15   11.15    N/A
     1048576        262144     float     sum      -1    54.98   19.07   19.07      0    53.81   19.49   19.49    N/A
     2097152        524288     float     sum      -1    75.05   27.94   27.94      0    79.01   26.54   26.54    N/A
     4194304       1048576     float     sum      -1    121.2   34.60   34.60      0    121.3   34.57   34.57    N/A
     8388608       2097152     float     sum      -1    208.3   40.28   40.28      0    209.9   39.97   39.97    N/A
    16777216       4194304     float     sum      -1    390.9   42.92   42.92      0    390.1   43.00   43.00    N/A
    33554432       8388608     float     sum      -1    767.5   43.72   43.72      0    761.0   44.09   44.09    N/A
    67108864      16777216     float     sum      -1   1529.3   43.88   43.88      0   1523.1   44.06   44.06    N/A
   134217728      33554432     float     sum      -1   3038.6   44.17   44.17      0   3021.9   44.41   44.41    N/A
   268435456      67108864     float     sum      -1   6045.9   44.40   44.40      0   6058.1   44.31   44.31    N/A
# Out of bounds values : 0 OK
# Avg bus bandwidth    : 19.1737 
#
