=== NCCL SendRecv P2P Benchmark — 64 Nodes (512 GPUs) ===
Job ID: 79947
Nodes: use3a-ss-b200-gpu-145 use3a-ss-b200-gpu-146 use3a-ss-b200-gpu-160 use3a-ss-b200-gpu-161 use3a-ss-b200-gpu-162 use3a-ss-b200-gpu-163 use3a-ss-b200-gpu-164 use3a-ss-b200-gpu-165 use3a-ss-b200-gpu-166 use3a-ss-b200-gpu-167 use3a-ss-b200-gpu-168 use3a-ss-b200-gpu-169 use3a-ss-b200-gpu-170 use3a-ss-b200-gpu-171 use3a-ss-b200-gpu-172 use3a-ss-b200-gpu-173 use3a-ss-b200-gpu-174 use3a-ss-b200-gpu-175 use3a-ss-b200-gpu-176 use3a-ss-b200-gpu-177 use3a-ss-b200-gpu-178 use3a-ss-b200-gpu-179 use3a-ss-b200-gpu-180 use3a-ss-b200-gpu-181 use3a-ss-b200-gpu-182 use3a-ss-b200-gpu-183 use3a-ss-b200-gpu-184 use3a-ss-b200-gpu-185 use3a-ss-b200-gpu-186 use3a-ss-b200-gpu-187 use3a-ss-b200-gpu-188 use3a-ss-b200-gpu-189 use3a-ss-b200-gpu-190 use3a-ss-b200-gpu-195 use3a-ss-b200-gpu-196 use3a-ss-b200-gpu-197 use3a-ss-b200-gpu-198 use3a-ss-b200-gpu-199 use3a-ss-b200-gpu-200 use3a-ss-b200-gpu-201 use3a-ss-b200-gpu-202 use3a-ss-b200-gpu-203 use3a-ss-b200-gpu-204 use3a-ss-b200-gpu-205 use3a-ss-b200-gpu-209 use3a-ss-b200-gpu-210 use3a-ss-b200-gpu-211 use3a-ss-b200-gpu-212 use3a-ss-b200-gpu-213 use3a-ss-b200-gpu-214 use3a-ss-b200-gpu-215 use3a-ss-b200-gpu-216 use3a-ss-b200-gpu-217 use3a-ss-b200-gpu-226 use3a-ss-b200-gpu-227 use3a-ss-b200-gpu-228 use3a-ss-b200-gpu-229 use3a-ss-b200-gpu-230 use3a-ss-b200-gpu-233 use3a-ss-b200-gpu-234 use3a-ss-b200-gpu-235 use3a-ss-b200-gpu-238 use3a-ss-b200-gpu-239 use3a-ss-b200-gpu-256 
Date: Fri Apr 10 05:09:01 PM PDT 2026

>>> SendRecv bandwidth sweep (1KB to 256MB) — 512 GPUs...
# nThread 1 nGpus 1 minBytes 1024 maxBytes 268435456 step: 2(factor) warmup iters: 5 iters: 20 agg iters: 1 validation: 1 graph: 0
#
# Using devices
#  Rank  0 Group  0 Pid 186316 on use3a-ss-b200-gpu-145 device  0 [0x17] NVIDIA B200
#  Rank  1 Group  0 Pid 186317 on use3a-ss-b200-gpu-145 device  1 [0x3d] NVIDIA B200
#  Rank  2 Group  0 Pid 186318 on use3a-ss-b200-gpu-145 device  2 [0x5f] NVIDIA B200
#  Rank  3 Group  0 Pid 186319 on use3a-ss-b200-gpu-145 device  3 [0x70] NVIDIA B200
#  Rank  4 Group  0 Pid 186320 on use3a-ss-b200-gpu-145 device  4 [0x97] NVIDIA B200
#  Rank  5 Group  0 Pid 186321 on use3a-ss-b200-gpu-145 device  5 [0xba] NVIDIA B200
#  Rank  6 Group  0 Pid 186322 on use3a-ss-b200-gpu-145 device  6 [0xdc] NVIDIA B200
#  Rank  7 Group  0 Pid 186323 on use3a-ss-b200-gpu-145 device  7 [0xed] NVIDIA B200
#  Rank  8 Group  0 Pid 146583 on use3a-ss-b200-gpu-146 device  0 [0x17] NVIDIA B200
#  Rank  9 Group  0 Pid 146584 on use3a-ss-b200-gpu-146 device  1 [0x3d] NVIDIA B200
#  Rank 10 Group  0 Pid 146585 on use3a-ss-b200-gpu-146 device  2 [0x5f] NVIDIA B200
#  Rank 11 Group  0 Pid 146586 on use3a-ss-b200-gpu-146 device  3 [0x70] NVIDIA B200
#  Rank 12 Group  0 Pid 146587 on use3a-ss-b200-gpu-146 device  4 [0x97] NVIDIA B200
#  Rank 13 Group  0 Pid 146588 on use3a-ss-b200-gpu-146 device  5 [0xba] NVIDIA B200
#  Rank 14 Group  0 Pid 146589 on use3a-ss-b200-gpu-146 device  6 [0xdc] NVIDIA B200
#  Rank 15 Group  0 Pid 146590 on use3a-ss-b200-gpu-146 device  7 [0xed] NVIDIA B200
#  Rank 16 Group  0 Pid 171576 on use3a-ss-b200-gpu-160 device  0 [0x17] NVIDIA B200
#  Rank 17 Group  0 Pid 171577 on use3a-ss-b200-gpu-160 device  1 [0x3d] NVIDIA B200
#  Rank 18 Group  0 Pid 171578 on use3a-ss-b200-gpu-160 device  2 [0x5f] NVIDIA B200
#  Rank 19 Group  0 Pid 171579 on use3a-ss-b200-gpu-160 device  3 [0x70] NVIDIA B200
#  Rank 20 Group  0 Pid 171580 on use3a-ss-b200-gpu-160 device  4 [0x97] NVIDIA B200
#  Rank 21 Group  0 Pid 171581 on use3a-ss-b200-gpu-160 device  5 [0xba] NVIDIA B200
#  Rank 22 Group  0 Pid 171582 on use3a-ss-b200-gpu-160 device  6 [0xdc] NVIDIA B200
#  Rank 23 Group  0 Pid 171583 on use3a-ss-b200-gpu-160 device  7 [0xed] NVIDIA B200
#  Rank 24 Group  0 Pid 183313 on use3a-ss-b200-gpu-161 device  0 [0x17] NVIDIA B200
#  Rank 25 Group  0 Pid 183314 on use3a-ss-b200-gpu-161 device  1 [0x3d] NVIDIA B200
#  Rank 26 Group  0 Pid 183315 on use3a-ss-b200-gpu-161 device  2 [0x5f] NVIDIA B200
#  Rank 27 Group  0 Pid 183316 on use3a-ss-b200-gpu-161 device  3 [0x70] NVIDIA B200
#  Rank 28 Group  0 Pid 183317 on use3a-ss-b200-gpu-161 device  4 [0x97] NVIDIA B200
#  Rank 29 Group  0 Pid 183318 on use3a-ss-b200-gpu-161 device  5 [0xba] NVIDIA B200
#  Rank 30 Group  0 Pid 183319 on use3a-ss-b200-gpu-161 device  6 [0xdc] NVIDIA B200
#  Rank 31 Group  0 Pid 183320 on use3a-ss-b200-gpu-161 device  7 [0xed] NVIDIA B200
#  Rank 32 Group  0 Pid 200131 on use3a-ss-b200-gpu-162 device  0 [0x17] NVIDIA B200
#  Rank 33 Group  0 Pid 200132 on use3a-ss-b200-gpu-162 device  1 [0x3d] NVIDIA B200
#  Rank 34 Group  0 Pid 200133 on use3a-ss-b200-gpu-162 device  2 [0x5f] NVIDIA B200
#  Rank 35 Group  0 Pid 200134 on use3a-ss-b200-gpu-162 device  3 [0x70] NVIDIA B200
#  Rank 36 Group  0 Pid 200135 on use3a-ss-b200-gpu-162 device  4 [0x97] NVIDIA B200
#  Rank 37 Group  0 Pid 200136 on use3a-ss-b200-gpu-162 device  5 [0xba] NVIDIA B200
#  Rank 38 Group  0 Pid 200137 on use3a-ss-b200-gpu-162 device  6 [0xdc] NVIDIA B200
#  Rank 39 Group  0 Pid 200138 on use3a-ss-b200-gpu-162 device  7 [0xed] NVIDIA B200
#  Rank 40 Group  0 Pid 199987 on use3a-ss-b200-gpu-163 device  0 [0x17] NVIDIA B200
#  Rank 41 Group  0 Pid 199988 on use3a-ss-b200-gpu-163 device  1 [0x3d] NVIDIA B200
#  Rank 42 Group  0 Pid 199989 on use3a-ss-b200-gpu-163 device  2 [0x5f] NVIDIA B200
#  Rank 43 Group  0 Pid 199990 on use3a-ss-b200-gpu-163 device  3 [0x70] NVIDIA B200
#  Rank 44 Group  0 Pid 199991 on use3a-ss-b200-gpu-163 device  4 [0x97] NVIDIA B200
#  Rank 45 Group  0 Pid 199992 on use3a-ss-b200-gpu-163 device  5 [0xba] NVIDIA B200
#  Rank 46 Group  0 Pid 199993 on use3a-ss-b200-gpu-163 device  6 [0xdc] NVIDIA B200
#  Rank 47 Group  0 Pid 199994 on use3a-ss-b200-gpu-163 device  7 [0xed] NVIDIA B200
#  Rank 48 Group  0 Pid 200032 on use3a-ss-b200-gpu-164 device  0 [0x17] NVIDIA B200
#  Rank 49 Group  0 Pid 200033 on use3a-ss-b200-gpu-164 device  1 [0x3d] NVIDIA B200
#  Rank 50 Group  0 Pid 200034 on use3a-ss-b200-gpu-164 device  2 [0x5f] NVIDIA B200
#  Rank 51 Group  0 Pid 200035 on use3a-ss-b200-gpu-164 device  3 [0x70] NVIDIA B200
#  Rank 52 Group  0 Pid 200036 on use3a-ss-b200-gpu-164 device  4 [0x97] NVIDIA B200
#  Rank 53 Group  0 Pid 200037 on use3a-ss-b200-gpu-164 device  5 [0xba] NVIDIA B200
#  Rank 54 Group  0 Pid 200038 on use3a-ss-b200-gpu-164 device  6 [0xdc] NVIDIA B200
#  Rank 55 Group  0 Pid 200039 on use3a-ss-b200-gpu-164 device  7 [0xed] NVIDIA B200
#  Rank 56 Group  0 Pid 199920 on use3a-ss-b200-gpu-165 device  0 [0x17] NVIDIA B200
#  Rank 57 Group  0 Pid 199921 on use3a-ss-b200-gpu-165 device  1 [0x3d] NVIDIA B200
#  Rank 58 Group  0 Pid 199922 on use3a-ss-b200-gpu-165 device  2 [0x5f] NVIDIA B200
#  Rank 59 Group  0 Pid 199923 on use3a-ss-b200-gpu-165 device  3 [0x70] NVIDIA B200
#  Rank 60 Group  0 Pid 199924 on use3a-ss-b200-gpu-165 device  4 [0x97] NVIDIA B200
#  Rank 61 Group  0 Pid 199925 on use3a-ss-b200-gpu-165 device  5 [0xba] NVIDIA B200
#  Rank 62 Group  0 Pid 199926 on use3a-ss-b200-gpu-165 device  6 [0xdc] NVIDIA B200
#  Rank 63 Group  0 Pid 199927 on use3a-ss-b200-gpu-165 device  7 [0xed] NVIDIA B200
#  Rank 64 Group  0 Pid 200112 on use3a-ss-b200-gpu-166 device  0 [0x17] NVIDIA B200
#  Rank 65 Group  0 Pid 200113 on use3a-ss-b200-gpu-166 device  1 [0x3d] NVIDIA B200
#  Rank 66 Group  0 Pid 200114 on use3a-ss-b200-gpu-166 device  2 [0x5f] NVIDIA B200
#  Rank 67 Group  0 Pid 200115 on use3a-ss-b200-gpu-166 device  3 [0x70] NVIDIA B200
#  Rank 68 Group  0 Pid 200116 on use3a-ss-b200-gpu-166 device  4 [0x97] NVIDIA B200
#  Rank 69 Group  0 Pid 200117 on use3a-ss-b200-gpu-166 device  5 [0xba] NVIDIA B200
#  Rank 70 Group  0 Pid 200118 on use3a-ss-b200-gpu-166 device  6 [0xdc] NVIDIA B200
#  Rank 71 Group  0 Pid 200119 on use3a-ss-b200-gpu-166 device  7 [0xed] NVIDIA B200
#  Rank 72 Group  0 Pid 214557 on use3a-ss-b200-gpu-167 device  0 [0x17] NVIDIA B200
#  Rank 73 Group  0 Pid 214558 on use3a-ss-b200-gpu-167 device  1 [0x3d] NVIDIA B200
#  Rank 74 Group  0 Pid 214559 on use3a-ss-b200-gpu-167 device  2 [0x5f] NVIDIA B200
#  Rank 75 Group  0 Pid 214560 on use3a-ss-b200-gpu-167 device  3 [0x70] NVIDIA B200
#  Rank 76 Group  0 Pid 214561 on use3a-ss-b200-gpu-167 device  4 [0x97] NVIDIA B200
#  Rank 77 Group  0 Pid 214562 on use3a-ss-b200-gpu-167 device  5 [0xba] NVIDIA B200
#  Rank 78 Group  0 Pid 214563 on use3a-ss-b200-gpu-167 device  6 [0xdc] NVIDIA B200
#  Rank 79 Group  0 Pid 214564 on use3a-ss-b200-gpu-167 device  7 [0xed] NVIDIA B200
#  Rank 80 Group  0 Pid 200842 on use3a-ss-b200-gpu-168 device  0 [0x17] NVIDIA B200
#  Rank 81 Group  0 Pid 200843 on use3a-ss-b200-gpu-168 device  1 [0x3d] NVIDIA B200
#  Rank 82 Group  0 Pid 200844 on use3a-ss-b200-gpu-168 device  2 [0x5f] NVIDIA B200
#  Rank 83 Group  0 Pid 200845 on use3a-ss-b200-gpu-168 device  3 [0x70] NVIDIA B200
#  Rank 84 Group  0 Pid 200846 on use3a-ss-b200-gpu-168 device  4 [0x97] NVIDIA B200
#  Rank 85 Group  0 Pid 200847 on use3a-ss-b200-gpu-168 device  5 [0xba] NVIDIA B200
#  Rank 86 Group  0 Pid 200848 on use3a-ss-b200-gpu-168 device  6 [0xdc] NVIDIA B200
#  Rank 87 Group  0 Pid 200849 on use3a-ss-b200-gpu-168 device  7 [0xed] NVIDIA B200
#  Rank 88 Group  0 Pid 200905 on use3a-ss-b200-gpu-169 device  0 [0x17] NVIDIA B200
#  Rank 89 Group  0 Pid 200906 on use3a-ss-b200-gpu-169 device  1 [0x3d] NVIDIA B200
#  Rank 90 Group  0 Pid 200907 on use3a-ss-b200-gpu-169 device  2 [0x5f] NVIDIA B200
#  Rank 91 Group  0 Pid 200908 on use3a-ss-b200-gpu-169 device  3 [0x70] NVIDIA B200
#  Rank 92 Group  0 Pid 200909 on use3a-ss-b200-gpu-169 device  4 [0x97] NVIDIA B200
#  Rank 93 Group  0 Pid 200910 on use3a-ss-b200-gpu-169 device  5 [0xba] NVIDIA B200
#  Rank 94 Group  0 Pid 200911 on use3a-ss-b200-gpu-169 device  6 [0xdc] NVIDIA B200
#  Rank 95 Group  0 Pid 200912 on use3a-ss-b200-gpu-169 device  7 [0xed] NVIDIA B200
#  Rank 96 Group  0 Pid 177675 on use3a-ss-b200-gpu-170 device  0 [0x17] NVIDIA B200
#  Rank 97 Group  0 Pid 177676 on use3a-ss-b200-gpu-170 device  1 [0x3d] NVIDIA B200
#  Rank 98 Group  0 Pid 177677 on use3a-ss-b200-gpu-170 device  2 [0x5f] NVIDIA B200
#  Rank 99 Group  0 Pid 177678 on use3a-ss-b200-gpu-170 device  3 [0x70] NVIDIA B200
#  Rank 100 Group  0 Pid 177679 on use3a-ss-b200-gpu-170 device  4 [0x97] NVIDIA B200
#  Rank 101 Group  0 Pid 177680 on use3a-ss-b200-gpu-170 device  5 [0xba] NVIDIA B200
#  Rank 102 Group  0 Pid 177681 on use3a-ss-b200-gpu-170 device  6 [0xdc] NVIDIA B200
#  Rank 103 Group  0 Pid 177682 on use3a-ss-b200-gpu-170 device  7 [0xed] NVIDIA B200
#  Rank 104 Group  0 Pid 190079 on use3a-ss-b200-gpu-171 device  0 [0x17] NVIDIA B200
#  Rank 105 Group  0 Pid 190080 on use3a-ss-b200-gpu-171 device  1 [0x3d] NVIDIA B200
#  Rank 106 Group  0 Pid 190081 on use3a-ss-b200-gpu-171 device  2 [0x5f] NVIDIA B200
#  Rank 107 Group  0 Pid 190082 on use3a-ss-b200-gpu-171 device  3 [0x70] NVIDIA B200
#  Rank 108 Group  0 Pid 190083 on use3a-ss-b200-gpu-171 device  4 [0x97] NVIDIA B200
#  Rank 109 Group  0 Pid 190084 on use3a-ss-b200-gpu-171 device  5 [0xba] NVIDIA B200
#  Rank 110 Group  0 Pid 190085 on use3a-ss-b200-gpu-171 device  6 [0xdc] NVIDIA B200
#  Rank 111 Group  0 Pid 190086 on use3a-ss-b200-gpu-171 device  7 [0xed] NVIDIA B200
#  Rank 112 Group  0 Pid 202084 on use3a-ss-b200-gpu-172 device  0 [0x17] NVIDIA B200
#  Rank 113 Group  0 Pid 202085 on use3a-ss-b200-gpu-172 device  1 [0x3d] NVIDIA B200
#  Rank 114 Group  0 Pid 202086 on use3a-ss-b200-gpu-172 device  2 [0x5f] NVIDIA B200
#  Rank 115 Group  0 Pid 202087 on use3a-ss-b200-gpu-172 device  3 [0x70] NVIDIA B200
#  Rank 116 Group  0 Pid 202088 on use3a-ss-b200-gpu-172 device  4 [0x97] NVIDIA B200
#  Rank 117 Group  0 Pid 202089 on use3a-ss-b200-gpu-172 device  5 [0xba] NVIDIA B200
#  Rank 118 Group  0 Pid 202090 on use3a-ss-b200-gpu-172 device  6 [0xdc] NVIDIA B200
#  Rank 119 Group  0 Pid 202091 on use3a-ss-b200-gpu-172 device  7 [0xed] NVIDIA B200
#  Rank 120 Group  0 Pid 199294 on use3a-ss-b200-gpu-173 device  0 [0x17] NVIDIA B200
#  Rank 121 Group  0 Pid 199295 on use3a-ss-b200-gpu-173 device  1 [0x3d] NVIDIA B200
#  Rank 122 Group  0 Pid 199296 on use3a-ss-b200-gpu-173 device  2 [0x5f] NVIDIA B200
#  Rank 123 Group  0 Pid 199297 on use3a-ss-b200-gpu-173 device  3 [0x70] NVIDIA B200
#  Rank 124 Group  0 Pid 199298 on use3a-ss-b200-gpu-173 device  4 [0x97] NVIDIA B200
#  Rank 125 Group  0 Pid 199299 on use3a-ss-b200-gpu-173 device  5 [0xba] NVIDIA B200
#  Rank 126 Group  0 Pid 199300 on use3a-ss-b200-gpu-173 device  6 [0xdc] NVIDIA B200
#  Rank 127 Group  0 Pid 199301 on use3a-ss-b200-gpu-173 device  7 [0xed] NVIDIA B200
#  Rank 128 Group  0 Pid 199276 on use3a-ss-b200-gpu-174 device  0 [0x17] NVIDIA B200
#  Rank 129 Group  0 Pid 199277 on use3a-ss-b200-gpu-174 device  1 [0x3d] NVIDIA B200
#  Rank 130 Group  0 Pid 199278 on use3a-ss-b200-gpu-174 device  2 [0x5f] NVIDIA B200
#  Rank 131 Group  0 Pid 199279 on use3a-ss-b200-gpu-174 device  3 [0x70] NVIDIA B200
#  Rank 132 Group  0 Pid 199280 on use3a-ss-b200-gpu-174 device  4 [0x97] NVIDIA B200
#  Rank 133 Group  0 Pid 199281 on use3a-ss-b200-gpu-174 device  5 [0xba] NVIDIA B200
#  Rank 134 Group  0 Pid 199282 on use3a-ss-b200-gpu-174 device  6 [0xdc] NVIDIA B200
#  Rank 135 Group  0 Pid 199283 on use3a-ss-b200-gpu-174 device  7 [0xed] NVIDIA B200
#  Rank 136 Group  0 Pid 201896 on use3a-ss-b200-gpu-175 device  0 [0x17] NVIDIA B200
#  Rank 137 Group  0 Pid 201897 on use3a-ss-b200-gpu-175 device  1 [0x3d] NVIDIA B200
#  Rank 138 Group  0 Pid 201898 on use3a-ss-b200-gpu-175 device  2 [0x5f] NVIDIA B200
#  Rank 139 Group  0 Pid 201899 on use3a-ss-b200-gpu-175 device  3 [0x70] NVIDIA B200
#  Rank 140 Group  0 Pid 201900 on use3a-ss-b200-gpu-175 device  4 [0x97] NVIDIA B200
#  Rank 141 Group  0 Pid 201901 on use3a-ss-b200-gpu-175 device  5 [0xba] NVIDIA B200
#  Rank 142 Group  0 Pid 201902 on use3a-ss-b200-gpu-175 device  6 [0xdc] NVIDIA B200
#  Rank 143 Group  0 Pid 201903 on use3a-ss-b200-gpu-175 device  7 [0xed] NVIDIA B200
#  Rank 144 Group  0 Pid 199356 on use3a-ss-b200-gpu-176 device  0 [0x17] NVIDIA B200
#  Rank 145 Group  0 Pid 199357 on use3a-ss-b200-gpu-176 device  1 [0x3d] NVIDIA B200
#  Rank 146 Group  0 Pid 199358 on use3a-ss-b200-gpu-176 device  2 [0x5f] NVIDIA B200
#  Rank 147 Group  0 Pid 199359 on use3a-ss-b200-gpu-176 device  3 [0x70] NVIDIA B200
#  Rank 148 Group  0 Pid 199360 on use3a-ss-b200-gpu-176 device  4 [0x97] NVIDIA B200
#  Rank 149 Group  0 Pid 199361 on use3a-ss-b200-gpu-176 device  5 [0xba] NVIDIA B200
#  Rank 150 Group  0 Pid 199362 on use3a-ss-b200-gpu-176 device  6 [0xdc] NVIDIA B200
#  Rank 151 Group  0 Pid 199363 on use3a-ss-b200-gpu-176 device  7 [0xed] NVIDIA B200
#  Rank 152 Group  0 Pid 198485 on use3a-ss-b200-gpu-177 device  0 [0x17] NVIDIA B200
#  Rank 153 Group  0 Pid 198486 on use3a-ss-b200-gpu-177 device  1 [0x3d] NVIDIA B200
#  Rank 154 Group  0 Pid 198487 on use3a-ss-b200-gpu-177 device  2 [0x5f] NVIDIA B200
#  Rank 155 Group  0 Pid 198488 on use3a-ss-b200-gpu-177 device  3 [0x70] NVIDIA B200
#  Rank 156 Group  0 Pid 198489 on use3a-ss-b200-gpu-177 device  4 [0x97] NVIDIA B200
#  Rank 157 Group  0 Pid 198490 on use3a-ss-b200-gpu-177 device  5 [0xba] NVIDIA B200
#  Rank 158 Group  0 Pid 198491 on use3a-ss-b200-gpu-177 device  6 [0xdc] NVIDIA B200
#  Rank 159 Group  0 Pid 198492 on use3a-ss-b200-gpu-177 device  7 [0xed] NVIDIA B200
#  Rank 160 Group  0 Pid 188372 on use3a-ss-b200-gpu-178 device  0 [0x17] NVIDIA B200
#  Rank 161 Group  0 Pid 188373 on use3a-ss-b200-gpu-178 device  1 [0x3d] NVIDIA B200
#  Rank 162 Group  0 Pid 188374 on use3a-ss-b200-gpu-178 device  2 [0x5f] NVIDIA B200
#  Rank 163 Group  0 Pid 188375 on use3a-ss-b200-gpu-178 device  3 [0x70] NVIDIA B200
#  Rank 164 Group  0 Pid 188376 on use3a-ss-b200-gpu-178 device  4 [0x97] NVIDIA B200
#  Rank 165 Group  0 Pid 188377 on use3a-ss-b200-gpu-178 device  5 [0xba] NVIDIA B200
#  Rank 166 Group  0 Pid 188378 on use3a-ss-b200-gpu-178 device  6 [0xdc] NVIDIA B200
#  Rank 167 Group  0 Pid 188379 on use3a-ss-b200-gpu-178 device  7 [0xed] NVIDIA B200
#  Rank 168 Group  0 Pid 200113 on use3a-ss-b200-gpu-179 device  0 [0x17] NVIDIA B200
#  Rank 169 Group  0 Pid 200114 on use3a-ss-b200-gpu-179 device  1 [0x3d] NVIDIA B200
#  Rank 170 Group  0 Pid 200115 on use3a-ss-b200-gpu-179 device  2 [0x5f] NVIDIA B200
#  Rank 171 Group  0 Pid 200116 on use3a-ss-b200-gpu-179 device  3 [0x70] NVIDIA B200
#  Rank 172 Group  0 Pid 200117 on use3a-ss-b200-gpu-179 device  4 [0x97] NVIDIA B200
#  Rank 173 Group  0 Pid 200118 on use3a-ss-b200-gpu-179 device  5 [0xba] NVIDIA B200
#  Rank 174 Group  0 Pid 200119 on use3a-ss-b200-gpu-179 device  6 [0xdc] NVIDIA B200
#  Rank 175 Group  0 Pid 200120 on use3a-ss-b200-gpu-179 device  7 [0xed] NVIDIA B200
#  Rank 176 Group  0 Pid 198073 on use3a-ss-b200-gpu-180 device  0 [0x17] NVIDIA B200
#  Rank 177 Group  0 Pid 198074 on use3a-ss-b200-gpu-180 device  1 [0x3d] NVIDIA B200
#  Rank 178 Group  0 Pid 198075 on use3a-ss-b200-gpu-180 device  2 [0x5f] NVIDIA B200
#  Rank 179 Group  0 Pid 198076 on use3a-ss-b200-gpu-180 device  3 [0x70] NVIDIA B200
#  Rank 180 Group  0 Pid 198077 on use3a-ss-b200-gpu-180 device  4 [0x97] NVIDIA B200
#  Rank 181 Group  0 Pid 198078 on use3a-ss-b200-gpu-180 device  5 [0xba] NVIDIA B200
#  Rank 182 Group  0 Pid 198079 on use3a-ss-b200-gpu-180 device  6 [0xdc] NVIDIA B200
#  Rank 183 Group  0 Pid 198080 on use3a-ss-b200-gpu-180 device  7 [0xed] NVIDIA B200
#  Rank 184 Group  0 Pid 197466 on use3a-ss-b200-gpu-181 device  0 [0x17] NVIDIA B200
#  Rank 185 Group  0 Pid 197467 on use3a-ss-b200-gpu-181 device  1 [0x3d] NVIDIA B200
#  Rank 186 Group  0 Pid 197468 on use3a-ss-b200-gpu-181 device  2 [0x5f] NVIDIA B200
#  Rank 187 Group  0 Pid 197469 on use3a-ss-b200-gpu-181 device  3 [0x70] NVIDIA B200
#  Rank 188 Group  0 Pid 197470 on use3a-ss-b200-gpu-181 device  4 [0x97] NVIDIA B200
#  Rank 189 Group  0 Pid 197471 on use3a-ss-b200-gpu-181 device  5 [0xba] NVIDIA B200
#  Rank 190 Group  0 Pid 197472 on use3a-ss-b200-gpu-181 device  6 [0xdc] NVIDIA B200
#  Rank 191 Group  0 Pid 197473 on use3a-ss-b200-gpu-181 device  7 [0xed] NVIDIA B200
#  Rank 192 Group  0 Pid 197766 on use3a-ss-b200-gpu-182 device  0 [0x17] NVIDIA B200
#  Rank 193 Group  0 Pid 197767 on use3a-ss-b200-gpu-182 device  1 [0x3d] NVIDIA B200
#  Rank 194 Group  0 Pid 197768 on use3a-ss-b200-gpu-182 device  2 [0x5f] NVIDIA B200
#  Rank 195 Group  0 Pid 197769 on use3a-ss-b200-gpu-182 device  3 [0x70] NVIDIA B200
#  Rank 196 Group  0 Pid 197770 on use3a-ss-b200-gpu-182 device  4 [0x97] NVIDIA B200
#  Rank 197 Group  0 Pid 197771 on use3a-ss-b200-gpu-182 device  5 [0xba] NVIDIA B200
#  Rank 198 Group  0 Pid 197772 on use3a-ss-b200-gpu-182 device  6 [0xdc] NVIDIA B200
#  Rank 199 Group  0 Pid 197773 on use3a-ss-b200-gpu-182 device  7 [0xed] NVIDIA B200
#  Rank 200 Group  0 Pid 197586 on use3a-ss-b200-gpu-183 device  0 [0x17] NVIDIA B200
#  Rank 201 Group  0 Pid 197587 on use3a-ss-b200-gpu-183 device  1 [0x3d] NVIDIA B200
#  Rank 202 Group  0 Pid 197588 on use3a-ss-b200-gpu-183 device  2 [0x5f] NVIDIA B200
#  Rank 203 Group  0 Pid 197589 on use3a-ss-b200-gpu-183 device  3 [0x70] NVIDIA B200
#  Rank 204 Group  0 Pid 197590 on use3a-ss-b200-gpu-183 device  4 [0x97] NVIDIA B200
#  Rank 205 Group  0 Pid 197591 on use3a-ss-b200-gpu-183 device  5 [0xba] NVIDIA B200
#  Rank 206 Group  0 Pid 197592 on use3a-ss-b200-gpu-183 device  6 [0xdc] NVIDIA B200
#  Rank 207 Group  0 Pid 197593 on use3a-ss-b200-gpu-183 device  7 [0xed] NVIDIA B200
#  Rank 208 Group  0 Pid 197325 on use3a-ss-b200-gpu-184 device  0 [0x17] NVIDIA B200
#  Rank 209 Group  0 Pid 197326 on use3a-ss-b200-gpu-184 device  1 [0x3d] NVIDIA B200
#  Rank 210 Group  0 Pid 197327 on use3a-ss-b200-gpu-184 device  2 [0x5f] NVIDIA B200
#  Rank 211 Group  0 Pid 197328 on use3a-ss-b200-gpu-184 device  3 [0x70] NVIDIA B200
#  Rank 212 Group  0 Pid 197329 on use3a-ss-b200-gpu-184 device  4 [0x97] NVIDIA B200
#  Rank 213 Group  0 Pid 197330 on use3a-ss-b200-gpu-184 device  5 [0xba] NVIDIA B200
#  Rank 214 Group  0 Pid 197331 on use3a-ss-b200-gpu-184 device  6 [0xdc] NVIDIA B200
#  Rank 215 Group  0 Pid 197332 on use3a-ss-b200-gpu-184 device  7 [0xed] NVIDIA B200
#  Rank 216 Group  0 Pid 214852 on use3a-ss-b200-gpu-185 device  0 [0x17] NVIDIA B200
#  Rank 217 Group  0 Pid 214853 on use3a-ss-b200-gpu-185 device  1 [0x3d] NVIDIA B200
#  Rank 218 Group  0 Pid 214854 on use3a-ss-b200-gpu-185 device  2 [0x5f] NVIDIA B200
#  Rank 219 Group  0 Pid 214855 on use3a-ss-b200-gpu-185 device  3 [0x70] NVIDIA B200
#  Rank 220 Group  0 Pid 214856 on use3a-ss-b200-gpu-185 device  4 [0x97] NVIDIA B200
#  Rank 221 Group  0 Pid 214857 on use3a-ss-b200-gpu-185 device  5 [0xba] NVIDIA B200
#  Rank 222 Group  0 Pid 214858 on use3a-ss-b200-gpu-185 device  6 [0xdc] NVIDIA B200
#  Rank 223 Group  0 Pid 214859 on use3a-ss-b200-gpu-185 device  7 [0xed] NVIDIA B200
#  Rank 224 Group  0 Pid 195533 on use3a-ss-b200-gpu-186 device  0 [0x17] NVIDIA B200
#  Rank 225 Group  0 Pid 195534 on use3a-ss-b200-gpu-186 device  1 [0x3d] NVIDIA B200
#  Rank 226 Group  0 Pid 195535 on use3a-ss-b200-gpu-186 device  2 [0x5f] NVIDIA B200
#  Rank 227 Group  0 Pid 195536 on use3a-ss-b200-gpu-186 device  3 [0x70] NVIDIA B200
#  Rank 228 Group  0 Pid 195537 on use3a-ss-b200-gpu-186 device  4 [0x97] NVIDIA B200
#  Rank 229 Group  0 Pid 195538 on use3a-ss-b200-gpu-186 device  5 [0xba] NVIDIA B200
#  Rank 230 Group  0 Pid 195539 on use3a-ss-b200-gpu-186 device  6 [0xdc] NVIDIA B200
#  Rank 231 Group  0 Pid 195540 on use3a-ss-b200-gpu-186 device  7 [0xed] NVIDIA B200
#  Rank 232 Group  0 Pid 204343 on use3a-ss-b200-gpu-187 device  0 [0x17] NVIDIA B200
#  Rank 233 Group  0 Pid 204344 on use3a-ss-b200-gpu-187 device  1 [0x3d] NVIDIA B200
#  Rank 234 Group  0 Pid 204345 on use3a-ss-b200-gpu-187 device  2 [0x5f] NVIDIA B200
#  Rank 235 Group  0 Pid 204346 on use3a-ss-b200-gpu-187 device  3 [0x70] NVIDIA B200
#  Rank 236 Group  0 Pid 204347 on use3a-ss-b200-gpu-187 device  4 [0x97] NVIDIA B200
#  Rank 237 Group  0 Pid 204348 on use3a-ss-b200-gpu-187 device  5 [0xba] NVIDIA B200
#  Rank 238 Group  0 Pid 204349 on use3a-ss-b200-gpu-187 device  6 [0xdc] NVIDIA B200
#  Rank 239 Group  0 Pid 204350 on use3a-ss-b200-gpu-187 device  7 [0xed] NVIDIA B200
#  Rank 240 Group  0 Pid 195223 on use3a-ss-b200-gpu-188 device  0 [0x17] NVIDIA B200
#  Rank 241 Group  0 Pid 195224 on use3a-ss-b200-gpu-188 device  1 [0x3d] NVIDIA B200
#  Rank 242 Group  0 Pid 195225 on use3a-ss-b200-gpu-188 device  2 [0x5f] NVIDIA B200
#  Rank 243 Group  0 Pid 195226 on use3a-ss-b200-gpu-188 device  3 [0x70] NVIDIA B200
#  Rank 244 Group  0 Pid 195227 on use3a-ss-b200-gpu-188 device  4 [0x97] NVIDIA B200
#  Rank 245 Group  0 Pid 195228 on use3a-ss-b200-gpu-188 device  5 [0xba] NVIDIA B200
#  Rank 246 Group  0 Pid 195229 on use3a-ss-b200-gpu-188 device  6 [0xdc] NVIDIA B200
#  Rank 247 Group  0 Pid 195230 on use3a-ss-b200-gpu-188 device  7 [0xed] NVIDIA B200
#  Rank 248 Group  0 Pid 204627 on use3a-ss-b200-gpu-189 device  0 [0x17] NVIDIA B200
#  Rank 249 Group  0 Pid 204628 on use3a-ss-b200-gpu-189 device  1 [0x3d] NVIDIA B200
#  Rank 250 Group  0 Pid 204629 on use3a-ss-b200-gpu-189 device  2 [0x5f] NVIDIA B200
#  Rank 251 Group  0 Pid 204630 on use3a-ss-b200-gpu-189 device  3 [0x70] NVIDIA B200
#  Rank 252 Group  0 Pid 204631 on use3a-ss-b200-gpu-189 device  4 [0x97] NVIDIA B200
#  Rank 253 Group  0 Pid 204632 on use3a-ss-b200-gpu-189 device  5 [0xba] NVIDIA B200
#  Rank 254 Group  0 Pid 204633 on use3a-ss-b200-gpu-189 device  6 [0xdc] NVIDIA B200
#  Rank 255 Group  0 Pid 204634 on use3a-ss-b200-gpu-189 device  7 [0xed] NVIDIA B200
#  Rank 256 Group  0 Pid 195134 on use3a-ss-b200-gpu-190 device  0 [0x17] NVIDIA B200
#  Rank 257 Group  0 Pid 195135 on use3a-ss-b200-gpu-190 device  1 [0x3d] NVIDIA B200
#  Rank 258 Group  0 Pid 195136 on use3a-ss-b200-gpu-190 device  2 [0x5f] NVIDIA B200
#  Rank 259 Group  0 Pid 195137 on use3a-ss-b200-gpu-190 device  3 [0x70] NVIDIA B200
#  Rank 260 Group  0 Pid 195138 on use3a-ss-b200-gpu-190 device  4 [0x97] NVIDIA B200
#  Rank 261 Group  0 Pid 195139 on use3a-ss-b200-gpu-190 device  5 [0xba] NVIDIA B200
#  Rank 262 Group  0 Pid 195140 on use3a-ss-b200-gpu-190 device  6 [0xdc] NVIDIA B200
#  Rank 263 Group  0 Pid 195141 on use3a-ss-b200-gpu-190 device  7 [0xed] NVIDIA B200
#  Rank 264 Group  0 Pid 168776 on use3a-ss-b200-gpu-195 device  0 [0x17] NVIDIA B200
#  Rank 265 Group  0 Pid 168777 on use3a-ss-b200-gpu-195 device  1 [0x3d] NVIDIA B200
#  Rank 266 Group  0 Pid 168778 on use3a-ss-b200-gpu-195 device  2 [0x5f] NVIDIA B200
#  Rank 267 Group  0 Pid 168779 on use3a-ss-b200-gpu-195 device  3 [0x70] NVIDIA B200
#  Rank 268 Group  0 Pid 168780 on use3a-ss-b200-gpu-195 device  4 [0x97] NVIDIA B200
#  Rank 269 Group  0 Pid 168781 on use3a-ss-b200-gpu-195 device  5 [0xba] NVIDIA B200
#  Rank 270 Group  0 Pid 168782 on use3a-ss-b200-gpu-195 device  6 [0xdc] NVIDIA B200
#  Rank 271 Group  0 Pid 168783 on use3a-ss-b200-gpu-195 device  7 [0xed] NVIDIA B200
#  Rank 272 Group  0 Pid 160999 on use3a-ss-b200-gpu-196 device  0 [0x17] NVIDIA B200
#  Rank 273 Group  0 Pid 161000 on use3a-ss-b200-gpu-196 device  1 [0x3d] NVIDIA B200
#  Rank 274 Group  0 Pid 161001 on use3a-ss-b200-gpu-196 device  2 [0x5f] NVIDIA B200
#  Rank 275 Group  0 Pid 161002 on use3a-ss-b200-gpu-196 device  3 [0x70] NVIDIA B200
#  Rank 276 Group  0 Pid 161003 on use3a-ss-b200-gpu-196 device  4 [0x97] NVIDIA B200
#  Rank 277 Group  0 Pid 161004 on use3a-ss-b200-gpu-196 device  5 [0xba] NVIDIA B200
#  Rank 278 Group  0 Pid 161005 on use3a-ss-b200-gpu-196 device  6 [0xdc] NVIDIA B200
#  Rank 279 Group  0 Pid 161006 on use3a-ss-b200-gpu-196 device  7 [0xed] NVIDIA B200
#  Rank 280 Group  0 Pid 160816 on use3a-ss-b200-gpu-197 device  0 [0x17] NVIDIA B200
#  Rank 281 Group  0 Pid 160817 on use3a-ss-b200-gpu-197 device  1 [0x3d] NVIDIA B200
#  Rank 282 Group  0 Pid 160818 on use3a-ss-b200-gpu-197 device  2 [0x5f] NVIDIA B200
#  Rank 283 Group  0 Pid 160819 on use3a-ss-b200-gpu-197 device  3 [0x70] NVIDIA B200
#  Rank 284 Group  0 Pid 160820 on use3a-ss-b200-gpu-197 device  4 [0x97] NVIDIA B200
#  Rank 285 Group  0 Pid 160821 on use3a-ss-b200-gpu-197 device  5 [0xba] NVIDIA B200
#  Rank 286 Group  0 Pid 160822 on use3a-ss-b200-gpu-197 device  6 [0xdc] NVIDIA B200
#  Rank 287 Group  0 Pid 160823 on use3a-ss-b200-gpu-197 device  7 [0xed] NVIDIA B200
#  Rank 288 Group  0 Pid 155792 on use3a-ss-b200-gpu-198 device  0 [0x17] NVIDIA B200
#  Rank 289 Group  0 Pid 155793 on use3a-ss-b200-gpu-198 device  1 [0x3d] NVIDIA B200
#  Rank 290 Group  0 Pid 155794 on use3a-ss-b200-gpu-198 device  2 [0x5f] NVIDIA B200
#  Rank 291 Group  0 Pid 155795 on use3a-ss-b200-gpu-198 device  3 [0x70] NVIDIA B200
#  Rank 292 Group  0 Pid 155796 on use3a-ss-b200-gpu-198 device  4 [0x97] NVIDIA B200
#  Rank 293 Group  0 Pid 155797 on use3a-ss-b200-gpu-198 device  5 [0xba] NVIDIA B200
#  Rank 294 Group  0 Pid 155798 on use3a-ss-b200-gpu-198 device  6 [0xdc] NVIDIA B200
#  Rank 295 Group  0 Pid 155799 on use3a-ss-b200-gpu-198 device  7 [0xed] NVIDIA B200
#  Rank 296 Group  0 Pid 154639 on use3a-ss-b200-gpu-199 device  0 [0x17] NVIDIA B200
#  Rank 297 Group  0 Pid 154640 on use3a-ss-b200-gpu-199 device  1 [0x3d] NVIDIA B200
#  Rank 298 Group  0 Pid 154641 on use3a-ss-b200-gpu-199 device  2 [0x5f] NVIDIA B200
#  Rank 299 Group  0 Pid 154642 on use3a-ss-b200-gpu-199 device  3 [0x70] NVIDIA B200
#  Rank 300 Group  0 Pid 154643 on use3a-ss-b200-gpu-199 device  4 [0x97] NVIDIA B200
#  Rank 301 Group  0 Pid 154644 on use3a-ss-b200-gpu-199 device  5 [0xba] NVIDIA B200
#  Rank 302 Group  0 Pid 154645 on use3a-ss-b200-gpu-199 device  6 [0xdc] NVIDIA B200
#  Rank 303 Group  0 Pid 154646 on use3a-ss-b200-gpu-199 device  7 [0xed] NVIDIA B200
#  Rank 304 Group  0 Pid 167027 on use3a-ss-b200-gpu-200 device  0 [0x17] NVIDIA B200
#  Rank 305 Group  0 Pid 167028 on use3a-ss-b200-gpu-200 device  1 [0x3d] NVIDIA B200
#  Rank 306 Group  0 Pid 167029 on use3a-ss-b200-gpu-200 device  2 [0x5f] NVIDIA B200
#  Rank 307 Group  0 Pid 167030 on use3a-ss-b200-gpu-200 device  3 [0x70] NVIDIA B200
#  Rank 308 Group  0 Pid 167031 on use3a-ss-b200-gpu-200 device  4 [0x97] NVIDIA B200
#  Rank 309 Group  0 Pid 167032 on use3a-ss-b200-gpu-200 device  5 [0xba] NVIDIA B200
#  Rank 310 Group  0 Pid 167033 on use3a-ss-b200-gpu-200 device  6 [0xdc] NVIDIA B200
#  Rank 311 Group  0 Pid 167034 on use3a-ss-b200-gpu-200 device  7 [0xed] NVIDIA B200
#  Rank 312 Group  0 Pid 165480 on use3a-ss-b200-gpu-201 device  0 [0x17] NVIDIA B200
#  Rank 313 Group  0 Pid 165481 on use3a-ss-b200-gpu-201 device  1 [0x3d] NVIDIA B200
#  Rank 314 Group  0 Pid 165482 on use3a-ss-b200-gpu-201 device  2 [0x5f] NVIDIA B200
#  Rank 315 Group  0 Pid 165483 on use3a-ss-b200-gpu-201 device  3 [0x70] NVIDIA B200
#  Rank 316 Group  0 Pid 165484 on use3a-ss-b200-gpu-201 device  4 [0x97] NVIDIA B200
#  Rank 317 Group  0 Pid 165485 on use3a-ss-b200-gpu-201 device  5 [0xba] NVIDIA B200
#  Rank 318 Group  0 Pid 165486 on use3a-ss-b200-gpu-201 device  6 [0xdc] NVIDIA B200
#  Rank 319 Group  0 Pid 165487 on use3a-ss-b200-gpu-201 device  7 [0xed] NVIDIA B200
#  Rank 320 Group  0 Pid 173189 on use3a-ss-b200-gpu-202 device  0 [0x17] NVIDIA B200
#  Rank 321 Group  0 Pid 173190 on use3a-ss-b200-gpu-202 device  1 [0x3d] NVIDIA B200
#  Rank 322 Group  0 Pid 173191 on use3a-ss-b200-gpu-202 device  2 [0x5f] NVIDIA B200
#  Rank 323 Group  0 Pid 173192 on use3a-ss-b200-gpu-202 device  3 [0x70] NVIDIA B200
#  Rank 324 Group  0 Pid 173193 on use3a-ss-b200-gpu-202 device  4 [0x97] NVIDIA B200
#  Rank 325 Group  0 Pid 173194 on use3a-ss-b200-gpu-202 device  5 [0xba] NVIDIA B200
#  Rank 326 Group  0 Pid 173195 on use3a-ss-b200-gpu-202 device  6 [0xdc] NVIDIA B200
#  Rank 327 Group  0 Pid 173196 on use3a-ss-b200-gpu-202 device  7 [0xed] NVIDIA B200
#  Rank 328 Group  0 Pid 165320 on use3a-ss-b200-gpu-203 device  0 [0x17] NVIDIA B200
#  Rank 329 Group  0 Pid 165321 on use3a-ss-b200-gpu-203 device  1 [0x3d] NVIDIA B200
#  Rank 330 Group  0 Pid 165322 on use3a-ss-b200-gpu-203 device  2 [0x5f] NVIDIA B200
#  Rank 331 Group  0 Pid 165323 on use3a-ss-b200-gpu-203 device  3 [0x70] NVIDIA B200
#  Rank 332 Group  0 Pid 165324 on use3a-ss-b200-gpu-203 device  4 [0x97] NVIDIA B200
#  Rank 333 Group  0 Pid 165325 on use3a-ss-b200-gpu-203 device  5 [0xba] NVIDIA B200
#  Rank 334 Group  0 Pid 165326 on use3a-ss-b200-gpu-203 device  6 [0xdc] NVIDIA B200
#  Rank 335 Group  0 Pid 165327 on use3a-ss-b200-gpu-203 device  7 [0xed] NVIDIA B200
#  Rank 336 Group  0 Pid 150291 on use3a-ss-b200-gpu-204 device  0 [0x17] NVIDIA B200
#  Rank 337 Group  0 Pid 150292 on use3a-ss-b200-gpu-204 device  1 [0x3d] NVIDIA B200
#  Rank 338 Group  0 Pid 150293 on use3a-ss-b200-gpu-204 device  2 [0x5f] NVIDIA B200
#  Rank 339 Group  0 Pid 150294 on use3a-ss-b200-gpu-204 device  3 [0x70] NVIDIA B200
#  Rank 340 Group  0 Pid 150295 on use3a-ss-b200-gpu-204 device  4 [0x97] NVIDIA B200
#  Rank 341 Group  0 Pid 150296 on use3a-ss-b200-gpu-204 device  5 [0xba] NVIDIA B200
#  Rank 342 Group  0 Pid 150297 on use3a-ss-b200-gpu-204 device  6 [0xdc] NVIDIA B200
#  Rank 343 Group  0 Pid 150298 on use3a-ss-b200-gpu-204 device  7 [0xed] NVIDIA B200
#  Rank 344 Group  0 Pid 146772 on use3a-ss-b200-gpu-205 device  0 [0x17] NVIDIA B200
#  Rank 345 Group  0 Pid 146773 on use3a-ss-b200-gpu-205 device  1 [0x3d] NVIDIA B200
#  Rank 346 Group  0 Pid 146774 on use3a-ss-b200-gpu-205 device  2 [0x5f] NVIDIA B200
#  Rank 347 Group  0 Pid 146775 on use3a-ss-b200-gpu-205 device  3 [0x70] NVIDIA B200
#  Rank 348 Group  0 Pid 146776 on use3a-ss-b200-gpu-205 device  4 [0x97] NVIDIA B200
#  Rank 349 Group  0 Pid 146777 on use3a-ss-b200-gpu-205 device  5 [0xba] NVIDIA B200
#  Rank 350 Group  0 Pid 146778 on use3a-ss-b200-gpu-205 device  6 [0xdc] NVIDIA B200
#  Rank 351 Group  0 Pid 146779 on use3a-ss-b200-gpu-205 device  7 [0xed] NVIDIA B200
#  Rank 352 Group  0 Pid 156855 on use3a-ss-b200-gpu-209 device  0 [0x17] NVIDIA B200
#  Rank 353 Group  0 Pid 156856 on use3a-ss-b200-gpu-209 device  1 [0x3d] NVIDIA B200
#  Rank 354 Group  0 Pid 156857 on use3a-ss-b200-gpu-209 device  2 [0x5f] NVIDIA B200
#  Rank 355 Group  0 Pid 156858 on use3a-ss-b200-gpu-209 device  3 [0x70] NVIDIA B200
#  Rank 356 Group  0 Pid 156859 on use3a-ss-b200-gpu-209 device  4 [0x97] NVIDIA B200
#  Rank 357 Group  0 Pid 156860 on use3a-ss-b200-gpu-209 device  5 [0xba] NVIDIA B200
#  Rank 358 Group  0 Pid 156861 on use3a-ss-b200-gpu-209 device  6 [0xdc] NVIDIA B200
#  Rank 359 Group  0 Pid 156862 on use3a-ss-b200-gpu-209 device  7 [0xed] NVIDIA B200
#  Rank 360 Group  0 Pid 158734 on use3a-ss-b200-gpu-210 device  0 [0x17] NVIDIA B200
#  Rank 361 Group  0 Pid 158735 on use3a-ss-b200-gpu-210 device  1 [0x3d] NVIDIA B200
#  Rank 362 Group  0 Pid 158736 on use3a-ss-b200-gpu-210 device  2 [0x5f] NVIDIA B200
#  Rank 363 Group  0 Pid 158737 on use3a-ss-b200-gpu-210 device  3 [0x70] NVIDIA B200
#  Rank 364 Group  0 Pid 158738 on use3a-ss-b200-gpu-210 device  4 [0x97] NVIDIA B200
#  Rank 365 Group  0 Pid 158739 on use3a-ss-b200-gpu-210 device  5 [0xba] NVIDIA B200
#  Rank 366 Group  0 Pid 158740 on use3a-ss-b200-gpu-210 device  6 [0xdc] NVIDIA B200
#  Rank 367 Group  0 Pid 158741 on use3a-ss-b200-gpu-210 device  7 [0xed] NVIDIA B200
#  Rank 368 Group  0 Pid 150077 on use3a-ss-b200-gpu-211 device  0 [0x17] NVIDIA B200
#  Rank 369 Group  0 Pid 150078 on use3a-ss-b200-gpu-211 device  1 [0x3d] NVIDIA B200
#  Rank 370 Group  0 Pid 150079 on use3a-ss-b200-gpu-211 device  2 [0x5f] NVIDIA B200
#  Rank 371 Group  0 Pid 150080 on use3a-ss-b200-gpu-211 device  3 [0x70] NVIDIA B200
#  Rank 372 Group  0 Pid 150081 on use3a-ss-b200-gpu-211 device  4 [0x97] NVIDIA B200
#  Rank 373 Group  0 Pid 150082 on use3a-ss-b200-gpu-211 device  5 [0xba] NVIDIA B200
#  Rank 374 Group  0 Pid 150083 on use3a-ss-b200-gpu-211 device  6 [0xdc] NVIDIA B200
#  Rank 375 Group  0 Pid 150084 on use3a-ss-b200-gpu-211 device  7 [0xed] NVIDIA B200
#  Rank 376 Group  0 Pid 130536 on use3a-ss-b200-gpu-212 device  0 [0x17] NVIDIA B200
#  Rank 377 Group  0 Pid 130537 on use3a-ss-b200-gpu-212 device  1 [0x3d] NVIDIA B200
#  Rank 378 Group  0 Pid 130538 on use3a-ss-b200-gpu-212 device  2 [0x5f] NVIDIA B200
#  Rank 379 Group  0 Pid 130539 on use3a-ss-b200-gpu-212 device  3 [0x70] NVIDIA B200
#  Rank 380 Group  0 Pid 130540 on use3a-ss-b200-gpu-212 device  4 [0x97] NVIDIA B200
#  Rank 381 Group  0 Pid 130541 on use3a-ss-b200-gpu-212 device  5 [0xba] NVIDIA B200
#  Rank 382 Group  0 Pid 130542 on use3a-ss-b200-gpu-212 device  6 [0xdc] NVIDIA B200
#  Rank 383 Group  0 Pid 130543 on use3a-ss-b200-gpu-212 device  7 [0xed] NVIDIA B200
#  Rank 384 Group  0 Pid 167213 on use3a-ss-b200-gpu-213 device  0 [0x17] NVIDIA B200
#  Rank 385 Group  0 Pid 167214 on use3a-ss-b200-gpu-213 device  1 [0x3d] NVIDIA B200
#  Rank 386 Group  0 Pid 167215 on use3a-ss-b200-gpu-213 device  2 [0x5f] NVIDIA B200
#  Rank 387 Group  0 Pid 167216 on use3a-ss-b200-gpu-213 device  3 [0x70] NVIDIA B200
#  Rank 388 Group  0 Pid 167217 on use3a-ss-b200-gpu-213 device  4 [0x97] NVIDIA B200
#  Rank 389 Group  0 Pid 167218 on use3a-ss-b200-gpu-213 device  5 [0xba] NVIDIA B200
#  Rank 390 Group  0 Pid 167219 on use3a-ss-b200-gpu-213 device  6 [0xdc] NVIDIA B200
#  Rank 391 Group  0 Pid 167220 on use3a-ss-b200-gpu-213 device  7 [0xed] NVIDIA B200
#  Rank 392 Group  0 Pid 168398 on use3a-ss-b200-gpu-214 device  0 [0x17] NVIDIA B200
#  Rank 393 Group  0 Pid 168399 on use3a-ss-b200-gpu-214 device  1 [0x3d] NVIDIA B200
#  Rank 394 Group  0 Pid 168400 on use3a-ss-b200-gpu-214 device  2 [0x5f] NVIDIA B200
#  Rank 395 Group  0 Pid 168401 on use3a-ss-b200-gpu-214 device  3 [0x70] NVIDIA B200
#  Rank 396 Group  0 Pid 168402 on use3a-ss-b200-gpu-214 device  4 [0x97] NVIDIA B200
#  Rank 397 Group  0 Pid 168403 on use3a-ss-b200-gpu-214 device  5 [0xba] NVIDIA B200
#  Rank 398 Group  0 Pid 168404 on use3a-ss-b200-gpu-214 device  6 [0xdc] NVIDIA B200
#  Rank 399 Group  0 Pid 168405 on use3a-ss-b200-gpu-214 device  7 [0xed] NVIDIA B200
#  Rank 400 Group  0 Pid 166210 on use3a-ss-b200-gpu-215 device  0 [0x17] NVIDIA B200
#  Rank 401 Group  0 Pid 166211 on use3a-ss-b200-gpu-215 device  1 [0x3d] NVIDIA B200
#  Rank 402 Group  0 Pid 166212 on use3a-ss-b200-gpu-215 device  2 [0x5f] NVIDIA B200
#  Rank 403 Group  0 Pid 166213 on use3a-ss-b200-gpu-215 device  3 [0x70] NVIDIA B200
#  Rank 404 Group  0 Pid 166214 on use3a-ss-b200-gpu-215 device  4 [0x97] NVIDIA B200
#  Rank 405 Group  0 Pid 166215 on use3a-ss-b200-gpu-215 device  5 [0xba] NVIDIA B200
#  Rank 406 Group  0 Pid 166216 on use3a-ss-b200-gpu-215 device  6 [0xdc] NVIDIA B200
#  Rank 407 Group  0 Pid 166217 on use3a-ss-b200-gpu-215 device  7 [0xed] NVIDIA B200
#  Rank 408 Group  0 Pid 169259 on use3a-ss-b200-gpu-216 device  0 [0x17] NVIDIA B200
#  Rank 409 Group  0 Pid 169260 on use3a-ss-b200-gpu-216 device  1 [0x3d] NVIDIA B200
#  Rank 410 Group  0 Pid 169261 on use3a-ss-b200-gpu-216 device  2 [0x5f] NVIDIA B200
#  Rank 411 Group  0 Pid 169262 on use3a-ss-b200-gpu-216 device  3 [0x70] NVIDIA B200
#  Rank 412 Group  0 Pid 169263 on use3a-ss-b200-gpu-216 device  4 [0x97] NVIDIA B200
#  Rank 413 Group  0 Pid 169264 on use3a-ss-b200-gpu-216 device  5 [0xba] NVIDIA B200
#  Rank 414 Group  0 Pid 169265 on use3a-ss-b200-gpu-216 device  6 [0xdc] NVIDIA B200
#  Rank 415 Group  0 Pid 169266 on use3a-ss-b200-gpu-216 device  7 [0xed] NVIDIA B200
#  Rank 416 Group  0 Pid 166972 on use3a-ss-b200-gpu-217 device  0 [0x17] NVIDIA B200
#  Rank 417 Group  0 Pid 166973 on use3a-ss-b200-gpu-217 device  1 [0x3d] NVIDIA B200
#  Rank 418 Group  0 Pid 166974 on use3a-ss-b200-gpu-217 device  2 [0x5f] NVIDIA B200
#  Rank 419 Group  0 Pid 166975 on use3a-ss-b200-gpu-217 device  3 [0x70] NVIDIA B200
#  Rank 420 Group  0 Pid 166976 on use3a-ss-b200-gpu-217 device  4 [0x97] NVIDIA B200
#  Rank 421 Group  0 Pid 166977 on use3a-ss-b200-gpu-217 device  5 [0xba] NVIDIA B200
#  Rank 422 Group  0 Pid 166978 on use3a-ss-b200-gpu-217 device  6 [0xdc] NVIDIA B200
#  Rank 423 Group  0 Pid 166979 on use3a-ss-b200-gpu-217 device  7 [0xed] NVIDIA B200
#  Rank 424 Group  0 Pid 167736 on use3a-ss-b200-gpu-226 device  0 [0x17] NVIDIA B200
#  Rank 425 Group  0 Pid 167737 on use3a-ss-b200-gpu-226 device  1 [0x3d] NVIDIA B200
#  Rank 426 Group  0 Pid 167738 on use3a-ss-b200-gpu-226 device  2 [0x5f] NVIDIA B200
#  Rank 427 Group  0 Pid 167739 on use3a-ss-b200-gpu-226 device  3 [0x70] NVIDIA B200
#  Rank 428 Group  0 Pid 167740 on use3a-ss-b200-gpu-226 device  4 [0x97] NVIDIA B200
#  Rank 429 Group  0 Pid 167741 on use3a-ss-b200-gpu-226 device  5 [0xba] NVIDIA B200
#  Rank 430 Group  0 Pid 167742 on use3a-ss-b200-gpu-226 device  6 [0xdc] NVIDIA B200
#  Rank 431 Group  0 Pid 167743 on use3a-ss-b200-gpu-226 device  7 [0xed] NVIDIA B200
#  Rank 432 Group  0 Pid 144533 on use3a-ss-b200-gpu-227 device  0 [0x17] NVIDIA B200
#  Rank 433 Group  0 Pid 144534 on use3a-ss-b200-gpu-227 device  1 [0x3d] NVIDIA B200
#  Rank 434 Group  0 Pid 144535 on use3a-ss-b200-gpu-227 device  2 [0x5f] NVIDIA B200
#  Rank 435 Group  0 Pid 144536 on use3a-ss-b200-gpu-227 device  3 [0x70] NVIDIA B200
#  Rank 436 Group  0 Pid 144537 on use3a-ss-b200-gpu-227 device  4 [0x97] NVIDIA B200
#  Rank 437 Group  0 Pid 144538 on use3a-ss-b200-gpu-227 device  5 [0xba] NVIDIA B200
#  Rank 438 Group  0 Pid 144539 on use3a-ss-b200-gpu-227 device  6 [0xdc] NVIDIA B200
#  Rank 439 Group  0 Pid 144540 on use3a-ss-b200-gpu-227 device  7 [0xed] NVIDIA B200
#  Rank 440 Group  0 Pid 161877 on use3a-ss-b200-gpu-228 device  0 [0x17] NVIDIA B200
#  Rank 441 Group  0 Pid 161878 on use3a-ss-b200-gpu-228 device  1 [0x3d] NVIDIA B200
#  Rank 442 Group  0 Pid 161879 on use3a-ss-b200-gpu-228 device  2 [0x5f] NVIDIA B200
#  Rank 443 Group  0 Pid 161880 on use3a-ss-b200-gpu-228 device  3 [0x70] NVIDIA B200
#  Rank 444 Group  0 Pid 161881 on use3a-ss-b200-gpu-228 device  4 [0x97] NVIDIA B200
#  Rank 445 Group  0 Pid 161882 on use3a-ss-b200-gpu-228 device  5 [0xba] NVIDIA B200
#  Rank 446 Group  0 Pid 161883 on use3a-ss-b200-gpu-228 device  6 [0xdc] NVIDIA B200
#  Rank 447 Group  0 Pid 161884 on use3a-ss-b200-gpu-228 device  7 [0xed] NVIDIA B200
#  Rank 448 Group  0 Pid 158234 on use3a-ss-b200-gpu-229 device  0 [0x17] NVIDIA B200
#  Rank 449 Group  0 Pid 158235 on use3a-ss-b200-gpu-229 device  1 [0x3d] NVIDIA B200
#  Rank 450 Group  0 Pid 158236 on use3a-ss-b200-gpu-229 device  2 [0x5f] NVIDIA B200
#  Rank 451 Group  0 Pid 158237 on use3a-ss-b200-gpu-229 device  3 [0x70] NVIDIA B200
#  Rank 452 Group  0 Pid 158238 on use3a-ss-b200-gpu-229 device  4 [0x97] NVIDIA B200
#  Rank 453 Group  0 Pid 158239 on use3a-ss-b200-gpu-229 device  5 [0xba] NVIDIA B200
#  Rank 454 Group  0 Pid 158240 on use3a-ss-b200-gpu-229 device  6 [0xdc] NVIDIA B200
#  Rank 455 Group  0 Pid 158241 on use3a-ss-b200-gpu-229 device  7 [0xed] NVIDIA B200
#  Rank 456 Group  0 Pid 159031 on use3a-ss-b200-gpu-230 device  0 [0x17] NVIDIA B200
#  Rank 457 Group  0 Pid 159032 on use3a-ss-b200-gpu-230 device  1 [0x3d] NVIDIA B200
#  Rank 458 Group  0 Pid 159033 on use3a-ss-b200-gpu-230 device  2 [0x5f] NVIDIA B200
#  Rank 459 Group  0 Pid 159034 on use3a-ss-b200-gpu-230 device  3 [0x70] NVIDIA B200
#  Rank 460 Group  0 Pid 159035 on use3a-ss-b200-gpu-230 device  4 [0x97] NVIDIA B200
#  Rank 461 Group  0 Pid 159036 on use3a-ss-b200-gpu-230 device  5 [0xba] NVIDIA B200
#  Rank 462 Group  0 Pid 159037 on use3a-ss-b200-gpu-230 device  6 [0xdc] NVIDIA B200
#  Rank 463 Group  0 Pid 159038 on use3a-ss-b200-gpu-230 device  7 [0xed] NVIDIA B200
#  Rank 464 Group  0 Pid 106511 on use3a-ss-b200-gpu-233 device  0 [0x17] NVIDIA B200
#  Rank 465 Group  0 Pid 106512 on use3a-ss-b200-gpu-233 device  1 [0x3d] NVIDIA B200
#  Rank 466 Group  0 Pid 106513 on use3a-ss-b200-gpu-233 device  2 [0x5f] NVIDIA B200
#  Rank 467 Group  0 Pid 106514 on use3a-ss-b200-gpu-233 device  3 [0x70] NVIDIA B200
#  Rank 468 Group  0 Pid 106515 on use3a-ss-b200-gpu-233 device  4 [0x97] NVIDIA B200
#  Rank 469 Group  0 Pid 106516 on use3a-ss-b200-gpu-233 device  5 [0xba] NVIDIA B200
#  Rank 470 Group  0 Pid 106517 on use3a-ss-b200-gpu-233 device  6 [0xdc] NVIDIA B200
#  Rank 471 Group  0 Pid 106518 on use3a-ss-b200-gpu-233 device  7 [0xed] NVIDIA B200
#  Rank 472 Group  0 Pid 107600 on use3a-ss-b200-gpu-234 device  0 [0x17] NVIDIA B200
#  Rank 473 Group  0 Pid 107601 on use3a-ss-b200-gpu-234 device  1 [0x3d] NVIDIA B200
#  Rank 474 Group  0 Pid 107602 on use3a-ss-b200-gpu-234 device  2 [0x5f] NVIDIA B200
#  Rank 475 Group  0 Pid 107603 on use3a-ss-b200-gpu-234 device  3 [0x70] NVIDIA B200
#  Rank 476 Group  0 Pid 107604 on use3a-ss-b200-gpu-234 device  4 [0x97] NVIDIA B200
#  Rank 477 Group  0 Pid 107605 on use3a-ss-b200-gpu-234 device  5 [0xba] NVIDIA B200
#  Rank 478 Group  0 Pid 107606 on use3a-ss-b200-gpu-234 device  6 [0xdc] NVIDIA B200
#  Rank 479 Group  0 Pid 107607 on use3a-ss-b200-gpu-234 device  7 [0xed] NVIDIA B200
#  Rank 480 Group  0 Pid 107843 on use3a-ss-b200-gpu-235 device  0 [0x17] NVIDIA B200
#  Rank 481 Group  0 Pid 107844 on use3a-ss-b200-gpu-235 device  1 [0x3d] NVIDIA B200
#  Rank 482 Group  0 Pid 107845 on use3a-ss-b200-gpu-235 device  2 [0x5f] NVIDIA B200
#  Rank 483 Group  0 Pid 107846 on use3a-ss-b200-gpu-235 device  3 [0x70] NVIDIA B200
#  Rank 484 Group  0 Pid 107847 on use3a-ss-b200-gpu-235 device  4 [0x97] NVIDIA B200
#  Rank 485 Group  0 Pid 107848 on use3a-ss-b200-gpu-235 device  5 [0xba] NVIDIA B200
#  Rank 486 Group  0 Pid 107849 on use3a-ss-b200-gpu-235 device  6 [0xdc] NVIDIA B200
#  Rank 487 Group  0 Pid 107850 on use3a-ss-b200-gpu-235 device  7 [0xed] NVIDIA B200
#  Rank 488 Group  0 Pid 115638 on use3a-ss-b200-gpu-238 device  0 [0x17] NVIDIA B200
#  Rank 489 Group  0 Pid 115639 on use3a-ss-b200-gpu-238 device  1 [0x3d] NVIDIA B200
#  Rank 490 Group  0 Pid 115640 on use3a-ss-b200-gpu-238 device  2 [0x5f] NVIDIA B200
#  Rank 491 Group  0 Pid 115641 on use3a-ss-b200-gpu-238 device  3 [0x70] NVIDIA B200
#  Rank 492 Group  0 Pid 115642 on use3a-ss-b200-gpu-238 device  4 [0x97] NVIDIA B200
#  Rank 493 Group  0 Pid 115643 on use3a-ss-b200-gpu-238 device  5 [0xba] NVIDIA B200
#  Rank 494 Group  0 Pid 115644 on use3a-ss-b200-gpu-238 device  6 [0xdc] NVIDIA B200
#  Rank 495 Group  0 Pid 115645 on use3a-ss-b200-gpu-238 device  7 [0xed] NVIDIA B200
#  Rank 496 Group  0 Pid 107989 on use3a-ss-b200-gpu-239 device  0 [0x17] NVIDIA B200
#  Rank 497 Group  0 Pid 107990 on use3a-ss-b200-gpu-239 device  1 [0x3d] NVIDIA B200
#  Rank 498 Group  0 Pid 107991 on use3a-ss-b200-gpu-239 device  2 [0x5f] NVIDIA B200
#  Rank 499 Group  0 Pid 107992 on use3a-ss-b200-gpu-239 device  3 [0x70] NVIDIA B200
#  Rank 500 Group  0 Pid 107993 on use3a-ss-b200-gpu-239 device  4 [0x97] NVIDIA B200
#  Rank 501 Group  0 Pid 107994 on use3a-ss-b200-gpu-239 device  5 [0xba] NVIDIA B200
#  Rank 502 Group  0 Pid 107995 on use3a-ss-b200-gpu-239 device  6 [0xdc] NVIDIA B200
#  Rank 503 Group  0 Pid 107996 on use3a-ss-b200-gpu-239 device  7 [0xed] NVIDIA B200
#  Rank 504 Group  0 Pid 728262 on use3a-ss-b200-gpu-256 device  0 [0x17] NVIDIA B200
#  Rank 505 Group  0 Pid 728263 on use3a-ss-b200-gpu-256 device  1 [0x3d] NVIDIA B200
#  Rank 506 Group  0 Pid 728264 on use3a-ss-b200-gpu-256 device  2 [0x5f] NVIDIA B200
#  Rank 507 Group  0 Pid 728265 on use3a-ss-b200-gpu-256 device  3 [0x70] NVIDIA B200
#  Rank 508 Group  0 Pid 728266 on use3a-ss-b200-gpu-256 device  4 [0x97] NVIDIA B200
#  Rank 509 Group  0 Pid 728267 on use3a-ss-b200-gpu-256 device  5 [0xba] NVIDIA B200
#  Rank 510 Group  0 Pid 728268 on use3a-ss-b200-gpu-256 device  6 [0xdc] NVIDIA B200
#  Rank 511 Group  0 Pid 728269 on use3a-ss-b200-gpu-256 device  7 [0xed] NVIDIA B200
NCCL version 2.29.7+cuda12.9
#
#                                                              out-of-place                       in-place          
#       size         count      type   redop    root     time   algbw   busbw #wrong     time   algbw   busbw #wrong
#        (B)    (elements)                               (us)  (GB/s)  (GB/s)            (us)  (GB/s)  (GB/s)       
        1024           256     float     sum      -1    33.02    0.03    0.03      0    29.84    0.03    0.03    N/A
        2048           512     float     sum      -1    29.48    0.07    0.07      0    29.10    0.07    0.07    N/A
        4096          1024     float     sum      -1    29.76    0.14    0.14      0    28.69    0.14    0.14    N/A
        8192          2048     float     sum      -1    29.57    0.28    0.28      0    29.77    0.28    0.28    N/A
       16384          4096     float     sum      -1    31.88    0.51    0.51      0    32.17    0.51    0.51    N/A
       32768          8192     float     sum      -1    33.44    0.98    0.98      0    33.45    0.98    0.98    N/A
       65536         16384     float     sum      -1    40.96    1.60    1.60      0    41.21    1.59    1.59    N/A
      131072         32768     float     sum      -1    43.04    3.05    3.05      0    43.94    2.98    2.98    N/A
      262144         65536     float     sum      -1    56.02    4.68    4.68      0    56.00    4.68    4.68    N/A
      524288        131072     float     sum      -1    80.89    6.48    6.48      0    80.33    6.53    6.53    N/A
     1048576        262144     float     sum      -1    99.53   10.53   10.53      0    99.52   10.54   10.54    N/A
     2097152        524288     float     sum      -1    172.0   12.19   12.19      0    171.3   12.24   12.24    N/A
     4194304       1048576     float     sum      -1    311.5   13.46   13.46      0    308.9   13.58   13.58    N/A
     8388608       2097152     float     sum      -1    591.2   14.19   14.19      0    586.0   14.32   14.32    N/A
    16777216       4194304     float     sum      -1   1158.1   14.49   14.49      0   1144.3   14.66   14.66    N/A
    33554432       8388608     float     sum      -1   2293.8   14.63   14.63      0   2279.2   14.72   14.72    N/A
    67108864      16777216     float     sum      -1   4567.6   14.69   14.69      0   4509.5   14.88   14.88    N/A
   134217728      33554432     float     sum      -1   9090.8   14.76   14.76      0   8993.6   14.92   14.92    N/A
   268435456      67108864     float     sum      -1    18151   14.79   14.79      0    18013   14.90   14.90    N/A
# Out of bounds values : 0 OK
# Avg bus bandwidth    : 7.47672 
#


>>> SendRecv at 64MB (405B activation tensor) — 512 GPUs...
# nThread 1 nGpus 1 minBytes 67108864 maxBytes 67108864 step: 1048576(bytes) warmup iters: 5 iters: 50 agg iters: 1 validation: 1 graph: 0
#
# Using devices
#  Rank  0 Group  0 Pid 186765 on use3a-ss-b200-gpu-145 device  0 [0x17] NVIDIA B200
#  Rank  1 Group  0 Pid 186766 on use3a-ss-b200-gpu-145 device  1 [0x3d] NVIDIA B200
#  Rank  2 Group  0 Pid 186767 on use3a-ss-b200-gpu-145 device  2 [0x5f] NVIDIA B200
#  Rank  3 Group  0 Pid 186768 on use3a-ss-b200-gpu-145 device  3 [0x70] NVIDIA B200
#  Rank  4 Group  0 Pid 186769 on use3a-ss-b200-gpu-145 device  4 [0x97] NVIDIA B200
#  Rank  5 Group  0 Pid 186770 on use3a-ss-b200-gpu-145 device  5 [0xba] NVIDIA B200
#  Rank  6 Group  0 Pid 186771 on use3a-ss-b200-gpu-145 device  6 [0xdc] NVIDIA B200
#  Rank  7 Group  0 Pid 186772 on use3a-ss-b200-gpu-145 device  7 [0xed] NVIDIA B200
#  Rank  8 Group  0 Pid 147029 on use3a-ss-b200-gpu-146 device  0 [0x17] NVIDIA B200
#  Rank  9 Group  0 Pid 147030 on use3a-ss-b200-gpu-146 device  1 [0x3d] NVIDIA B200
#  Rank 10 Group  0 Pid 147031 on use3a-ss-b200-gpu-146 device  2 [0x5f] NVIDIA B200
#  Rank 11 Group  0 Pid 147032 on use3a-ss-b200-gpu-146 device  3 [0x70] NVIDIA B200
#  Rank 12 Group  0 Pid 147033 on use3a-ss-b200-gpu-146 device  4 [0x97] NVIDIA B200
#  Rank 13 Group  0 Pid 147034 on use3a-ss-b200-gpu-146 device  5 [0xba] NVIDIA B200
#  Rank 14 Group  0 Pid 147035 on use3a-ss-b200-gpu-146 device  6 [0xdc] NVIDIA B200
#  Rank 15 Group  0 Pid 147036 on use3a-ss-b200-gpu-146 device  7 [0xed] NVIDIA B200
#  Rank 16 Group  0 Pid 171984 on use3a-ss-b200-gpu-160 device  0 [0x17] NVIDIA B200
#  Rank 17 Group  0 Pid 171985 on use3a-ss-b200-gpu-160 device  1 [0x3d] NVIDIA B200
#  Rank 18 Group  0 Pid 171986 on use3a-ss-b200-gpu-160 device  2 [0x5f] NVIDIA B200
#  Rank 19 Group  0 Pid 171987 on use3a-ss-b200-gpu-160 device  3 [0x70] NVIDIA B200
#  Rank 20 Group  0 Pid 171988 on use3a-ss-b200-gpu-160 device  4 [0x97] NVIDIA B200
#  Rank 21 Group  0 Pid 171989 on use3a-ss-b200-gpu-160 device  5 [0xba] NVIDIA B200
#  Rank 22 Group  0 Pid 171990 on use3a-ss-b200-gpu-160 device  6 [0xdc] NVIDIA B200
#  Rank 23 Group  0 Pid 171991 on use3a-ss-b200-gpu-160 device  7 [0xed] NVIDIA B200
#  Rank 24 Group  0 Pid 183707 on use3a-ss-b200-gpu-161 device  0 [0x17] NVIDIA B200
#  Rank 25 Group  0 Pid 183708 on use3a-ss-b200-gpu-161 device  1 [0x3d] NVIDIA B200
#  Rank 26 Group  0 Pid 183709 on use3a-ss-b200-gpu-161 device  2 [0x5f] NVIDIA B200
#  Rank 27 Group  0 Pid 183710 on use3a-ss-b200-gpu-161 device  3 [0x70] NVIDIA B200
#  Rank 28 Group  0 Pid 183711 on use3a-ss-b200-gpu-161 device  4 [0x97] NVIDIA B200
#  Rank 29 Group  0 Pid 183712 on use3a-ss-b200-gpu-161 device  5 [0xba] NVIDIA B200
#  Rank 30 Group  0 Pid 183713 on use3a-ss-b200-gpu-161 device  6 [0xdc] NVIDIA B200
#  Rank 31 Group  0 Pid 183714 on use3a-ss-b200-gpu-161 device  7 [0xed] NVIDIA B200
#  Rank 32 Group  0 Pid 200527 on use3a-ss-b200-gpu-162 device  0 [0x17] NVIDIA B200
#  Rank 33 Group  0 Pid 200528 on use3a-ss-b200-gpu-162 device  1 [0x3d] NVIDIA B200
#  Rank 34 Group  0 Pid 200529 on use3a-ss-b200-gpu-162 device  2 [0x5f] NVIDIA B200
#  Rank 35 Group  0 Pid 200530 on use3a-ss-b200-gpu-162 device  3 [0x70] NVIDIA B200
#  Rank 36 Group  0 Pid 200531 on use3a-ss-b200-gpu-162 device  4 [0x97] NVIDIA B200
#  Rank 37 Group  0 Pid 200532 on use3a-ss-b200-gpu-162 device  5 [0xba] NVIDIA B200
#  Rank 38 Group  0 Pid 200533 on use3a-ss-b200-gpu-162 device  6 [0xdc] NVIDIA B200
#  Rank 39 Group  0 Pid 200534 on use3a-ss-b200-gpu-162 device  7 [0xed] NVIDIA B200
#  Rank 40 Group  0 Pid 200382 on use3a-ss-b200-gpu-163 device  0 [0x17] NVIDIA B200
#  Rank 41 Group  0 Pid 200383 on use3a-ss-b200-gpu-163 device  1 [0x3d] NVIDIA B200
#  Rank 42 Group  0 Pid 200384 on use3a-ss-b200-gpu-163 device  2 [0x5f] NVIDIA B200
#  Rank 43 Group  0 Pid 200385 on use3a-ss-b200-gpu-163 device  3 [0x70] NVIDIA B200
#  Rank 44 Group  0 Pid 200386 on use3a-ss-b200-gpu-163 device  4 [0x97] NVIDIA B200
#  Rank 45 Group  0 Pid 200387 on use3a-ss-b200-gpu-163 device  5 [0xba] NVIDIA B200
#  Rank 46 Group  0 Pid 200388 on use3a-ss-b200-gpu-163 device  6 [0xdc] NVIDIA B200
#  Rank 47 Group  0 Pid 200389 on use3a-ss-b200-gpu-163 device  7 [0xed] NVIDIA B200
#  Rank 48 Group  0 Pid 200427 on use3a-ss-b200-gpu-164 device  0 [0x17] NVIDIA B200
#  Rank 49 Group  0 Pid 200428 on use3a-ss-b200-gpu-164 device  1 [0x3d] NVIDIA B200
#  Rank 50 Group  0 Pid 200429 on use3a-ss-b200-gpu-164 device  2 [0x5f] NVIDIA B200
#  Rank 51 Group  0 Pid 200430 on use3a-ss-b200-gpu-164 device  3 [0x70] NVIDIA B200
#  Rank 52 Group  0 Pid 200431 on use3a-ss-b200-gpu-164 device  4 [0x97] NVIDIA B200
#  Rank 53 Group  0 Pid 200432 on use3a-ss-b200-gpu-164 device  5 [0xba] NVIDIA B200
#  Rank 54 Group  0 Pid 200433 on use3a-ss-b200-gpu-164 device  6 [0xdc] NVIDIA B200
#  Rank 55 Group  0 Pid 200434 on use3a-ss-b200-gpu-164 device  7 [0xed] NVIDIA B200
#  Rank 56 Group  0 Pid 200323 on use3a-ss-b200-gpu-165 device  0 [0x17] NVIDIA B200
#  Rank 57 Group  0 Pid 200324 on use3a-ss-b200-gpu-165 device  1 [0x3d] NVIDIA B200
#  Rank 58 Group  0 Pid 200325 on use3a-ss-b200-gpu-165 device  2 [0x5f] NVIDIA B200
#  Rank 59 Group  0 Pid 200326 on use3a-ss-b200-gpu-165 device  3 [0x70] NVIDIA B200
#  Rank 60 Group  0 Pid 200327 on use3a-ss-b200-gpu-165 device  4 [0x97] NVIDIA B200
#  Rank 61 Group  0 Pid 200328 on use3a-ss-b200-gpu-165 device  5 [0xba] NVIDIA B200
#  Rank 62 Group  0 Pid 200329 on use3a-ss-b200-gpu-165 device  6 [0xdc] NVIDIA B200
#  Rank 63 Group  0 Pid 200330 on use3a-ss-b200-gpu-165 device  7 [0xed] NVIDIA B200
#  Rank 64 Group  0 Pid 200507 on use3a-ss-b200-gpu-166 device  0 [0x17] NVIDIA B200
#  Rank 65 Group  0 Pid 200508 on use3a-ss-b200-gpu-166 device  1 [0x3d] NVIDIA B200
#  Rank 66 Group  0 Pid 200509 on use3a-ss-b200-gpu-166 device  2 [0x5f] NVIDIA B200
#  Rank 67 Group  0 Pid 200510 on use3a-ss-b200-gpu-166 device  3 [0x70] NVIDIA B200
#  Rank 68 Group  0 Pid 200511 on use3a-ss-b200-gpu-166 device  4 [0x97] NVIDIA B200
#  Rank 69 Group  0 Pid 200512 on use3a-ss-b200-gpu-166 device  5 [0xba] NVIDIA B200
#  Rank 70 Group  0 Pid 200513 on use3a-ss-b200-gpu-166 device  6 [0xdc] NVIDIA B200
#  Rank 71 Group  0 Pid 200514 on use3a-ss-b200-gpu-166 device  7 [0xed] NVIDIA B200
#  Rank 72 Group  0 Pid 214957 on use3a-ss-b200-gpu-167 device  0 [0x17] NVIDIA B200
#  Rank 73 Group  0 Pid 214958 on use3a-ss-b200-gpu-167 device  1 [0x3d] NVIDIA B200
#  Rank 74 Group  0 Pid 214959 on use3a-ss-b200-gpu-167 device  2 [0x5f] NVIDIA B200
#  Rank 75 Group  0 Pid 214960 on use3a-ss-b200-gpu-167 device  3 [0x70] NVIDIA B200
#  Rank 76 Group  0 Pid 214961 on use3a-ss-b200-gpu-167 device  4 [0x97] NVIDIA B200
#  Rank 77 Group  0 Pid 214962 on use3a-ss-b200-gpu-167 device  5 [0xba] NVIDIA B200
#  Rank 78 Group  0 Pid 214963 on use3a-ss-b200-gpu-167 device  6 [0xdc] NVIDIA B200
#  Rank 79 Group  0 Pid 214964 on use3a-ss-b200-gpu-167 device  7 [0xed] NVIDIA B200
#  Rank 80 Group  0 Pid 201254 on use3a-ss-b200-gpu-168 device  0 [0x17] NVIDIA B200
#  Rank 81 Group  0 Pid 201255 on use3a-ss-b200-gpu-168 device  1 [0x3d] NVIDIA B200
#  Rank 82 Group  0 Pid 201256 on use3a-ss-b200-gpu-168 device  2 [0x5f] NVIDIA B200
#  Rank 83 Group  0 Pid 201257 on use3a-ss-b200-gpu-168 device  3 [0x70] NVIDIA B200
#  Rank 84 Group  0 Pid 201258 on use3a-ss-b200-gpu-168 device  4 [0x97] NVIDIA B200
#  Rank 85 Group  0 Pid 201259 on use3a-ss-b200-gpu-168 device  5 [0xba] NVIDIA B200
#  Rank 86 Group  0 Pid 201260 on use3a-ss-b200-gpu-168 device  6 [0xdc] NVIDIA B200
#  Rank 87 Group  0 Pid 201261 on use3a-ss-b200-gpu-168 device  7 [0xed] NVIDIA B200
#  Rank 88 Group  0 Pid 201305 on use3a-ss-b200-gpu-169 device  0 [0x17] NVIDIA B200
#  Rank 89 Group  0 Pid 201306 on use3a-ss-b200-gpu-169 device  1 [0x3d] NVIDIA B200
#  Rank 90 Group  0 Pid 201307 on use3a-ss-b200-gpu-169 device  2 [0x5f] NVIDIA B200
#  Rank 91 Group  0 Pid 201308 on use3a-ss-b200-gpu-169 device  3 [0x70] NVIDIA B200
#  Rank 92 Group  0 Pid 201309 on use3a-ss-b200-gpu-169 device  4 [0x97] NVIDIA B200
#  Rank 93 Group  0 Pid 201310 on use3a-ss-b200-gpu-169 device  5 [0xba] NVIDIA B200
#  Rank 94 Group  0 Pid 201311 on use3a-ss-b200-gpu-169 device  6 [0xdc] NVIDIA B200
#  Rank 95 Group  0 Pid 201312 on use3a-ss-b200-gpu-169 device  7 [0xed] NVIDIA B200
#  Rank 96 Group  0 Pid 178068 on use3a-ss-b200-gpu-170 device  0 [0x17] NVIDIA B200
#  Rank 97 Group  0 Pid 178069 on use3a-ss-b200-gpu-170 device  1 [0x3d] NVIDIA B200
#  Rank 98 Group  0 Pid 178070 on use3a-ss-b200-gpu-170 device  2 [0x5f] NVIDIA B200
#  Rank 99 Group  0 Pid 178071 on use3a-ss-b200-gpu-170 device  3 [0x70] NVIDIA B200
#  Rank 100 Group  0 Pid 178072 on use3a-ss-b200-gpu-170 device  4 [0x97] NVIDIA B200
#  Rank 101 Group  0 Pid 178073 on use3a-ss-b200-gpu-170 device  5 [0xba] NVIDIA B200
#  Rank 102 Group  0 Pid 178074 on use3a-ss-b200-gpu-170 device  6 [0xdc] NVIDIA B200
#  Rank 103 Group  0 Pid 178075 on use3a-ss-b200-gpu-170 device  7 [0xed] NVIDIA B200
#  Rank 104 Group  0 Pid 190476 on use3a-ss-b200-gpu-171 device  0 [0x17] NVIDIA B200
#  Rank 105 Group  0 Pid 190477 on use3a-ss-b200-gpu-171 device  1 [0x3d] NVIDIA B200
#  Rank 106 Group  0 Pid 190478 on use3a-ss-b200-gpu-171 device  2 [0x5f] NVIDIA B200
#  Rank 107 Group  0 Pid 190479 on use3a-ss-b200-gpu-171 device  3 [0x70] NVIDIA B200
#  Rank 108 Group  0 Pid 190480 on use3a-ss-b200-gpu-171 device  4 [0x97] NVIDIA B200
#  Rank 109 Group  0 Pid 190481 on use3a-ss-b200-gpu-171 device  5 [0xba] NVIDIA B200
#  Rank 110 Group  0 Pid 190482 on use3a-ss-b200-gpu-171 device  6 [0xdc] NVIDIA B200
#  Rank 111 Group  0 Pid 190483 on use3a-ss-b200-gpu-171 device  7 [0xed] NVIDIA B200
#  Rank 112 Group  0 Pid 202480 on use3a-ss-b200-gpu-172 device  0 [0x17] NVIDIA B200
#  Rank 113 Group  0 Pid 202481 on use3a-ss-b200-gpu-172 device  1 [0x3d] NVIDIA B200
#  Rank 114 Group  0 Pid 202482 on use3a-ss-b200-gpu-172 device  2 [0x5f] NVIDIA B200
#  Rank 115 Group  0 Pid 202483 on use3a-ss-b200-gpu-172 device  3 [0x70] NVIDIA B200
#  Rank 116 Group  0 Pid 202484 on use3a-ss-b200-gpu-172 device  4 [0x97] NVIDIA B200
#  Rank 117 Group  0 Pid 202485 on use3a-ss-b200-gpu-172 device  5 [0xba] NVIDIA B200
#  Rank 118 Group  0 Pid 202486 on use3a-ss-b200-gpu-172 device  6 [0xdc] NVIDIA B200
#  Rank 119 Group  0 Pid 202487 on use3a-ss-b200-gpu-172 device  7 [0xed] NVIDIA B200
#  Rank 120 Group  0 Pid 199689 on use3a-ss-b200-gpu-173 device  0 [0x17] NVIDIA B200
#  Rank 121 Group  0 Pid 199690 on use3a-ss-b200-gpu-173 device  1 [0x3d] NVIDIA B200
#  Rank 122 Group  0 Pid 199691 on use3a-ss-b200-gpu-173 device  2 [0x5f] NVIDIA B200
#  Rank 123 Group  0 Pid 199692 on use3a-ss-b200-gpu-173 device  3 [0x70] NVIDIA B200
#  Rank 124 Group  0 Pid 199693 on use3a-ss-b200-gpu-173 device  4 [0x97] NVIDIA B200
#  Rank 125 Group  0 Pid 199694 on use3a-ss-b200-gpu-173 device  5 [0xba] NVIDIA B200
#  Rank 126 Group  0 Pid 199695 on use3a-ss-b200-gpu-173 device  6 [0xdc] NVIDIA B200
#  Rank 127 Group  0 Pid 199696 on use3a-ss-b200-gpu-173 device  7 [0xed] NVIDIA B200
#  Rank 128 Group  0 Pid 199671 on use3a-ss-b200-gpu-174 device  0 [0x17] NVIDIA B200
#  Rank 129 Group  0 Pid 199672 on use3a-ss-b200-gpu-174 device  1 [0x3d] NVIDIA B200
#  Rank 130 Group  0 Pid 199673 on use3a-ss-b200-gpu-174 device  2 [0x5f] NVIDIA B200
#  Rank 131 Group  0 Pid 199674 on use3a-ss-b200-gpu-174 device  3 [0x70] NVIDIA B200
#  Rank 132 Group  0 Pid 199675 on use3a-ss-b200-gpu-174 device  4 [0x97] NVIDIA B200
#  Rank 133 Group  0 Pid 199676 on use3a-ss-b200-gpu-174 device  5 [0xba] NVIDIA B200
#  Rank 134 Group  0 Pid 199677 on use3a-ss-b200-gpu-174 device  6 [0xdc] NVIDIA B200
#  Rank 135 Group  0 Pid 199678 on use3a-ss-b200-gpu-174 device  7 [0xed] NVIDIA B200
#  Rank 136 Group  0 Pid 202308 on use3a-ss-b200-gpu-175 device  0 [0x17] NVIDIA B200
#  Rank 137 Group  0 Pid 202309 on use3a-ss-b200-gpu-175 device  1 [0x3d] NVIDIA B200
#  Rank 138 Group  0 Pid 202310 on use3a-ss-b200-gpu-175 device  2 [0x5f] NVIDIA B200
#  Rank 139 Group  0 Pid 202311 on use3a-ss-b200-gpu-175 device  3 [0x70] NVIDIA B200
#  Rank 140 Group  0 Pid 202312 on use3a-ss-b200-gpu-175 device  4 [0x97] NVIDIA B200
#  Rank 141 Group  0 Pid 202313 on use3a-ss-b200-gpu-175 device  5 [0xba] NVIDIA B200
#  Rank 142 Group  0 Pid 202314 on use3a-ss-b200-gpu-175 device  6 [0xdc] NVIDIA B200
#  Rank 143 Group  0 Pid 202315 on use3a-ss-b200-gpu-175 device  7 [0xed] NVIDIA B200
#  Rank 144 Group  0 Pid 199796 on use3a-ss-b200-gpu-176 device  0 [0x17] NVIDIA B200
#  Rank 145 Group  0 Pid 199797 on use3a-ss-b200-gpu-176 device  1 [0x3d] NVIDIA B200
#  Rank 146 Group  0 Pid 199798 on use3a-ss-b200-gpu-176 device  2 [0x5f] NVIDIA B200
#  Rank 147 Group  0 Pid 199799 on use3a-ss-b200-gpu-176 device  3 [0x70] NVIDIA B200
#  Rank 148 Group  0 Pid 199800 on use3a-ss-b200-gpu-176 device  4 [0x97] NVIDIA B200
#  Rank 149 Group  0 Pid 199801 on use3a-ss-b200-gpu-176 device  5 [0xba] NVIDIA B200
#  Rank 150 Group  0 Pid 199802 on use3a-ss-b200-gpu-176 device  6 [0xdc] NVIDIA B200
#  Rank 151 Group  0 Pid 199803 on use3a-ss-b200-gpu-176 device  7 [0xed] NVIDIA B200
#  Rank 152 Group  0 Pid 198889 on use3a-ss-b200-gpu-177 device  0 [0x17] NVIDIA B200
#  Rank 153 Group  0 Pid 198890 on use3a-ss-b200-gpu-177 device  1 [0x3d] NVIDIA B200
#  Rank 154 Group  0 Pid 198891 on use3a-ss-b200-gpu-177 device  2 [0x5f] NVIDIA B200
#  Rank 155 Group  0 Pid 198892 on use3a-ss-b200-gpu-177 device  3 [0x70] NVIDIA B200
#  Rank 156 Group  0 Pid 198893 on use3a-ss-b200-gpu-177 device  4 [0x97] NVIDIA B200
#  Rank 157 Group  0 Pid 198894 on use3a-ss-b200-gpu-177 device  5 [0xba] NVIDIA B200
#  Rank 158 Group  0 Pid 198895 on use3a-ss-b200-gpu-177 device  6 [0xdc] NVIDIA B200
#  Rank 159 Group  0 Pid 198896 on use3a-ss-b200-gpu-177 device  7 [0xed] NVIDIA B200
#  Rank 160 Group  0 Pid 188767 on use3a-ss-b200-gpu-178 device  0 [0x17] NVIDIA B200
#  Rank 161 Group  0 Pid 188768 on use3a-ss-b200-gpu-178 device  1 [0x3d] NVIDIA B200
#  Rank 162 Group  0 Pid 188769 on use3a-ss-b200-gpu-178 device  2 [0x5f] NVIDIA B200
#  Rank 163 Group  0 Pid 188770 on use3a-ss-b200-gpu-178 device  3 [0x70] NVIDIA B200
#  Rank 164 Group  0 Pid 188771 on use3a-ss-b200-gpu-178 device  4 [0x97] NVIDIA B200
#  Rank 165 Group  0 Pid 188772 on use3a-ss-b200-gpu-178 device  5 [0xba] NVIDIA B200
#  Rank 166 Group  0 Pid 188773 on use3a-ss-b200-gpu-178 device  6 [0xdc] NVIDIA B200
#  Rank 167 Group  0 Pid 188774 on use3a-ss-b200-gpu-178 device  7 [0xed] NVIDIA B200
#  Rank 168 Group  0 Pid 200508 on use3a-ss-b200-gpu-179 device  0 [0x17] NVIDIA B200
#  Rank 169 Group  0 Pid 200509 on use3a-ss-b200-gpu-179 device  1 [0x3d] NVIDIA B200
#  Rank 170 Group  0 Pid 200510 on use3a-ss-b200-gpu-179 device  2 [0x5f] NVIDIA B200
#  Rank 171 Group  0 Pid 200511 on use3a-ss-b200-gpu-179 device  3 [0x70] NVIDIA B200
#  Rank 172 Group  0 Pid 200512 on use3a-ss-b200-gpu-179 device  4 [0x97] NVIDIA B200
#  Rank 173 Group  0 Pid 200513 on use3a-ss-b200-gpu-179 device  5 [0xba] NVIDIA B200
#  Rank 174 Group  0 Pid 200514 on use3a-ss-b200-gpu-179 device  6 [0xdc] NVIDIA B200
#  Rank 175 Group  0 Pid 200515 on use3a-ss-b200-gpu-179 device  7 [0xed] NVIDIA B200
#  Rank 176 Group  0 Pid 198470 on use3a-ss-b200-gpu-180 device  0 [0x17] NVIDIA B200
#  Rank 177 Group  0 Pid 198471 on use3a-ss-b200-gpu-180 device  1 [0x3d] NVIDIA B200
#  Rank 178 Group  0 Pid 198472 on use3a-ss-b200-gpu-180 device  2 [0x5f] NVIDIA B200
#  Rank 179 Group  0 Pid 198473 on use3a-ss-b200-gpu-180 device  3 [0x70] NVIDIA B200
#  Rank 180 Group  0 Pid 198474 on use3a-ss-b200-gpu-180 device  4 [0x97] NVIDIA B200
#  Rank 181 Group  0 Pid 198475 on use3a-ss-b200-gpu-180 device  5 [0xba] NVIDIA B200
#  Rank 182 Group  0 Pid 198476 on use3a-ss-b200-gpu-180 device  6 [0xdc] NVIDIA B200
#  Rank 183 Group  0 Pid 198477 on use3a-ss-b200-gpu-180 device  7 [0xed] NVIDIA B200
#  Rank 184 Group  0 Pid 197860 on use3a-ss-b200-gpu-181 device  0 [0x17] NVIDIA B200
#  Rank 185 Group  0 Pid 197861 on use3a-ss-b200-gpu-181 device  1 [0x3d] NVIDIA B200
#  Rank 186 Group  0 Pid 197862 on use3a-ss-b200-gpu-181 device  2 [0x5f] NVIDIA B200
#  Rank 187 Group  0 Pid 197863 on use3a-ss-b200-gpu-181 device  3 [0x70] NVIDIA B200
#  Rank 188 Group  0 Pid 197864 on use3a-ss-b200-gpu-181 device  4 [0x97] NVIDIA B200
#  Rank 189 Group  0 Pid 197865 on use3a-ss-b200-gpu-181 device  5 [0xba] NVIDIA B200
#  Rank 190 Group  0 Pid 197866 on use3a-ss-b200-gpu-181 device  6 [0xdc] NVIDIA B200
#  Rank 191 Group  0 Pid 197867 on use3a-ss-b200-gpu-181 device  7 [0xed] NVIDIA B200
#  Rank 192 Group  0 Pid 198162 on use3a-ss-b200-gpu-182 device  0 [0x17] NVIDIA B200
#  Rank 193 Group  0 Pid 198163 on use3a-ss-b200-gpu-182 device  1 [0x3d] NVIDIA B200
#  Rank 194 Group  0 Pid 198164 on use3a-ss-b200-gpu-182 device  2 [0x5f] NVIDIA B200
#  Rank 195 Group  0 Pid 198165 on use3a-ss-b200-gpu-182 device  3 [0x70] NVIDIA B200
#  Rank 196 Group  0 Pid 198166 on use3a-ss-b200-gpu-182 device  4 [0x97] NVIDIA B200
#  Rank 197 Group  0 Pid 198167 on use3a-ss-b200-gpu-182 device  5 [0xba] NVIDIA B200
#  Rank 198 Group  0 Pid 198168 on use3a-ss-b200-gpu-182 device  6 [0xdc] NVIDIA B200
#  Rank 199 Group  0 Pid 198169 on use3a-ss-b200-gpu-182 device  7 [0xed] NVIDIA B200
#  Rank 200 Group  0 Pid 197985 on use3a-ss-b200-gpu-183 device  0 [0x17] NVIDIA B200
#  Rank 201 Group  0 Pid 197986 on use3a-ss-b200-gpu-183 device  1 [0x3d] NVIDIA B200
#  Rank 202 Group  0 Pid 197987 on use3a-ss-b200-gpu-183 device  2 [0x5f] NVIDIA B200
#  Rank 203 Group  0 Pid 197988 on use3a-ss-b200-gpu-183 device  3 [0x70] NVIDIA B200
#  Rank 204 Group  0 Pid 197989 on use3a-ss-b200-gpu-183 device  4 [0x97] NVIDIA B200
#  Rank 205 Group  0 Pid 197990 on use3a-ss-b200-gpu-183 device  5 [0xba] NVIDIA B200
#  Rank 206 Group  0 Pid 197991 on use3a-ss-b200-gpu-183 device  6 [0xdc] NVIDIA B200
#  Rank 207 Group  0 Pid 197992 on use3a-ss-b200-gpu-183 device  7 [0xed] NVIDIA B200
#  Rank 208 Group  0 Pid 197738 on use3a-ss-b200-gpu-184 device  0 [0x17] NVIDIA B200
#  Rank 209 Group  0 Pid 197739 on use3a-ss-b200-gpu-184 device  1 [0x3d] NVIDIA B200
#  Rank 210 Group  0 Pid 197740 on use3a-ss-b200-gpu-184 device  2 [0x5f] NVIDIA B200
#  Rank 211 Group  0 Pid 197741 on use3a-ss-b200-gpu-184 device  3 [0x70] NVIDIA B200
#  Rank 212 Group  0 Pid 197742 on use3a-ss-b200-gpu-184 device  4 [0x97] NVIDIA B200
#  Rank 213 Group  0 Pid 197743 on use3a-ss-b200-gpu-184 device  5 [0xba] NVIDIA B200
#  Rank 214 Group  0 Pid 197744 on use3a-ss-b200-gpu-184 device  6 [0xdc] NVIDIA B200
#  Rank 215 Group  0 Pid 197745 on use3a-ss-b200-gpu-184 device  7 [0xed] NVIDIA B200
#  Rank 216 Group  0 Pid 215252 on use3a-ss-b200-gpu-185 device  0 [0x17] NVIDIA B200
#  Rank 217 Group  0 Pid 215253 on use3a-ss-b200-gpu-185 device  1 [0x3d] NVIDIA B200
#  Rank 218 Group  0 Pid 215254 on use3a-ss-b200-gpu-185 device  2 [0x5f] NVIDIA B200
#  Rank 219 Group  0 Pid 215255 on use3a-ss-b200-gpu-185 device  3 [0x70] NVIDIA B200
#  Rank 220 Group  0 Pid 215256 on use3a-ss-b200-gpu-185 device  4 [0x97] NVIDIA B200
#  Rank 221 Group  0 Pid 215257 on use3a-ss-b200-gpu-185 device  5 [0xba] NVIDIA B200
#  Rank 222 Group  0 Pid 215258 on use3a-ss-b200-gpu-185 device  6 [0xdc] NVIDIA B200
#  Rank 223 Group  0 Pid 215259 on use3a-ss-b200-gpu-185 device  7 [0xed] NVIDIA B200
#  Rank 224 Group  0 Pid 195934 on use3a-ss-b200-gpu-186 device  0 [0x17] NVIDIA B200
#  Rank 225 Group  0 Pid 195935 on use3a-ss-b200-gpu-186 device  1 [0x3d] NVIDIA B200
#  Rank 226 Group  0 Pid 195936 on use3a-ss-b200-gpu-186 device  2 [0x5f] NVIDIA B200
#  Rank 227 Group  0 Pid 195937 on use3a-ss-b200-gpu-186 device  3 [0x70] NVIDIA B200
#  Rank 228 Group  0 Pid 195938 on use3a-ss-b200-gpu-186 device  4 [0x97] NVIDIA B200
#  Rank 229 Group  0 Pid 195939 on use3a-ss-b200-gpu-186 device  5 [0xba] NVIDIA B200
#  Rank 230 Group  0 Pid 195940 on use3a-ss-b200-gpu-186 device  6 [0xdc] NVIDIA B200
#  Rank 231 Group  0 Pid 195941 on use3a-ss-b200-gpu-186 device  7 [0xed] NVIDIA B200
#  Rank 232 Group  0 Pid 204744 on use3a-ss-b200-gpu-187 device  0 [0x17] NVIDIA B200
#  Rank 233 Group  0 Pid 204745 on use3a-ss-b200-gpu-187 device  1 [0x3d] NVIDIA B200
#  Rank 234 Group  0 Pid 204746 on use3a-ss-b200-gpu-187 device  2 [0x5f] NVIDIA B200
#  Rank 235 Group  0 Pid 204747 on use3a-ss-b200-gpu-187 device  3 [0x70] NVIDIA B200
#  Rank 236 Group  0 Pid 204748 on use3a-ss-b200-gpu-187 device  4 [0x97] NVIDIA B200
#  Rank 237 Group  0 Pid 204749 on use3a-ss-b200-gpu-187 device  5 [0xba] NVIDIA B200
#  Rank 238 Group  0 Pid 204750 on use3a-ss-b200-gpu-187 device  6 [0xdc] NVIDIA B200
#  Rank 239 Group  0 Pid 204751 on use3a-ss-b200-gpu-187 device  7 [0xed] NVIDIA B200
#  Rank 240 Group  0 Pid 195619 on use3a-ss-b200-gpu-188 device  0 [0x17] NVIDIA B200
#  Rank 241 Group  0 Pid 195620 on use3a-ss-b200-gpu-188 device  1 [0x3d] NVIDIA B200
#  Rank 242 Group  0 Pid 195621 on use3a-ss-b200-gpu-188 device  2 [0x5f] NVIDIA B200
#  Rank 243 Group  0 Pid 195622 on use3a-ss-b200-gpu-188 device  3 [0x70] NVIDIA B200
#  Rank 244 Group  0 Pid 195623 on use3a-ss-b200-gpu-188 device  4 [0x97] NVIDIA B200
#  Rank 245 Group  0 Pid 195624 on use3a-ss-b200-gpu-188 device  5 [0xba] NVIDIA B200
#  Rank 246 Group  0 Pid 195625 on use3a-ss-b200-gpu-188 device  6 [0xdc] NVIDIA B200
#  Rank 247 Group  0 Pid 195626 on use3a-ss-b200-gpu-188 device  7 [0xed] NVIDIA B200
#  Rank 248 Group  0 Pid 205025 on use3a-ss-b200-gpu-189 device  0 [0x17] NVIDIA B200
#  Rank 249 Group  0 Pid 205026 on use3a-ss-b200-gpu-189 device  1 [0x3d] NVIDIA B200
#  Rank 250 Group  0 Pid 205027 on use3a-ss-b200-gpu-189 device  2 [0x5f] NVIDIA B200
#  Rank 251 Group  0 Pid 205028 on use3a-ss-b200-gpu-189 device  3 [0x70] NVIDIA B200
#  Rank 252 Group  0 Pid 205029 on use3a-ss-b200-gpu-189 device  4 [0x97] NVIDIA B200
#  Rank 253 Group  0 Pid 205030 on use3a-ss-b200-gpu-189 device  5 [0xba] NVIDIA B200
#  Rank 254 Group  0 Pid 205031 on use3a-ss-b200-gpu-189 device  6 [0xdc] NVIDIA B200
#  Rank 255 Group  0 Pid 205032 on use3a-ss-b200-gpu-189 device  7 [0xed] NVIDIA B200
#  Rank 256 Group  0 Pid 195540 on use3a-ss-b200-gpu-190 device  0 [0x17] NVIDIA B200
#  Rank 257 Group  0 Pid 195541 on use3a-ss-b200-gpu-190 device  1 [0x3d] NVIDIA B200
#  Rank 258 Group  0 Pid 195542 on use3a-ss-b200-gpu-190 device  2 [0x5f] NVIDIA B200
#  Rank 259 Group  0 Pid 195543 on use3a-ss-b200-gpu-190 device  3 [0x70] NVIDIA B200
#  Rank 260 Group  0 Pid 195544 on use3a-ss-b200-gpu-190 device  4 [0x97] NVIDIA B200
#  Rank 261 Group  0 Pid 195545 on use3a-ss-b200-gpu-190 device  5 [0xba] NVIDIA B200
#  Rank 262 Group  0 Pid 195546 on use3a-ss-b200-gpu-190 device  6 [0xdc] NVIDIA B200
#  Rank 263 Group  0 Pid 195547 on use3a-ss-b200-gpu-190 device  7 [0xed] NVIDIA B200
#  Rank 264 Group  0 Pid 169177 on use3a-ss-b200-gpu-195 device  0 [0x17] NVIDIA B200
#  Rank 265 Group  0 Pid 169178 on use3a-ss-b200-gpu-195 device  1 [0x3d] NVIDIA B200
#  Rank 266 Group  0 Pid 169179 on use3a-ss-b200-gpu-195 device  2 [0x5f] NVIDIA B200
#  Rank 267 Group  0 Pid 169180 on use3a-ss-b200-gpu-195 device  3 [0x70] NVIDIA B200
#  Rank 268 Group  0 Pid 169181 on use3a-ss-b200-gpu-195 device  4 [0x97] NVIDIA B200
#  Rank 269 Group  0 Pid 169182 on use3a-ss-b200-gpu-195 device  5 [0xba] NVIDIA B200
#  Rank 270 Group  0 Pid 169183 on use3a-ss-b200-gpu-195 device  6 [0xdc] NVIDIA B200
#  Rank 271 Group  0 Pid 169184 on use3a-ss-b200-gpu-195 device  7 [0xed] NVIDIA B200
#  Rank 272 Group  0 Pid 161432 on use3a-ss-b200-gpu-196 device  0 [0x17] NVIDIA B200
#  Rank 273 Group  0 Pid 161433 on use3a-ss-b200-gpu-196 device  1 [0x3d] NVIDIA B200
#  Rank 274 Group  0 Pid 161434 on use3a-ss-b200-gpu-196 device  2 [0x5f] NVIDIA B200
#  Rank 275 Group  0 Pid 161435 on use3a-ss-b200-gpu-196 device  3 [0x70] NVIDIA B200
#  Rank 276 Group  0 Pid 161436 on use3a-ss-b200-gpu-196 device  4 [0x97] NVIDIA B200
#  Rank 277 Group  0 Pid 161437 on use3a-ss-b200-gpu-196 device  5 [0xba] NVIDIA B200
#  Rank 278 Group  0 Pid 161438 on use3a-ss-b200-gpu-196 device  6 [0xdc] NVIDIA B200
#  Rank 279 Group  0 Pid 161439 on use3a-ss-b200-gpu-196 device  7 [0xed] NVIDIA B200
#  Rank 280 Group  0 Pid 161246 on use3a-ss-b200-gpu-197 device  0 [0x17] NVIDIA B200
#  Rank 281 Group  0 Pid 161247 on use3a-ss-b200-gpu-197 device  1 [0x3d] NVIDIA B200
#  Rank 282 Group  0 Pid 161248 on use3a-ss-b200-gpu-197 device  2 [0x5f] NVIDIA B200
#  Rank 283 Group  0 Pid 161249 on use3a-ss-b200-gpu-197 device  3 [0x70] NVIDIA B200
#  Rank 284 Group  0 Pid 161250 on use3a-ss-b200-gpu-197 device  4 [0x97] NVIDIA B200
#  Rank 285 Group  0 Pid 161251 on use3a-ss-b200-gpu-197 device  5 [0xba] NVIDIA B200
#  Rank 286 Group  0 Pid 161252 on use3a-ss-b200-gpu-197 device  6 [0xdc] NVIDIA B200
#  Rank 287 Group  0 Pid 161253 on use3a-ss-b200-gpu-197 device  7 [0xed] NVIDIA B200
#  Rank 288 Group  0 Pid 156194 on use3a-ss-b200-gpu-198 device  0 [0x17] NVIDIA B200
#  Rank 289 Group  0 Pid 156195 on use3a-ss-b200-gpu-198 device  1 [0x3d] NVIDIA B200
#  Rank 290 Group  0 Pid 156196 on use3a-ss-b200-gpu-198 device  2 [0x5f] NVIDIA B200
#  Rank 291 Group  0 Pid 156197 on use3a-ss-b200-gpu-198 device  3 [0x70] NVIDIA B200
#  Rank 292 Group  0 Pid 156198 on use3a-ss-b200-gpu-198 device  4 [0x97] NVIDIA B200
#  Rank 293 Group  0 Pid 156199 on use3a-ss-b200-gpu-198 device  5 [0xba] NVIDIA B200
#  Rank 294 Group  0 Pid 156200 on use3a-ss-b200-gpu-198 device  6 [0xdc] NVIDIA B200
#  Rank 295 Group  0 Pid 156201 on use3a-ss-b200-gpu-198 device  7 [0xed] NVIDIA B200
#  Rank 296 Group  0 Pid 155043 on use3a-ss-b200-gpu-199 device  0 [0x17] NVIDIA B200
#  Rank 297 Group  0 Pid 155044 on use3a-ss-b200-gpu-199 device  1 [0x3d] NVIDIA B200
#  Rank 298 Group  0 Pid 155045 on use3a-ss-b200-gpu-199 device  2 [0x5f] NVIDIA B200
#  Rank 299 Group  0 Pid 155046 on use3a-ss-b200-gpu-199 device  3 [0x70] NVIDIA B200
#  Rank 300 Group  0 Pid 155047 on use3a-ss-b200-gpu-199 device  4 [0x97] NVIDIA B200
#  Rank 301 Group  0 Pid 155048 on use3a-ss-b200-gpu-199 device  5 [0xba] NVIDIA B200
#  Rank 302 Group  0 Pid 155049 on use3a-ss-b200-gpu-199 device  6 [0xdc] NVIDIA B200
#  Rank 303 Group  0 Pid 155050 on use3a-ss-b200-gpu-199 device  7 [0xed] NVIDIA B200
#  Rank 304 Group  0 Pid 167433 on use3a-ss-b200-gpu-200 device  0 [0x17] NVIDIA B200
#  Rank 305 Group  0 Pid 167434 on use3a-ss-b200-gpu-200 device  1 [0x3d] NVIDIA B200
#  Rank 306 Group  0 Pid 167435 on use3a-ss-b200-gpu-200 device  2 [0x5f] NVIDIA B200
#  Rank 307 Group  0 Pid 167436 on use3a-ss-b200-gpu-200 device  3 [0x70] NVIDIA B200
#  Rank 308 Group  0 Pid 167437 on use3a-ss-b200-gpu-200 device  4 [0x97] NVIDIA B200
#  Rank 309 Group  0 Pid 167438 on use3a-ss-b200-gpu-200 device  5 [0xba] NVIDIA B200
#  Rank 310 Group  0 Pid 167439 on use3a-ss-b200-gpu-200 device  6 [0xdc] NVIDIA B200
#  Rank 311 Group  0 Pid 167440 on use3a-ss-b200-gpu-200 device  7 [0xed] NVIDIA B200
#  Rank 312 Group  0 Pid 165888 on use3a-ss-b200-gpu-201 device  0 [0x17] NVIDIA B200
#  Rank 313 Group  0 Pid 165889 on use3a-ss-b200-gpu-201 device  1 [0x3d] NVIDIA B200
#  Rank 314 Group  0 Pid 165890 on use3a-ss-b200-gpu-201 device  2 [0x5f] NVIDIA B200
#  Rank 315 Group  0 Pid 165891 on use3a-ss-b200-gpu-201 device  3 [0x70] NVIDIA B200
#  Rank 316 Group  0 Pid 165892 on use3a-ss-b200-gpu-201 device  4 [0x97] NVIDIA B200
#  Rank 317 Group  0 Pid 165893 on use3a-ss-b200-gpu-201 device  5 [0xba] NVIDIA B200
#  Rank 318 Group  0 Pid 165894 on use3a-ss-b200-gpu-201 device  6 [0xdc] NVIDIA B200
#  Rank 319 Group  0 Pid 165895 on use3a-ss-b200-gpu-201 device  7 [0xed] NVIDIA B200
#  Rank 320 Group  0 Pid 173593 on use3a-ss-b200-gpu-202 device  0 [0x17] NVIDIA B200
#  Rank 321 Group  0 Pid 173594 on use3a-ss-b200-gpu-202 device  1 [0x3d] NVIDIA B200
#  Rank 322 Group  0 Pid 173595 on use3a-ss-b200-gpu-202 device  2 [0x5f] NVIDIA B200
#  Rank 323 Group  0 Pid 173596 on use3a-ss-b200-gpu-202 device  3 [0x70] NVIDIA B200
#  Rank 324 Group  0 Pid 173597 on use3a-ss-b200-gpu-202 device  4 [0x97] NVIDIA B200
#  Rank 325 Group  0 Pid 173598 on use3a-ss-b200-gpu-202 device  5 [0xba] NVIDIA B200
#  Rank 326 Group  0 Pid 173599 on use3a-ss-b200-gpu-202 device  6 [0xdc] NVIDIA B200
#  Rank 327 Group  0 Pid 173600 on use3a-ss-b200-gpu-202 device  7 [0xed] NVIDIA B200
#  Rank 328 Group  0 Pid 165726 on use3a-ss-b200-gpu-203 device  0 [0x17] NVIDIA B200
#  Rank 329 Group  0 Pid 165727 on use3a-ss-b200-gpu-203 device  1 [0x3d] NVIDIA B200
#  Rank 330 Group  0 Pid 165728 on use3a-ss-b200-gpu-203 device  2 [0x5f] NVIDIA B200
#  Rank 331 Group  0 Pid 165729 on use3a-ss-b200-gpu-203 device  3 [0x70] NVIDIA B200
#  Rank 332 Group  0 Pid 165730 on use3a-ss-b200-gpu-203 device  4 [0x97] NVIDIA B200
#  Rank 333 Group  0 Pid 165731 on use3a-ss-b200-gpu-203 device  5 [0xba] NVIDIA B200
#  Rank 334 Group  0 Pid 165732 on use3a-ss-b200-gpu-203 device  6 [0xdc] NVIDIA B200
#  Rank 335 Group  0 Pid 165733 on use3a-ss-b200-gpu-203 device  7 [0xed] NVIDIA B200
#  Rank 336 Group  0 Pid 150718 on use3a-ss-b200-gpu-204 device  0 [0x17] NVIDIA B200
#  Rank 337 Group  0 Pid 150719 on use3a-ss-b200-gpu-204 device  1 [0x3d] NVIDIA B200
#  Rank 338 Group  0 Pid 150720 on use3a-ss-b200-gpu-204 device  2 [0x5f] NVIDIA B200
#  Rank 339 Group  0 Pid 150721 on use3a-ss-b200-gpu-204 device  3 [0x70] NVIDIA B200
#  Rank 340 Group  0 Pid 150722 on use3a-ss-b200-gpu-204 device  4 [0x97] NVIDIA B200
#  Rank 341 Group  0 Pid 150723 on use3a-ss-b200-gpu-204 device  5 [0xba] NVIDIA B200
#  Rank 342 Group  0 Pid 150724 on use3a-ss-b200-gpu-204 device  6 [0xdc] NVIDIA B200
#  Rank 343 Group  0 Pid 150725 on use3a-ss-b200-gpu-204 device  7 [0xed] NVIDIA B200
#  Rank 344 Group  0 Pid 147174 on use3a-ss-b200-gpu-205 device  0 [0x17] NVIDIA B200
#  Rank 345 Group  0 Pid 147175 on use3a-ss-b200-gpu-205 device  1 [0x3d] NVIDIA B200
#  Rank 346 Group  0 Pid 147176 on use3a-ss-b200-gpu-205 device  2 [0x5f] NVIDIA B200
#  Rank 347 Group  0 Pid 147177 on use3a-ss-b200-gpu-205 device  3 [0x70] NVIDIA B200
#  Rank 348 Group  0 Pid 147178 on use3a-ss-b200-gpu-205 device  4 [0x97] NVIDIA B200
#  Rank 349 Group  0 Pid 147179 on use3a-ss-b200-gpu-205 device  5 [0xba] NVIDIA B200
#  Rank 350 Group  0 Pid 147180 on use3a-ss-b200-gpu-205 device  6 [0xdc] NVIDIA B200
#  Rank 351 Group  0 Pid 147181 on use3a-ss-b200-gpu-205 device  7 [0xed] NVIDIA B200
#  Rank 352 Group  0 Pid 157259 on use3a-ss-b200-gpu-209 device  0 [0x17] NVIDIA B200
#  Rank 353 Group  0 Pid 157260 on use3a-ss-b200-gpu-209 device  1 [0x3d] NVIDIA B200
#  Rank 354 Group  0 Pid 157261 on use3a-ss-b200-gpu-209 device  2 [0x5f] NVIDIA B200
#  Rank 355 Group  0 Pid 157262 on use3a-ss-b200-gpu-209 device  3 [0x70] NVIDIA B200
#  Rank 356 Group  0 Pid 157263 on use3a-ss-b200-gpu-209 device  4 [0x97] NVIDIA B200
#  Rank 357 Group  0 Pid 157264 on use3a-ss-b200-gpu-209 device  5 [0xba] NVIDIA B200
#  Rank 358 Group  0 Pid 157265 on use3a-ss-b200-gpu-209 device  6 [0xdc] NVIDIA B200
#  Rank 359 Group  0 Pid 157266 on use3a-ss-b200-gpu-209 device  7 [0xed] NVIDIA B200
#  Rank 360 Group  0 Pid 159134 on use3a-ss-b200-gpu-210 device  0 [0x17] NVIDIA B200
#  Rank 361 Group  0 Pid 159135 on use3a-ss-b200-gpu-210 device  1 [0x3d] NVIDIA B200
#  Rank 362 Group  0 Pid 159136 on use3a-ss-b200-gpu-210 device  2 [0x5f] NVIDIA B200
#  Rank 363 Group  0 Pid 159137 on use3a-ss-b200-gpu-210 device  3 [0x70] NVIDIA B200
#  Rank 364 Group  0 Pid 159138 on use3a-ss-b200-gpu-210 device  4 [0x97] NVIDIA B200
#  Rank 365 Group  0 Pid 159139 on use3a-ss-b200-gpu-210 device  5 [0xba] NVIDIA B200
#  Rank 366 Group  0 Pid 159140 on use3a-ss-b200-gpu-210 device  6 [0xdc] NVIDIA B200
#  Rank 367 Group  0 Pid 159141 on use3a-ss-b200-gpu-210 device  7 [0xed] NVIDIA B200
#  Rank 368 Group  0 Pid 150481 on use3a-ss-b200-gpu-211 device  0 [0x17] NVIDIA B200
#  Rank 369 Group  0 Pid 150482 on use3a-ss-b200-gpu-211 device  1 [0x3d] NVIDIA B200
#  Rank 370 Group  0 Pid 150483 on use3a-ss-b200-gpu-211 device  2 [0x5f] NVIDIA B200
#  Rank 371 Group  0 Pid 150484 on use3a-ss-b200-gpu-211 device  3 [0x70] NVIDIA B200
#  Rank 372 Group  0 Pid 150485 on use3a-ss-b200-gpu-211 device  4 [0x97] NVIDIA B200
#  Rank 373 Group  0 Pid 150486 on use3a-ss-b200-gpu-211 device  5 [0xba] NVIDIA B200
#  Rank 374 Group  0 Pid 150487 on use3a-ss-b200-gpu-211 device  6 [0xdc] NVIDIA B200
#  Rank 375 Group  0 Pid 150488 on use3a-ss-b200-gpu-211 device  7 [0xed] NVIDIA B200
#  Rank 376 Group  0 Pid 130935 on use3a-ss-b200-gpu-212 device  0 [0x17] NVIDIA B200
#  Rank 377 Group  0 Pid 130936 on use3a-ss-b200-gpu-212 device  1 [0x3d] NVIDIA B200
#  Rank 378 Group  0 Pid 130937 on use3a-ss-b200-gpu-212 device  2 [0x5f] NVIDIA B200
#  Rank 379 Group  0 Pid 130938 on use3a-ss-b200-gpu-212 device  3 [0x70] NVIDIA B200
#  Rank 380 Group  0 Pid 130939 on use3a-ss-b200-gpu-212 device  4 [0x97] NVIDIA B200
#  Rank 381 Group  0 Pid 130940 on use3a-ss-b200-gpu-212 device  5 [0xba] NVIDIA B200
#  Rank 382 Group  0 Pid 130941 on use3a-ss-b200-gpu-212 device  6 [0xdc] NVIDIA B200
#  Rank 383 Group  0 Pid 130942 on use3a-ss-b200-gpu-212 device  7 [0xed] NVIDIA B200
#  Rank 384 Group  0 Pid 167615 on use3a-ss-b200-gpu-213 device  0 [0x17] NVIDIA B200
#  Rank 385 Group  0 Pid 167616 on use3a-ss-b200-gpu-213 device  1 [0x3d] NVIDIA B200
#  Rank 386 Group  0 Pid 167617 on use3a-ss-b200-gpu-213 device  2 [0x5f] NVIDIA B200
#  Rank 387 Group  0 Pid 167618 on use3a-ss-b200-gpu-213 device  3 [0x70] NVIDIA B200
#  Rank 388 Group  0 Pid 167619 on use3a-ss-b200-gpu-213 device  4 [0x97] NVIDIA B200
#  Rank 389 Group  0 Pid 167620 on use3a-ss-b200-gpu-213 device  5 [0xba] NVIDIA B200
#  Rank 390 Group  0 Pid 167621 on use3a-ss-b200-gpu-213 device  6 [0xdc] NVIDIA B200
#  Rank 391 Group  0 Pid 167622 on use3a-ss-b200-gpu-213 device  7 [0xed] NVIDIA B200
#  Rank 392 Group  0 Pid 168806 on use3a-ss-b200-gpu-214 device  0 [0x17] NVIDIA B200
#  Rank 393 Group  0 Pid 168807 on use3a-ss-b200-gpu-214 device  1 [0x3d] NVIDIA B200
#  Rank 394 Group  0 Pid 168808 on use3a-ss-b200-gpu-214 device  2 [0x5f] NVIDIA B200
#  Rank 395 Group  0 Pid 168809 on use3a-ss-b200-gpu-214 device  3 [0x70] NVIDIA B200
#  Rank 396 Group  0 Pid 168810 on use3a-ss-b200-gpu-214 device  4 [0x97] NVIDIA B200
#  Rank 397 Group  0 Pid 168811 on use3a-ss-b200-gpu-214 device  5 [0xba] NVIDIA B200
#  Rank 398 Group  0 Pid 168812 on use3a-ss-b200-gpu-214 device  6 [0xdc] NVIDIA B200
#  Rank 399 Group  0 Pid 168813 on use3a-ss-b200-gpu-214 device  7 [0xed] NVIDIA B200
#  Rank 400 Group  0 Pid 166623 on use3a-ss-b200-gpu-215 device  0 [0x17] NVIDIA B200
#  Rank 401 Group  0 Pid 166624 on use3a-ss-b200-gpu-215 device  1 [0x3d] NVIDIA B200
#  Rank 402 Group  0 Pid 166625 on use3a-ss-b200-gpu-215 device  2 [0x5f] NVIDIA B200
#  Rank 403 Group  0 Pid 166626 on use3a-ss-b200-gpu-215 device  3 [0x70] NVIDIA B200
#  Rank 404 Group  0 Pid 166627 on use3a-ss-b200-gpu-215 device  4 [0x97] NVIDIA B200
#  Rank 405 Group  0 Pid 166628 on use3a-ss-b200-gpu-215 device  5 [0xba] NVIDIA B200
#  Rank 406 Group  0 Pid 166629 on use3a-ss-b200-gpu-215 device  6 [0xdc] NVIDIA B200
#  Rank 407 Group  0 Pid 166630 on use3a-ss-b200-gpu-215 device  7 [0xed] NVIDIA B200
#  Rank 408 Group  0 Pid 169662 on use3a-ss-b200-gpu-216 device  0 [0x17] NVIDIA B200
#  Rank 409 Group  0 Pid 169663 on use3a-ss-b200-gpu-216 device  1 [0x3d] NVIDIA B200
#  Rank 410 Group  0 Pid 169664 on use3a-ss-b200-gpu-216 device  2 [0x5f] NVIDIA B200
#  Rank 411 Group  0 Pid 169665 on use3a-ss-b200-gpu-216 device  3 [0x70] NVIDIA B200
#  Rank 412 Group  0 Pid 169666 on use3a-ss-b200-gpu-216 device  4 [0x97] NVIDIA B200
#  Rank 413 Group  0 Pid 169667 on use3a-ss-b200-gpu-216 device  5 [0xba] NVIDIA B200
#  Rank 414 Group  0 Pid 169668 on use3a-ss-b200-gpu-216 device  6 [0xdc] NVIDIA B200
#  Rank 415 Group  0 Pid 169669 on use3a-ss-b200-gpu-216 device  7 [0xed] NVIDIA B200
#  Rank 416 Group  0 Pid 167387 on use3a-ss-b200-gpu-217 device  0 [0x17] NVIDIA B200
#  Rank 417 Group  0 Pid 167388 on use3a-ss-b200-gpu-217 device  1 [0x3d] NVIDIA B200
#  Rank 418 Group  0 Pid 167389 on use3a-ss-b200-gpu-217 device  2 [0x5f] NVIDIA B200
#  Rank 419 Group  0 Pid 167390 on use3a-ss-b200-gpu-217 device  3 [0x70] NVIDIA B200
#  Rank 420 Group  0 Pid 167391 on use3a-ss-b200-gpu-217 device  4 [0x97] NVIDIA B200
#  Rank 421 Group  0 Pid 167392 on use3a-ss-b200-gpu-217 device  5 [0xba] NVIDIA B200
#  Rank 422 Group  0 Pid 167393 on use3a-ss-b200-gpu-217 device  6 [0xdc] NVIDIA B200
#  Rank 423 Group  0 Pid 167394 on use3a-ss-b200-gpu-217 device  7 [0xed] NVIDIA B200
#  Rank 424 Group  0 Pid 168137 on use3a-ss-b200-gpu-226 device  0 [0x17] NVIDIA B200
#  Rank 425 Group  0 Pid 168138 on use3a-ss-b200-gpu-226 device  1 [0x3d] NVIDIA B200
#  Rank 426 Group  0 Pid 168139 on use3a-ss-b200-gpu-226 device  2 [0x5f] NVIDIA B200
#  Rank 427 Group  0 Pid 168140 on use3a-ss-b200-gpu-226 device  3 [0x70] NVIDIA B200
#  Rank 428 Group  0 Pid 168141 on use3a-ss-b200-gpu-226 device  4 [0x97] NVIDIA B200
#  Rank 429 Group  0 Pid 168142 on use3a-ss-b200-gpu-226 device  5 [0xba] NVIDIA B200
#  Rank 430 Group  0 Pid 168143 on use3a-ss-b200-gpu-226 device  6 [0xdc] NVIDIA B200
#  Rank 431 Group  0 Pid 168144 on use3a-ss-b200-gpu-226 device  7 [0xed] NVIDIA B200
#  Rank 432 Group  0 Pid 144927 on use3a-ss-b200-gpu-227 device  0 [0x17] NVIDIA B200
#  Rank 433 Group  0 Pid 144928 on use3a-ss-b200-gpu-227 device  1 [0x3d] NVIDIA B200
#  Rank 434 Group  0 Pid 144929 on use3a-ss-b200-gpu-227 device  2 [0x5f] NVIDIA B200
#  Rank 435 Group  0 Pid 144930 on use3a-ss-b200-gpu-227 device  3 [0x70] NVIDIA B200
#  Rank 436 Group  0 Pid 144931 on use3a-ss-b200-gpu-227 device  4 [0x97] NVIDIA B200
#  Rank 437 Group  0 Pid 144932 on use3a-ss-b200-gpu-227 device  5 [0xba] NVIDIA B200
#  Rank 438 Group  0 Pid 144933 on use3a-ss-b200-gpu-227 device  6 [0xdc] NVIDIA B200
#  Rank 439 Group  0 Pid 144934 on use3a-ss-b200-gpu-227 device  7 [0xed] NVIDIA B200
#  Rank 440 Group  0 Pid 162279 on use3a-ss-b200-gpu-228 device  0 [0x17] NVIDIA B200
#  Rank 441 Group  0 Pid 162280 on use3a-ss-b200-gpu-228 device  1 [0x3d] NVIDIA B200
#  Rank 442 Group  0 Pid 162281 on use3a-ss-b200-gpu-228 device  2 [0x5f] NVIDIA B200
#  Rank 443 Group  0 Pid 162282 on use3a-ss-b200-gpu-228 device  3 [0x70] NVIDIA B200
#  Rank 444 Group  0 Pid 162283 on use3a-ss-b200-gpu-228 device  4 [0x97] NVIDIA B200
#  Rank 445 Group  0 Pid 162284 on use3a-ss-b200-gpu-228 device  5 [0xba] NVIDIA B200
#  Rank 446 Group  0 Pid 162285 on use3a-ss-b200-gpu-228 device  6 [0xdc] NVIDIA B200
#  Rank 447 Group  0 Pid 162286 on use3a-ss-b200-gpu-228 device  7 [0xed] NVIDIA B200
#  Rank 448 Group  0 Pid 158635 on use3a-ss-b200-gpu-229 device  0 [0x17] NVIDIA B200
#  Rank 449 Group  0 Pid 158636 on use3a-ss-b200-gpu-229 device  1 [0x3d] NVIDIA B200
#  Rank 450 Group  0 Pid 158637 on use3a-ss-b200-gpu-229 device  2 [0x5f] NVIDIA B200
#  Rank 451 Group  0 Pid 158638 on use3a-ss-b200-gpu-229 device  3 [0x70] NVIDIA B200
#  Rank 452 Group  0 Pid 158639 on use3a-ss-b200-gpu-229 device  4 [0x97] NVIDIA B200
#  Rank 453 Group  0 Pid 158640 on use3a-ss-b200-gpu-229 device  5 [0xba] NVIDIA B200
#  Rank 454 Group  0 Pid 158641 on use3a-ss-b200-gpu-229 device  6 [0xdc] NVIDIA B200
#  Rank 455 Group  0 Pid 158642 on use3a-ss-b200-gpu-229 device  7 [0xed] NVIDIA B200
#  Rank 456 Group  0 Pid 159433 on use3a-ss-b200-gpu-230 device  0 [0x17] NVIDIA B200
#  Rank 457 Group  0 Pid 159434 on use3a-ss-b200-gpu-230 device  1 [0x3d] NVIDIA B200
#  Rank 458 Group  0 Pid 159435 on use3a-ss-b200-gpu-230 device  2 [0x5f] NVIDIA B200
#  Rank 459 Group  0 Pid 159436 on use3a-ss-b200-gpu-230 device  3 [0x70] NVIDIA B200
#  Rank 460 Group  0 Pid 159437 on use3a-ss-b200-gpu-230 device  4 [0x97] NVIDIA B200
#  Rank 461 Group  0 Pid 159438 on use3a-ss-b200-gpu-230 device  5 [0xba] NVIDIA B200
#  Rank 462 Group  0 Pid 159439 on use3a-ss-b200-gpu-230 device  6 [0xdc] NVIDIA B200
#  Rank 463 Group  0 Pid 159440 on use3a-ss-b200-gpu-230 device  7 [0xed] NVIDIA B200
#  Rank 464 Group  0 Pid 106909 on use3a-ss-b200-gpu-233 device  0 [0x17] NVIDIA B200
#  Rank 465 Group  0 Pid 106910 on use3a-ss-b200-gpu-233 device  1 [0x3d] NVIDIA B200
#  Rank 466 Group  0 Pid 106911 on use3a-ss-b200-gpu-233 device  2 [0x5f] NVIDIA B200
#  Rank 467 Group  0 Pid 106912 on use3a-ss-b200-gpu-233 device  3 [0x70] NVIDIA B200
#  Rank 468 Group  0 Pid 106913 on use3a-ss-b200-gpu-233 device  4 [0x97] NVIDIA B200
#  Rank 469 Group  0 Pid 106914 on use3a-ss-b200-gpu-233 device  5 [0xba] NVIDIA B200
#  Rank 470 Group  0 Pid 106915 on use3a-ss-b200-gpu-233 device  6 [0xdc] NVIDIA B200
#  Rank 471 Group  0 Pid 106916 on use3a-ss-b200-gpu-233 device  7 [0xed] NVIDIA B200
#  Rank 472 Group  0 Pid 108008 on use3a-ss-b200-gpu-234 device  0 [0x17] NVIDIA B200
#  Rank 473 Group  0 Pid 108009 on use3a-ss-b200-gpu-234 device  1 [0x3d] NVIDIA B200
#  Rank 474 Group  0 Pid 108010 on use3a-ss-b200-gpu-234 device  2 [0x5f] NVIDIA B200
#  Rank 475 Group  0 Pid 108011 on use3a-ss-b200-gpu-234 device  3 [0x70] NVIDIA B200
#  Rank 476 Group  0 Pid 108012 on use3a-ss-b200-gpu-234 device  4 [0x97] NVIDIA B200
#  Rank 477 Group  0 Pid 108013 on use3a-ss-b200-gpu-234 device  5 [0xba] NVIDIA B200
#  Rank 478 Group  0 Pid 108014 on use3a-ss-b200-gpu-234 device  6 [0xdc] NVIDIA B200
#  Rank 479 Group  0 Pid 108015 on use3a-ss-b200-gpu-234 device  7 [0xed] NVIDIA B200
#  Rank 480 Group  0 Pid 108242 on use3a-ss-b200-gpu-235 device  0 [0x17] NVIDIA B200
#  Rank 481 Group  0 Pid 108243 on use3a-ss-b200-gpu-235 device  1 [0x3d] NVIDIA B200
#  Rank 482 Group  0 Pid 108244 on use3a-ss-b200-gpu-235 device  2 [0x5f] NVIDIA B200
#  Rank 483 Group  0 Pid 108245 on use3a-ss-b200-gpu-235 device  3 [0x70] NVIDIA B200
#  Rank 484 Group  0 Pid 108246 on use3a-ss-b200-gpu-235 device  4 [0x97] NVIDIA B200
#  Rank 485 Group  0 Pid 108247 on use3a-ss-b200-gpu-235 device  5 [0xba] NVIDIA B200
#  Rank 486 Group  0 Pid 108248 on use3a-ss-b200-gpu-235 device  6 [0xdc] NVIDIA B200
#  Rank 487 Group  0 Pid 108249 on use3a-ss-b200-gpu-235 device  7 [0xed] NVIDIA B200
#  Rank 488 Group  0 Pid 116045 on use3a-ss-b200-gpu-238 device  0 [0x17] NVIDIA B200
#  Rank 489 Group  0 Pid 116046 on use3a-ss-b200-gpu-238 device  1 [0x3d] NVIDIA B200
#  Rank 490 Group  0 Pid 116047 on use3a-ss-b200-gpu-238 device  2 [0x5f] NVIDIA B200
#  Rank 491 Group  0 Pid 116048 on use3a-ss-b200-gpu-238 device  3 [0x70] NVIDIA B200
#  Rank 492 Group  0 Pid 116049 on use3a-ss-b200-gpu-238 device  4 [0x97] NVIDIA B200
#  Rank 493 Group  0 Pid 116050 on use3a-ss-b200-gpu-238 device  5 [0xba] NVIDIA B200
#  Rank 494 Group  0 Pid 116051 on use3a-ss-b200-gpu-238 device  6 [0xdc] NVIDIA B200
#  Rank 495 Group  0 Pid 116052 on use3a-ss-b200-gpu-238 device  7 [0xed] NVIDIA B200
#  Rank 496 Group  0 Pid 108387 on use3a-ss-b200-gpu-239 device  0 [0x17] NVIDIA B200
#  Rank 497 Group  0 Pid 108388 on use3a-ss-b200-gpu-239 device  1 [0x3d] NVIDIA B200
#  Rank 498 Group  0 Pid 108389 on use3a-ss-b200-gpu-239 device  2 [0x5f] NVIDIA B200
#  Rank 499 Group  0 Pid 108390 on use3a-ss-b200-gpu-239 device  3 [0x70] NVIDIA B200
#  Rank 500 Group  0 Pid 108391 on use3a-ss-b200-gpu-239 device  4 [0x97] NVIDIA B200
#  Rank 501 Group  0 Pid 108392 on use3a-ss-b200-gpu-239 device  5 [0xba] NVIDIA B200
#  Rank 502 Group  0 Pid 108393 on use3a-ss-b200-gpu-239 device  6 [0xdc] NVIDIA B200
#  Rank 503 Group  0 Pid 108394 on use3a-ss-b200-gpu-239 device  7 [0xed] NVIDIA B200
#  Rank 504 Group  0 Pid 729681 on use3a-ss-b200-gpu-256 device  0 [0x17] NVIDIA B200
#  Rank 505 Group  0 Pid 729682 on use3a-ss-b200-gpu-256 device  1 [0x3d] NVIDIA B200
#  Rank 506 Group  0 Pid 729683 on use3a-ss-b200-gpu-256 device  2 [0x5f] NVIDIA B200
#  Rank 507 Group  0 Pid 729684 on use3a-ss-b200-gpu-256 device  3 [0x70] NVIDIA B200
#  Rank 508 Group  0 Pid 729685 on use3a-ss-b200-gpu-256 device  4 [0x97] NVIDIA B200
#  Rank 509 Group  0 Pid 729686 on use3a-ss-b200-gpu-256 device  5 [0xba] NVIDIA B200
#  Rank 510 Group  0 Pid 729687 on use3a-ss-b200-gpu-256 device  6 [0xdc] NVIDIA B200
#  Rank 511 Group  0 Pid 729688 on use3a-ss-b200-gpu-256 device  7 [0xed] NVIDIA B200
NCCL version 2.29.7+cuda12.9
#
#                                                              out-of-place                       in-place          
#       size         count      type   redop    root     time   algbw   busbw #wrong     time   algbw   busbw #wrong
#        (B)    (elements)                               (us)  (GB/s)  (GB/s)            (us)  (GB/s)  (GB/s)       
    67108864      16777216     float     sum      -1   4702.6   14.27   14.27      0   4654.9   14.42   14.42    N/A
# Out of bounds values : 0 OK
# Avg bus bandwidth    : 14.3437 
#


=== 64-Node SendRecv Complete ===
