=== NCCL SendRecv P2P Benchmark — 32 Nodes (256 GPUs) ===
Job ID: 79946
Nodes: use3a-ss-b200-gpu-160 use3a-ss-b200-gpu-161 use3a-ss-b200-gpu-162 use3a-ss-b200-gpu-163 use3a-ss-b200-gpu-164 use3a-ss-b200-gpu-165 use3a-ss-b200-gpu-166 use3a-ss-b200-gpu-167 use3a-ss-b200-gpu-168 use3a-ss-b200-gpu-169 use3a-ss-b200-gpu-170 use3a-ss-b200-gpu-171 use3a-ss-b200-gpu-172 use3a-ss-b200-gpu-173 use3a-ss-b200-gpu-174 use3a-ss-b200-gpu-175 use3a-ss-b200-gpu-176 use3a-ss-b200-gpu-177 use3a-ss-b200-gpu-178 use3a-ss-b200-gpu-179 use3a-ss-b200-gpu-180 use3a-ss-b200-gpu-181 use3a-ss-b200-gpu-182 use3a-ss-b200-gpu-183 use3a-ss-b200-gpu-184 use3a-ss-b200-gpu-185 use3a-ss-b200-gpu-186 use3a-ss-b200-gpu-187 use3a-ss-b200-gpu-188 use3a-ss-b200-gpu-189 use3a-ss-b200-gpu-190 use3a-ss-b200-gpu-195 
Date: Fri Apr 10 05:06:44 PM PDT 2026

>>> SendRecv bandwidth sweep (1KB to 256MB) — 256 GPUs...
# nThread 1 nGpus 1 minBytes 1024 maxBytes 268435456 step: 2(factor) warmup iters: 5 iters: 20 agg iters: 1 validation: 1 graph: 0
#
# Using devices
#  Rank  0 Group  0 Pid 170692 on use3a-ss-b200-gpu-160 device  0 [0x17] NVIDIA B200
#  Rank  1 Group  0 Pid 170693 on use3a-ss-b200-gpu-160 device  1 [0x3d] NVIDIA B200
#  Rank  2 Group  0 Pid 170694 on use3a-ss-b200-gpu-160 device  2 [0x5f] NVIDIA B200
#  Rank  3 Group  0 Pid 170695 on use3a-ss-b200-gpu-160 device  3 [0x70] NVIDIA B200
#  Rank  4 Group  0 Pid 170696 on use3a-ss-b200-gpu-160 device  4 [0x97] NVIDIA B200
#  Rank  5 Group  0 Pid 170697 on use3a-ss-b200-gpu-160 device  5 [0xba] NVIDIA B200
#  Rank  6 Group  0 Pid 170698 on use3a-ss-b200-gpu-160 device  6 [0xdc] NVIDIA B200
#  Rank  7 Group  0 Pid 170699 on use3a-ss-b200-gpu-160 device  7 [0xed] NVIDIA B200
#  Rank  8 Group  0 Pid 182428 on use3a-ss-b200-gpu-161 device  0 [0x17] NVIDIA B200
#  Rank  9 Group  0 Pid 182429 on use3a-ss-b200-gpu-161 device  1 [0x3d] NVIDIA B200
#  Rank 10 Group  0 Pid 182430 on use3a-ss-b200-gpu-161 device  2 [0x5f] NVIDIA B200
#  Rank 11 Group  0 Pid 182431 on use3a-ss-b200-gpu-161 device  3 [0x70] NVIDIA B200
#  Rank 12 Group  0 Pid 182432 on use3a-ss-b200-gpu-161 device  4 [0x97] NVIDIA B200
#  Rank 13 Group  0 Pid 182433 on use3a-ss-b200-gpu-161 device  5 [0xba] NVIDIA B200
#  Rank 14 Group  0 Pid 182434 on use3a-ss-b200-gpu-161 device  6 [0xdc] NVIDIA B200
#  Rank 15 Group  0 Pid 182435 on use3a-ss-b200-gpu-161 device  7 [0xed] NVIDIA B200
#  Rank 16 Group  0 Pid 199336 on use3a-ss-b200-gpu-162 device  0 [0x17] NVIDIA B200
#  Rank 17 Group  0 Pid 199337 on use3a-ss-b200-gpu-162 device  1 [0x3d] NVIDIA B200
#  Rank 18 Group  0 Pid 199338 on use3a-ss-b200-gpu-162 device  2 [0x5f] NVIDIA B200
#  Rank 19 Group  0 Pid 199339 on use3a-ss-b200-gpu-162 device  3 [0x70] NVIDIA B200
#  Rank 20 Group  0 Pid 199340 on use3a-ss-b200-gpu-162 device  4 [0x97] NVIDIA B200
#  Rank 21 Group  0 Pid 199341 on use3a-ss-b200-gpu-162 device  5 [0xba] NVIDIA B200
#  Rank 22 Group  0 Pid 199342 on use3a-ss-b200-gpu-162 device  6 [0xdc] NVIDIA B200
#  Rank 23 Group  0 Pid 199343 on use3a-ss-b200-gpu-162 device  7 [0xed] NVIDIA B200
#  Rank 24 Group  0 Pid 199192 on use3a-ss-b200-gpu-163 device  0 [0x17] NVIDIA B200
#  Rank 25 Group  0 Pid 199193 on use3a-ss-b200-gpu-163 device  1 [0x3d] NVIDIA B200
#  Rank 26 Group  0 Pid 199194 on use3a-ss-b200-gpu-163 device  2 [0x5f] NVIDIA B200
#  Rank 27 Group  0 Pid 199195 on use3a-ss-b200-gpu-163 device  3 [0x70] NVIDIA B200
#  Rank 28 Group  0 Pid 199196 on use3a-ss-b200-gpu-163 device  4 [0x97] NVIDIA B200
#  Rank 29 Group  0 Pid 199197 on use3a-ss-b200-gpu-163 device  5 [0xba] NVIDIA B200
#  Rank 30 Group  0 Pid 199198 on use3a-ss-b200-gpu-163 device  6 [0xdc] NVIDIA B200
#  Rank 31 Group  0 Pid 199199 on use3a-ss-b200-gpu-163 device  7 [0xed] NVIDIA B200
#  Rank 32 Group  0 Pid 199242 on use3a-ss-b200-gpu-164 device  0 [0x17] NVIDIA B200
#  Rank 33 Group  0 Pid 199243 on use3a-ss-b200-gpu-164 device  1 [0x3d] NVIDIA B200
#  Rank 34 Group  0 Pid 199244 on use3a-ss-b200-gpu-164 device  2 [0x5f] NVIDIA B200
#  Rank 35 Group  0 Pid 199245 on use3a-ss-b200-gpu-164 device  3 [0x70] NVIDIA B200
#  Rank 36 Group  0 Pid 199246 on use3a-ss-b200-gpu-164 device  4 [0x97] NVIDIA B200
#  Rank 37 Group  0 Pid 199247 on use3a-ss-b200-gpu-164 device  5 [0xba] NVIDIA B200
#  Rank 38 Group  0 Pid 199248 on use3a-ss-b200-gpu-164 device  6 [0xdc] NVIDIA B200
#  Rank 39 Group  0 Pid 199249 on use3a-ss-b200-gpu-164 device  7 [0xed] NVIDIA B200
#  Rank 40 Group  0 Pid 199123 on use3a-ss-b200-gpu-165 device  0 [0x17] NVIDIA B200
#  Rank 41 Group  0 Pid 199124 on use3a-ss-b200-gpu-165 device  1 [0x3d] NVIDIA B200
#  Rank 42 Group  0 Pid 199125 on use3a-ss-b200-gpu-165 device  2 [0x5f] NVIDIA B200
#  Rank 43 Group  0 Pid 199126 on use3a-ss-b200-gpu-165 device  3 [0x70] NVIDIA B200
#  Rank 44 Group  0 Pid 199127 on use3a-ss-b200-gpu-165 device  4 [0x97] NVIDIA B200
#  Rank 45 Group  0 Pid 199128 on use3a-ss-b200-gpu-165 device  5 [0xba] NVIDIA B200
#  Rank 46 Group  0 Pid 199129 on use3a-ss-b200-gpu-165 device  6 [0xdc] NVIDIA B200
#  Rank 47 Group  0 Pid 199130 on use3a-ss-b200-gpu-165 device  7 [0xed] NVIDIA B200
#  Rank 48 Group  0 Pid 199315 on use3a-ss-b200-gpu-166 device  0 [0x17] NVIDIA B200
#  Rank 49 Group  0 Pid 199316 on use3a-ss-b200-gpu-166 device  1 [0x3d] NVIDIA B200
#  Rank 50 Group  0 Pid 199317 on use3a-ss-b200-gpu-166 device  2 [0x5f] NVIDIA B200
#  Rank 51 Group  0 Pid 199318 on use3a-ss-b200-gpu-166 device  3 [0x70] NVIDIA B200
#  Rank 52 Group  0 Pid 199319 on use3a-ss-b200-gpu-166 device  4 [0x97] NVIDIA B200
#  Rank 53 Group  0 Pid 199320 on use3a-ss-b200-gpu-166 device  5 [0xba] NVIDIA B200
#  Rank 54 Group  0 Pid 199321 on use3a-ss-b200-gpu-166 device  6 [0xdc] NVIDIA B200
#  Rank 55 Group  0 Pid 199322 on use3a-ss-b200-gpu-166 device  7 [0xed] NVIDIA B200
#  Rank 56 Group  0 Pid 213765 on use3a-ss-b200-gpu-167 device  0 [0x17] NVIDIA B200
#  Rank 57 Group  0 Pid 213766 on use3a-ss-b200-gpu-167 device  1 [0x3d] NVIDIA B200
#  Rank 58 Group  0 Pid 213767 on use3a-ss-b200-gpu-167 device  2 [0x5f] NVIDIA B200
#  Rank 59 Group  0 Pid 213768 on use3a-ss-b200-gpu-167 device  3 [0x70] NVIDIA B200
#  Rank 60 Group  0 Pid 213769 on use3a-ss-b200-gpu-167 device  4 [0x97] NVIDIA B200
#  Rank 61 Group  0 Pid 213770 on use3a-ss-b200-gpu-167 device  5 [0xba] NVIDIA B200
#  Rank 62 Group  0 Pid 213771 on use3a-ss-b200-gpu-167 device  6 [0xdc] NVIDIA B200
#  Rank 63 Group  0 Pid 213772 on use3a-ss-b200-gpu-167 device  7 [0xed] NVIDIA B200
#  Rank 64 Group  0 Pid 200050 on use3a-ss-b200-gpu-168 device  0 [0x17] NVIDIA B200
#  Rank 65 Group  0 Pid 200051 on use3a-ss-b200-gpu-168 device  1 [0x3d] NVIDIA B200
#  Rank 66 Group  0 Pid 200052 on use3a-ss-b200-gpu-168 device  2 [0x5f] NVIDIA B200
#  Rank 67 Group  0 Pid 200053 on use3a-ss-b200-gpu-168 device  3 [0x70] NVIDIA B200
#  Rank 68 Group  0 Pid 200054 on use3a-ss-b200-gpu-168 device  4 [0x97] NVIDIA B200
#  Rank 69 Group  0 Pid 200055 on use3a-ss-b200-gpu-168 device  5 [0xba] NVIDIA B200
#  Rank 70 Group  0 Pid 200056 on use3a-ss-b200-gpu-168 device  6 [0xdc] NVIDIA B200
#  Rank 71 Group  0 Pid 200057 on use3a-ss-b200-gpu-168 device  7 [0xed] NVIDIA B200
#  Rank 72 Group  0 Pid 200079 on use3a-ss-b200-gpu-169 device  0 [0x17] NVIDIA B200
#  Rank 73 Group  0 Pid 200080 on use3a-ss-b200-gpu-169 device  1 [0x3d] NVIDIA B200
#  Rank 74 Group  0 Pid 200081 on use3a-ss-b200-gpu-169 device  2 [0x5f] NVIDIA B200
#  Rank 75 Group  0 Pid 200082 on use3a-ss-b200-gpu-169 device  3 [0x70] NVIDIA B200
#  Rank 76 Group  0 Pid 200083 on use3a-ss-b200-gpu-169 device  4 [0x97] NVIDIA B200
#  Rank 77 Group  0 Pid 200084 on use3a-ss-b200-gpu-169 device  5 [0xba] NVIDIA B200
#  Rank 78 Group  0 Pid 200085 on use3a-ss-b200-gpu-169 device  6 [0xdc] NVIDIA B200
#  Rank 79 Group  0 Pid 200086 on use3a-ss-b200-gpu-169 device  7 [0xed] NVIDIA B200
#  Rank 80 Group  0 Pid 176867 on use3a-ss-b200-gpu-170 device  0 [0x17] NVIDIA B200
#  Rank 81 Group  0 Pid 176868 on use3a-ss-b200-gpu-170 device  1 [0x3d] NVIDIA B200
#  Rank 82 Group  0 Pid 176869 on use3a-ss-b200-gpu-170 device  2 [0x5f] NVIDIA B200
#  Rank 83 Group  0 Pid 176870 on use3a-ss-b200-gpu-170 device  3 [0x70] NVIDIA B200
#  Rank 84 Group  0 Pid 176871 on use3a-ss-b200-gpu-170 device  4 [0x97] NVIDIA B200
#  Rank 85 Group  0 Pid 176872 on use3a-ss-b200-gpu-170 device  5 [0xba] NVIDIA B200
#  Rank 86 Group  0 Pid 176873 on use3a-ss-b200-gpu-170 device  6 [0xdc] NVIDIA B200
#  Rank 87 Group  0 Pid 176874 on use3a-ss-b200-gpu-170 device  7 [0xed] NVIDIA B200
#  Rank 88 Group  0 Pid 189282 on use3a-ss-b200-gpu-171 device  0 [0x17] NVIDIA B200
#  Rank 89 Group  0 Pid 189283 on use3a-ss-b200-gpu-171 device  1 [0x3d] NVIDIA B200
#  Rank 90 Group  0 Pid 189284 on use3a-ss-b200-gpu-171 device  2 [0x5f] NVIDIA B200
#  Rank 91 Group  0 Pid 189285 on use3a-ss-b200-gpu-171 device  3 [0x70] NVIDIA B200
#  Rank 92 Group  0 Pid 189286 on use3a-ss-b200-gpu-171 device  4 [0x97] NVIDIA B200
#  Rank 93 Group  0 Pid 189287 on use3a-ss-b200-gpu-171 device  5 [0xba] NVIDIA B200
#  Rank 94 Group  0 Pid 189288 on use3a-ss-b200-gpu-171 device  6 [0xdc] NVIDIA B200
#  Rank 95 Group  0 Pid 189289 on use3a-ss-b200-gpu-171 device  7 [0xed] NVIDIA B200
#  Rank 96 Group  0 Pid 201289 on use3a-ss-b200-gpu-172 device  0 [0x17] NVIDIA B200
#  Rank 97 Group  0 Pid 201290 on use3a-ss-b200-gpu-172 device  1 [0x3d] NVIDIA B200
#  Rank 98 Group  0 Pid 201291 on use3a-ss-b200-gpu-172 device  2 [0x5f] NVIDIA B200
#  Rank 99 Group  0 Pid 201292 on use3a-ss-b200-gpu-172 device  3 [0x70] NVIDIA B200
#  Rank 100 Group  0 Pid 201293 on use3a-ss-b200-gpu-172 device  4 [0x97] NVIDIA B200
#  Rank 101 Group  0 Pid 201294 on use3a-ss-b200-gpu-172 device  5 [0xba] NVIDIA B200
#  Rank 102 Group  0 Pid 201295 on use3a-ss-b200-gpu-172 device  6 [0xdc] NVIDIA B200
#  Rank 103 Group  0 Pid 201296 on use3a-ss-b200-gpu-172 device  7 [0xed] NVIDIA B200
#  Rank 104 Group  0 Pid 198502 on use3a-ss-b200-gpu-173 device  0 [0x17] NVIDIA B200
#  Rank 105 Group  0 Pid 198503 on use3a-ss-b200-gpu-173 device  1 [0x3d] NVIDIA B200
#  Rank 106 Group  0 Pid 198504 on use3a-ss-b200-gpu-173 device  2 [0x5f] NVIDIA B200
#  Rank 107 Group  0 Pid 198505 on use3a-ss-b200-gpu-173 device  3 [0x70] NVIDIA B200
#  Rank 108 Group  0 Pid 198506 on use3a-ss-b200-gpu-173 device  4 [0x97] NVIDIA B200
#  Rank 109 Group  0 Pid 198507 on use3a-ss-b200-gpu-173 device  5 [0xba] NVIDIA B200
#  Rank 110 Group  0 Pid 198508 on use3a-ss-b200-gpu-173 device  6 [0xdc] NVIDIA B200
#  Rank 111 Group  0 Pid 198509 on use3a-ss-b200-gpu-173 device  7 [0xed] NVIDIA B200
#  Rank 112 Group  0 Pid 198481 on use3a-ss-b200-gpu-174 device  0 [0x17] NVIDIA B200
#  Rank 113 Group  0 Pid 198482 on use3a-ss-b200-gpu-174 device  1 [0x3d] NVIDIA B200
#  Rank 114 Group  0 Pid 198483 on use3a-ss-b200-gpu-174 device  2 [0x5f] NVIDIA B200
#  Rank 115 Group  0 Pid 198484 on use3a-ss-b200-gpu-174 device  3 [0x70] NVIDIA B200
#  Rank 116 Group  0 Pid 198485 on use3a-ss-b200-gpu-174 device  4 [0x97] NVIDIA B200
#  Rank 117 Group  0 Pid 198486 on use3a-ss-b200-gpu-174 device  5 [0xba] NVIDIA B200
#  Rank 118 Group  0 Pid 198487 on use3a-ss-b200-gpu-174 device  6 [0xdc] NVIDIA B200
#  Rank 119 Group  0 Pid 198488 on use3a-ss-b200-gpu-174 device  7 [0xed] NVIDIA B200
#  Rank 120 Group  0 Pid 201085 on use3a-ss-b200-gpu-175 device  0 [0x17] NVIDIA B200
#  Rank 121 Group  0 Pid 201086 on use3a-ss-b200-gpu-175 device  1 [0x3d] NVIDIA B200
#  Rank 122 Group  0 Pid 201087 on use3a-ss-b200-gpu-175 device  2 [0x5f] NVIDIA B200
#  Rank 123 Group  0 Pid 201088 on use3a-ss-b200-gpu-175 device  3 [0x70] NVIDIA B200
#  Rank 124 Group  0 Pid 201089 on use3a-ss-b200-gpu-175 device  4 [0x97] NVIDIA B200
#  Rank 125 Group  0 Pid 201090 on use3a-ss-b200-gpu-175 device  5 [0xba] NVIDIA B200
#  Rank 126 Group  0 Pid 201091 on use3a-ss-b200-gpu-175 device  6 [0xdc] NVIDIA B200
#  Rank 127 Group  0 Pid 201092 on use3a-ss-b200-gpu-175 device  7 [0xed] NVIDIA B200
#  Rank 128 Group  0 Pid 198555 on use3a-ss-b200-gpu-176 device  0 [0x17] NVIDIA B200
#  Rank 129 Group  0 Pid 198556 on use3a-ss-b200-gpu-176 device  1 [0x3d] NVIDIA B200
#  Rank 130 Group  0 Pid 198557 on use3a-ss-b200-gpu-176 device  2 [0x5f] NVIDIA B200
#  Rank 131 Group  0 Pid 198558 on use3a-ss-b200-gpu-176 device  3 [0x70] NVIDIA B200
#  Rank 132 Group  0 Pid 198559 on use3a-ss-b200-gpu-176 device  4 [0x97] NVIDIA B200
#  Rank 133 Group  0 Pid 198560 on use3a-ss-b200-gpu-176 device  5 [0xba] NVIDIA B200
#  Rank 134 Group  0 Pid 198561 on use3a-ss-b200-gpu-176 device  6 [0xdc] NVIDIA B200
#  Rank 135 Group  0 Pid 198562 on use3a-ss-b200-gpu-176 device  7 [0xed] NVIDIA B200
#  Rank 136 Group  0 Pid 197656 on use3a-ss-b200-gpu-177 device  0 [0x17] NVIDIA B200
#  Rank 137 Group  0 Pid 197657 on use3a-ss-b200-gpu-177 device  1 [0x3d] NVIDIA B200
#  Rank 138 Group  0 Pid 197658 on use3a-ss-b200-gpu-177 device  2 [0x5f] NVIDIA B200
#  Rank 139 Group  0 Pid 197659 on use3a-ss-b200-gpu-177 device  3 [0x70] NVIDIA B200
#  Rank 140 Group  0 Pid 197660 on use3a-ss-b200-gpu-177 device  4 [0x97] NVIDIA B200
#  Rank 141 Group  0 Pid 197661 on use3a-ss-b200-gpu-177 device  5 [0xba] NVIDIA B200
#  Rank 142 Group  0 Pid 197662 on use3a-ss-b200-gpu-177 device  6 [0xdc] NVIDIA B200
#  Rank 143 Group  0 Pid 197663 on use3a-ss-b200-gpu-177 device  7 [0xed] NVIDIA B200
#  Rank 144 Group  0 Pid 187521 on use3a-ss-b200-gpu-178 device  0 [0x17] NVIDIA B200
#  Rank 145 Group  0 Pid 187522 on use3a-ss-b200-gpu-178 device  1 [0x3d] NVIDIA B200
#  Rank 146 Group  0 Pid 187523 on use3a-ss-b200-gpu-178 device  2 [0x5f] NVIDIA B200
#  Rank 147 Group  0 Pid 187524 on use3a-ss-b200-gpu-178 device  3 [0x70] NVIDIA B200
#  Rank 148 Group  0 Pid 187525 on use3a-ss-b200-gpu-178 device  4 [0x97] NVIDIA B200
#  Rank 149 Group  0 Pid 187526 on use3a-ss-b200-gpu-178 device  5 [0xba] NVIDIA B200
#  Rank 150 Group  0 Pid 187527 on use3a-ss-b200-gpu-178 device  6 [0xdc] NVIDIA B200
#  Rank 151 Group  0 Pid 187528 on use3a-ss-b200-gpu-178 device  7 [0xed] NVIDIA B200
#  Rank 152 Group  0 Pid 199310 on use3a-ss-b200-gpu-179 device  0 [0x17] NVIDIA B200
#  Rank 153 Group  0 Pid 199311 on use3a-ss-b200-gpu-179 device  1 [0x3d] NVIDIA B200
#  Rank 154 Group  0 Pid 199312 on use3a-ss-b200-gpu-179 device  2 [0x5f] NVIDIA B200
#  Rank 155 Group  0 Pid 199313 on use3a-ss-b200-gpu-179 device  3 [0x70] NVIDIA B200
#  Rank 156 Group  0 Pid 199314 on use3a-ss-b200-gpu-179 device  4 [0x97] NVIDIA B200
#  Rank 157 Group  0 Pid 199315 on use3a-ss-b200-gpu-179 device  5 [0xba] NVIDIA B200
#  Rank 158 Group  0 Pid 199316 on use3a-ss-b200-gpu-179 device  6 [0xdc] NVIDIA B200
#  Rank 159 Group  0 Pid 199317 on use3a-ss-b200-gpu-179 device  7 [0xed] NVIDIA B200
#  Rank 160 Group  0 Pid 197268 on use3a-ss-b200-gpu-180 device  0 [0x17] NVIDIA B200
#  Rank 161 Group  0 Pid 197269 on use3a-ss-b200-gpu-180 device  1 [0x3d] NVIDIA B200
#  Rank 162 Group  0 Pid 197270 on use3a-ss-b200-gpu-180 device  2 [0x5f] NVIDIA B200
#  Rank 163 Group  0 Pid 197271 on use3a-ss-b200-gpu-180 device  3 [0x70] NVIDIA B200
#  Rank 164 Group  0 Pid 197272 on use3a-ss-b200-gpu-180 device  4 [0x97] NVIDIA B200
#  Rank 165 Group  0 Pid 197273 on use3a-ss-b200-gpu-180 device  5 [0xba] NVIDIA B200
#  Rank 166 Group  0 Pid 197274 on use3a-ss-b200-gpu-180 device  6 [0xdc] NVIDIA B200
#  Rank 167 Group  0 Pid 197275 on use3a-ss-b200-gpu-180 device  7 [0xed] NVIDIA B200
#  Rank 168 Group  0 Pid 196667 on use3a-ss-b200-gpu-181 device  0 [0x17] NVIDIA B200
#  Rank 169 Group  0 Pid 196668 on use3a-ss-b200-gpu-181 device  1 [0x3d] NVIDIA B200
#  Rank 170 Group  0 Pid 196669 on use3a-ss-b200-gpu-181 device  2 [0x5f] NVIDIA B200
#  Rank 171 Group  0 Pid 196670 on use3a-ss-b200-gpu-181 device  3 [0x70] NVIDIA B200
#  Rank 172 Group  0 Pid 196671 on use3a-ss-b200-gpu-181 device  4 [0x97] NVIDIA B200
#  Rank 173 Group  0 Pid 196672 on use3a-ss-b200-gpu-181 device  5 [0xba] NVIDIA B200
#  Rank 174 Group  0 Pid 196673 on use3a-ss-b200-gpu-181 device  6 [0xdc] NVIDIA B200
#  Rank 175 Group  0 Pid 196674 on use3a-ss-b200-gpu-181 device  7 [0xed] NVIDIA B200
#  Rank 176 Group  0 Pid 196965 on use3a-ss-b200-gpu-182 device  0 [0x17] NVIDIA B200
#  Rank 177 Group  0 Pid 196966 on use3a-ss-b200-gpu-182 device  1 [0x3d] NVIDIA B200
#  Rank 178 Group  0 Pid 196967 on use3a-ss-b200-gpu-182 device  2 [0x5f] NVIDIA B200
#  Rank 179 Group  0 Pid 196968 on use3a-ss-b200-gpu-182 device  3 [0x70] NVIDIA B200
#  Rank 180 Group  0 Pid 196969 on use3a-ss-b200-gpu-182 device  4 [0x97] NVIDIA B200
#  Rank 181 Group  0 Pid 196970 on use3a-ss-b200-gpu-182 device  5 [0xba] NVIDIA B200
#  Rank 182 Group  0 Pid 196971 on use3a-ss-b200-gpu-182 device  6 [0xdc] NVIDIA B200
#  Rank 183 Group  0 Pid 196972 on use3a-ss-b200-gpu-182 device  7 [0xed] NVIDIA B200
#  Rank 184 Group  0 Pid 196782 on use3a-ss-b200-gpu-183 device  0 [0x17] NVIDIA B200
#  Rank 185 Group  0 Pid 196783 on use3a-ss-b200-gpu-183 device  1 [0x3d] NVIDIA B200
#  Rank 186 Group  0 Pid 196784 on use3a-ss-b200-gpu-183 device  2 [0x5f] NVIDIA B200
#  Rank 187 Group  0 Pid 196785 on use3a-ss-b200-gpu-183 device  3 [0x70] NVIDIA B200
#  Rank 188 Group  0 Pid 196786 on use3a-ss-b200-gpu-183 device  4 [0x97] NVIDIA B200
#  Rank 189 Group  0 Pid 196787 on use3a-ss-b200-gpu-183 device  5 [0xba] NVIDIA B200
#  Rank 190 Group  0 Pid 196788 on use3a-ss-b200-gpu-183 device  6 [0xdc] NVIDIA B200
#  Rank 191 Group  0 Pid 196789 on use3a-ss-b200-gpu-183 device  7 [0xed] NVIDIA B200
#  Rank 192 Group  0 Pid 196527 on use3a-ss-b200-gpu-184 device  0 [0x17] NVIDIA B200
#  Rank 193 Group  0 Pid 196528 on use3a-ss-b200-gpu-184 device  1 [0x3d] NVIDIA B200
#  Rank 194 Group  0 Pid 196529 on use3a-ss-b200-gpu-184 device  2 [0x5f] NVIDIA B200
#  Rank 195 Group  0 Pid 196530 on use3a-ss-b200-gpu-184 device  3 [0x70] NVIDIA B200
#  Rank 196 Group  0 Pid 196531 on use3a-ss-b200-gpu-184 device  4 [0x97] NVIDIA B200
#  Rank 197 Group  0 Pid 196532 on use3a-ss-b200-gpu-184 device  5 [0xba] NVIDIA B200
#  Rank 198 Group  0 Pid 196533 on use3a-ss-b200-gpu-184 device  6 [0xdc] NVIDIA B200
#  Rank 199 Group  0 Pid 196534 on use3a-ss-b200-gpu-184 device  7 [0xed] NVIDIA B200
#  Rank 200 Group  0 Pid 214025 on use3a-ss-b200-gpu-185 device  0 [0x17] NVIDIA B200
#  Rank 201 Group  0 Pid 214026 on use3a-ss-b200-gpu-185 device  1 [0x3d] NVIDIA B200
#  Rank 202 Group  0 Pid 214027 on use3a-ss-b200-gpu-185 device  2 [0x5f] NVIDIA B200
#  Rank 203 Group  0 Pid 214028 on use3a-ss-b200-gpu-185 device  3 [0x70] NVIDIA B200
#  Rank 204 Group  0 Pid 214029 on use3a-ss-b200-gpu-185 device  4 [0x97] NVIDIA B200
#  Rank 205 Group  0 Pid 214030 on use3a-ss-b200-gpu-185 device  5 [0xba] NVIDIA B200
#  Rank 206 Group  0 Pid 214031 on use3a-ss-b200-gpu-185 device  6 [0xdc] NVIDIA B200
#  Rank 207 Group  0 Pid 214032 on use3a-ss-b200-gpu-185 device  7 [0xed] NVIDIA B200
#  Rank 208 Group  0 Pid 194728 on use3a-ss-b200-gpu-186 device  0 [0x17] NVIDIA B200
#  Rank 209 Group  0 Pid 194729 on use3a-ss-b200-gpu-186 device  1 [0x3d] NVIDIA B200
#  Rank 210 Group  0 Pid 194730 on use3a-ss-b200-gpu-186 device  2 [0x5f] NVIDIA B200
#  Rank 211 Group  0 Pid 194731 on use3a-ss-b200-gpu-186 device  3 [0x70] NVIDIA B200
#  Rank 212 Group  0 Pid 194732 on use3a-ss-b200-gpu-186 device  4 [0x97] NVIDIA B200
#  Rank 213 Group  0 Pid 194733 on use3a-ss-b200-gpu-186 device  5 [0xba] NVIDIA B200
#  Rank 214 Group  0 Pid 194734 on use3a-ss-b200-gpu-186 device  6 [0xdc] NVIDIA B200
#  Rank 215 Group  0 Pid 194735 on use3a-ss-b200-gpu-186 device  7 [0xed] NVIDIA B200
#  Rank 216 Group  0 Pid 203546 on use3a-ss-b200-gpu-187 device  0 [0x17] NVIDIA B200
#  Rank 217 Group  0 Pid 203547 on use3a-ss-b200-gpu-187 device  1 [0x3d] NVIDIA B200
#  Rank 218 Group  0 Pid 203548 on use3a-ss-b200-gpu-187 device  2 [0x5f] NVIDIA B200
#  Rank 219 Group  0 Pid 203549 on use3a-ss-b200-gpu-187 device  3 [0x70] NVIDIA B200
#  Rank 220 Group  0 Pid 203550 on use3a-ss-b200-gpu-187 device  4 [0x97] NVIDIA B200
#  Rank 221 Group  0 Pid 203551 on use3a-ss-b200-gpu-187 device  5 [0xba] NVIDIA B200
#  Rank 222 Group  0 Pid 203552 on use3a-ss-b200-gpu-187 device  6 [0xdc] NVIDIA B200
#  Rank 223 Group  0 Pid 203553 on use3a-ss-b200-gpu-187 device  7 [0xed] NVIDIA B200
#  Rank 224 Group  0 Pid 194414 on use3a-ss-b200-gpu-188 device  0 [0x17] NVIDIA B200
#  Rank 225 Group  0 Pid 194415 on use3a-ss-b200-gpu-188 device  1 [0x3d] NVIDIA B200
#  Rank 226 Group  0 Pid 194416 on use3a-ss-b200-gpu-188 device  2 [0x5f] NVIDIA B200
#  Rank 227 Group  0 Pid 194417 on use3a-ss-b200-gpu-188 device  3 [0x70] NVIDIA B200
#  Rank 228 Group  0 Pid 194418 on use3a-ss-b200-gpu-188 device  4 [0x97] NVIDIA B200
#  Rank 229 Group  0 Pid 194419 on use3a-ss-b200-gpu-188 device  5 [0xba] NVIDIA B200
#  Rank 230 Group  0 Pid 194420 on use3a-ss-b200-gpu-188 device  6 [0xdc] NVIDIA B200
#  Rank 231 Group  0 Pid 194421 on use3a-ss-b200-gpu-188 device  7 [0xed] NVIDIA B200
#  Rank 232 Group  0 Pid 203830 on use3a-ss-b200-gpu-189 device  0 [0x17] NVIDIA B200
#  Rank 233 Group  0 Pid 203831 on use3a-ss-b200-gpu-189 device  1 [0x3d] NVIDIA B200
#  Rank 234 Group  0 Pid 203832 on use3a-ss-b200-gpu-189 device  2 [0x5f] NVIDIA B200
#  Rank 235 Group  0 Pid 203833 on use3a-ss-b200-gpu-189 device  3 [0x70] NVIDIA B200
#  Rank 236 Group  0 Pid 203834 on use3a-ss-b200-gpu-189 device  4 [0x97] NVIDIA B200
#  Rank 237 Group  0 Pid 203835 on use3a-ss-b200-gpu-189 device  5 [0xba] NVIDIA B200
#  Rank 238 Group  0 Pid 203836 on use3a-ss-b200-gpu-189 device  6 [0xdc] NVIDIA B200
#  Rank 239 Group  0 Pid 203837 on use3a-ss-b200-gpu-189 device  7 [0xed] NVIDIA B200
#  Rank 240 Group  0 Pid 194339 on use3a-ss-b200-gpu-190 device  0 [0x17] NVIDIA B200
#  Rank 241 Group  0 Pid 194340 on use3a-ss-b200-gpu-190 device  1 [0x3d] NVIDIA B200
#  Rank 242 Group  0 Pid 194341 on use3a-ss-b200-gpu-190 device  2 [0x5f] NVIDIA B200
#  Rank 243 Group  0 Pid 194342 on use3a-ss-b200-gpu-190 device  3 [0x70] NVIDIA B200
#  Rank 244 Group  0 Pid 194343 on use3a-ss-b200-gpu-190 device  4 [0x97] NVIDIA B200
#  Rank 245 Group  0 Pid 194344 on use3a-ss-b200-gpu-190 device  5 [0xba] NVIDIA B200
#  Rank 246 Group  0 Pid 194345 on use3a-ss-b200-gpu-190 device  6 [0xdc] NVIDIA B200
#  Rank 247 Group  0 Pid 194346 on use3a-ss-b200-gpu-190 device  7 [0xed] NVIDIA B200
#  Rank 248 Group  0 Pid 167960 on use3a-ss-b200-gpu-195 device  0 [0x17] NVIDIA B200
#  Rank 249 Group  0 Pid 167961 on use3a-ss-b200-gpu-195 device  1 [0x3d] NVIDIA B200
#  Rank 250 Group  0 Pid 167962 on use3a-ss-b200-gpu-195 device  2 [0x5f] NVIDIA B200
#  Rank 251 Group  0 Pid 167963 on use3a-ss-b200-gpu-195 device  3 [0x70] NVIDIA B200
#  Rank 252 Group  0 Pid 167964 on use3a-ss-b200-gpu-195 device  4 [0x97] NVIDIA B200
#  Rank 253 Group  0 Pid 167965 on use3a-ss-b200-gpu-195 device  5 [0xba] NVIDIA B200
#  Rank 254 Group  0 Pid 167966 on use3a-ss-b200-gpu-195 device  6 [0xdc] NVIDIA B200
#  Rank 255 Group  0 Pid 167967 on use3a-ss-b200-gpu-195 device  7 [0xed] NVIDIA B200
NCCL version 2.29.7+cuda12.9
#
#                                                              out-of-place                       in-place          
#       size         count      type   redop    root     time   algbw   busbw #wrong     time   algbw   busbw #wrong
#        (B)    (elements)                               (us)  (GB/s)  (GB/s)            (us)  (GB/s)  (GB/s)       
        1024           256     float     sum      -1    32.73    0.03    0.03      0    30.08    0.03    0.03    N/A
        2048           512     float     sum      -1    30.49    0.07    0.07      0    29.47    0.07    0.07    N/A
        4096          1024     float     sum      -1    30.20    0.14    0.14      0    28.96    0.14    0.14    N/A
        8192          2048     float     sum      -1    29.36    0.28    0.28      0    29.21    0.28    0.28    N/A
       16384          4096     float     sum      -1    32.73    0.50    0.50      0    35.89    0.46    0.46    N/A
       32768          8192     float     sum      -1    33.63    0.97    0.97      0    33.91    0.97    0.97    N/A
       65536         16384     float     sum      -1    40.66    1.61    1.61      0    39.83    1.65    1.65    N/A
      131072         32768     float     sum      -1    44.35    2.96    2.96      0    43.52    3.01    3.01    N/A
      262144         65536     float     sum      -1    57.08    4.59    4.59      0    55.35    4.74    4.74    N/A
      524288        131072     float     sum      -1    81.78    6.41    6.41      0    81.27    6.45    6.45    N/A
     1048576        262144     float     sum      -1    100.8   10.40   10.40      0    99.94   10.49   10.49    N/A
     2097152        524288     float     sum      -1    171.9   12.20   12.20      0    172.1   12.19   12.19    N/A
     4194304       1048576     float     sum      -1    312.0   13.44   13.44      0    313.1   13.40   13.40    N/A
     8388608       2097152     float     sum      -1    596.1   14.07   14.07      0    589.9   14.22   14.22    N/A
    16777216       4194304     float     sum      -1   1167.4   14.37   14.37      0   1152.8   14.55   14.55    N/A
    33554432       8388608     float     sum      -1   2312.6   14.51   14.51      0   2284.1   14.69   14.69    N/A
    67108864      16777216     float     sum      -1   4600.7   14.59   14.59      0   4547.1   14.76   14.76    N/A
   134217728      33554432     float     sum      -1   9178.1   14.62   14.62      0   9080.8   14.78   14.78    N/A
   268435456      67108864     float     sum      -1    18324   14.65   14.65      0    18187   14.76   14.76    N/A
# Out of bounds values : 0 OK
# Avg bus bandwidth    : 7.42228 
#


>>> SendRecv at 64MB (405B activation tensor) — 256 GPUs...
# nThread 1 nGpus 1 minBytes 67108864 maxBytes 67108864 step: 1048576(bytes) warmup iters: 5 iters: 50 agg iters: 1 validation: 1 graph: 0
#
# Using devices
#  Rank  0 Group  0 Pid 171145 on use3a-ss-b200-gpu-160 device  0 [0x17] NVIDIA B200
#  Rank  1 Group  0 Pid 171146 on use3a-ss-b200-gpu-160 device  1 [0x3d] NVIDIA B200
#  Rank  2 Group  0 Pid 171147 on use3a-ss-b200-gpu-160 device  2 [0x5f] NVIDIA B200
#  Rank  3 Group  0 Pid 171148 on use3a-ss-b200-gpu-160 device  3 [0x70] NVIDIA B200
#  Rank  4 Group  0 Pid 171149 on use3a-ss-b200-gpu-160 device  4 [0x97] NVIDIA B200
#  Rank  5 Group  0 Pid 171150 on use3a-ss-b200-gpu-160 device  5 [0xba] NVIDIA B200
#  Rank  6 Group  0 Pid 171151 on use3a-ss-b200-gpu-160 device  6 [0xdc] NVIDIA B200
#  Rank  7 Group  0 Pid 171152 on use3a-ss-b200-gpu-160 device  7 [0xed] NVIDIA B200
#  Rank  8 Group  0 Pid 182867 on use3a-ss-b200-gpu-161 device  0 [0x17] NVIDIA B200
#  Rank  9 Group  0 Pid 182868 on use3a-ss-b200-gpu-161 device  1 [0x3d] NVIDIA B200
#  Rank 10 Group  0 Pid 182869 on use3a-ss-b200-gpu-161 device  2 [0x5f] NVIDIA B200
#  Rank 11 Group  0 Pid 182870 on use3a-ss-b200-gpu-161 device  3 [0x70] NVIDIA B200
#  Rank 12 Group  0 Pid 182871 on use3a-ss-b200-gpu-161 device  4 [0x97] NVIDIA B200
#  Rank 13 Group  0 Pid 182872 on use3a-ss-b200-gpu-161 device  5 [0xba] NVIDIA B200
#  Rank 14 Group  0 Pid 182873 on use3a-ss-b200-gpu-161 device  6 [0xdc] NVIDIA B200
#  Rank 15 Group  0 Pid 182874 on use3a-ss-b200-gpu-161 device  7 [0xed] NVIDIA B200
#  Rank 16 Group  0 Pid 199731 on use3a-ss-b200-gpu-162 device  0 [0x17] NVIDIA B200
#  Rank 17 Group  0 Pid 199732 on use3a-ss-b200-gpu-162 device  1 [0x3d] NVIDIA B200
#  Rank 18 Group  0 Pid 199733 on use3a-ss-b200-gpu-162 device  2 [0x5f] NVIDIA B200
#  Rank 19 Group  0 Pid 199734 on use3a-ss-b200-gpu-162 device  3 [0x70] NVIDIA B200
#  Rank 20 Group  0 Pid 199735 on use3a-ss-b200-gpu-162 device  4 [0x97] NVIDIA B200
#  Rank 21 Group  0 Pid 199736 on use3a-ss-b200-gpu-162 device  5 [0xba] NVIDIA B200
#  Rank 22 Group  0 Pid 199737 on use3a-ss-b200-gpu-162 device  6 [0xdc] NVIDIA B200
#  Rank 23 Group  0 Pid 199738 on use3a-ss-b200-gpu-162 device  7 [0xed] NVIDIA B200
#  Rank 24 Group  0 Pid 199586 on use3a-ss-b200-gpu-163 device  0 [0x17] NVIDIA B200
#  Rank 25 Group  0 Pid 199587 on use3a-ss-b200-gpu-163 device  1 [0x3d] NVIDIA B200
#  Rank 26 Group  0 Pid 199588 on use3a-ss-b200-gpu-163 device  2 [0x5f] NVIDIA B200
#  Rank 27 Group  0 Pid 199589 on use3a-ss-b200-gpu-163 device  3 [0x70] NVIDIA B200
#  Rank 28 Group  0 Pid 199590 on use3a-ss-b200-gpu-163 device  4 [0x97] NVIDIA B200
#  Rank 29 Group  0 Pid 199591 on use3a-ss-b200-gpu-163 device  5 [0xba] NVIDIA B200
#  Rank 30 Group  0 Pid 199592 on use3a-ss-b200-gpu-163 device  6 [0xdc] NVIDIA B200
#  Rank 31 Group  0 Pid 199593 on use3a-ss-b200-gpu-163 device  7 [0xed] NVIDIA B200
#  Rank 32 Group  0 Pid 199635 on use3a-ss-b200-gpu-164 device  0 [0x17] NVIDIA B200
#  Rank 33 Group  0 Pid 199636 on use3a-ss-b200-gpu-164 device  1 [0x3d] NVIDIA B200
#  Rank 34 Group  0 Pid 199637 on use3a-ss-b200-gpu-164 device  2 [0x5f] NVIDIA B200
#  Rank 35 Group  0 Pid 199638 on use3a-ss-b200-gpu-164 device  3 [0x70] NVIDIA B200
#  Rank 36 Group  0 Pid 199639 on use3a-ss-b200-gpu-164 device  4 [0x97] NVIDIA B200
#  Rank 37 Group  0 Pid 199640 on use3a-ss-b200-gpu-164 device  5 [0xba] NVIDIA B200
#  Rank 38 Group  0 Pid 199641 on use3a-ss-b200-gpu-164 device  6 [0xdc] NVIDIA B200
#  Rank 39 Group  0 Pid 199642 on use3a-ss-b200-gpu-164 device  7 [0xed] NVIDIA B200
#  Rank 40 Group  0 Pid 199517 on use3a-ss-b200-gpu-165 device  0 [0x17] NVIDIA B200
#  Rank 41 Group  0 Pid 199518 on use3a-ss-b200-gpu-165 device  1 [0x3d] NVIDIA B200
#  Rank 42 Group  0 Pid 199519 on use3a-ss-b200-gpu-165 device  2 [0x5f] NVIDIA B200
#  Rank 43 Group  0 Pid 199520 on use3a-ss-b200-gpu-165 device  3 [0x70] NVIDIA B200
#  Rank 44 Group  0 Pid 199521 on use3a-ss-b200-gpu-165 device  4 [0x97] NVIDIA B200
#  Rank 45 Group  0 Pid 199522 on use3a-ss-b200-gpu-165 device  5 [0xba] NVIDIA B200
#  Rank 46 Group  0 Pid 199523 on use3a-ss-b200-gpu-165 device  6 [0xdc] NVIDIA B200
#  Rank 47 Group  0 Pid 199524 on use3a-ss-b200-gpu-165 device  7 [0xed] NVIDIA B200
#  Rank 48 Group  0 Pid 199714 on use3a-ss-b200-gpu-166 device  0 [0x17] NVIDIA B200
#  Rank 49 Group  0 Pid 199715 on use3a-ss-b200-gpu-166 device  1 [0x3d] NVIDIA B200
#  Rank 50 Group  0 Pid 199716 on use3a-ss-b200-gpu-166 device  2 [0x5f] NVIDIA B200
#  Rank 51 Group  0 Pid 199717 on use3a-ss-b200-gpu-166 device  3 [0x70] NVIDIA B200
#  Rank 52 Group  0 Pid 199718 on use3a-ss-b200-gpu-166 device  4 [0x97] NVIDIA B200
#  Rank 53 Group  0 Pid 199719 on use3a-ss-b200-gpu-166 device  5 [0xba] NVIDIA B200
#  Rank 54 Group  0 Pid 199720 on use3a-ss-b200-gpu-166 device  6 [0xdc] NVIDIA B200
#  Rank 55 Group  0 Pid 199721 on use3a-ss-b200-gpu-166 device  7 [0xed] NVIDIA B200
#  Rank 56 Group  0 Pid 214157 on use3a-ss-b200-gpu-167 device  0 [0x17] NVIDIA B200
#  Rank 57 Group  0 Pid 214158 on use3a-ss-b200-gpu-167 device  1 [0x3d] NVIDIA B200
#  Rank 58 Group  0 Pid 214159 on use3a-ss-b200-gpu-167 device  2 [0x5f] NVIDIA B200
#  Rank 59 Group  0 Pid 214160 on use3a-ss-b200-gpu-167 device  3 [0x70] NVIDIA B200
#  Rank 60 Group  0 Pid 214161 on use3a-ss-b200-gpu-167 device  4 [0x97] NVIDIA B200
#  Rank 61 Group  0 Pid 214162 on use3a-ss-b200-gpu-167 device  5 [0xba] NVIDIA B200
#  Rank 62 Group  0 Pid 214163 on use3a-ss-b200-gpu-167 device  6 [0xdc] NVIDIA B200
#  Rank 63 Group  0 Pid 214164 on use3a-ss-b200-gpu-167 device  7 [0xed] NVIDIA B200
#  Rank 64 Group  0 Pid 200443 on use3a-ss-b200-gpu-168 device  0 [0x17] NVIDIA B200
#  Rank 65 Group  0 Pid 200444 on use3a-ss-b200-gpu-168 device  1 [0x3d] NVIDIA B200
#  Rank 66 Group  0 Pid 200445 on use3a-ss-b200-gpu-168 device  2 [0x5f] NVIDIA B200
#  Rank 67 Group  0 Pid 200446 on use3a-ss-b200-gpu-168 device  3 [0x70] NVIDIA B200
#  Rank 68 Group  0 Pid 200447 on use3a-ss-b200-gpu-168 device  4 [0x97] NVIDIA B200
#  Rank 69 Group  0 Pid 200448 on use3a-ss-b200-gpu-168 device  5 [0xba] NVIDIA B200
#  Rank 70 Group  0 Pid 200449 on use3a-ss-b200-gpu-168 device  6 [0xdc] NVIDIA B200
#  Rank 71 Group  0 Pid 200450 on use3a-ss-b200-gpu-168 device  7 [0xed] NVIDIA B200
#  Rank 72 Group  0 Pid 200486 on use3a-ss-b200-gpu-169 device  0 [0x17] NVIDIA B200
#  Rank 73 Group  0 Pid 200487 on use3a-ss-b200-gpu-169 device  1 [0x3d] NVIDIA B200
#  Rank 74 Group  0 Pid 200488 on use3a-ss-b200-gpu-169 device  2 [0x5f] NVIDIA B200
#  Rank 75 Group  0 Pid 200489 on use3a-ss-b200-gpu-169 device  3 [0x70] NVIDIA B200
#  Rank 76 Group  0 Pid 200490 on use3a-ss-b200-gpu-169 device  4 [0x97] NVIDIA B200
#  Rank 77 Group  0 Pid 200491 on use3a-ss-b200-gpu-169 device  5 [0xba] NVIDIA B200
#  Rank 78 Group  0 Pid 200492 on use3a-ss-b200-gpu-169 device  6 [0xdc] NVIDIA B200
#  Rank 79 Group  0 Pid 200493 on use3a-ss-b200-gpu-169 device  7 [0xed] NVIDIA B200
#  Rank 80 Group  0 Pid 177271 on use3a-ss-b200-gpu-170 device  0 [0x17] NVIDIA B200
#  Rank 81 Group  0 Pid 177272 on use3a-ss-b200-gpu-170 device  1 [0x3d] NVIDIA B200
#  Rank 82 Group  0 Pid 177273 on use3a-ss-b200-gpu-170 device  2 [0x5f] NVIDIA B200
#  Rank 83 Group  0 Pid 177274 on use3a-ss-b200-gpu-170 device  3 [0x70] NVIDIA B200
#  Rank 84 Group  0 Pid 177275 on use3a-ss-b200-gpu-170 device  4 [0x97] NVIDIA B200
#  Rank 85 Group  0 Pid 177276 on use3a-ss-b200-gpu-170 device  5 [0xba] NVIDIA B200
#  Rank 86 Group  0 Pid 177277 on use3a-ss-b200-gpu-170 device  6 [0xdc] NVIDIA B200
#  Rank 87 Group  0 Pid 177278 on use3a-ss-b200-gpu-170 device  7 [0xed] NVIDIA B200
#  Rank 88 Group  0 Pid 189678 on use3a-ss-b200-gpu-171 device  0 [0x17] NVIDIA B200
#  Rank 89 Group  0 Pid 189679 on use3a-ss-b200-gpu-171 device  1 [0x3d] NVIDIA B200
#  Rank 90 Group  0 Pid 189680 on use3a-ss-b200-gpu-171 device  2 [0x5f] NVIDIA B200
#  Rank 91 Group  0 Pid 189681 on use3a-ss-b200-gpu-171 device  3 [0x70] NVIDIA B200
#  Rank 92 Group  0 Pid 189682 on use3a-ss-b200-gpu-171 device  4 [0x97] NVIDIA B200
#  Rank 93 Group  0 Pid 189683 on use3a-ss-b200-gpu-171 device  5 [0xba] NVIDIA B200
#  Rank 94 Group  0 Pid 189684 on use3a-ss-b200-gpu-171 device  6 [0xdc] NVIDIA B200
#  Rank 95 Group  0 Pid 189685 on use3a-ss-b200-gpu-171 device  7 [0xed] NVIDIA B200
#  Rank 96 Group  0 Pid 201679 on use3a-ss-b200-gpu-172 device  0 [0x17] NVIDIA B200
#  Rank 97 Group  0 Pid 201680 on use3a-ss-b200-gpu-172 device  1 [0x3d] NVIDIA B200
#  Rank 98 Group  0 Pid 201681 on use3a-ss-b200-gpu-172 device  2 [0x5f] NVIDIA B200
#  Rank 99 Group  0 Pid 201682 on use3a-ss-b200-gpu-172 device  3 [0x70] NVIDIA B200
#  Rank 100 Group  0 Pid 201683 on use3a-ss-b200-gpu-172 device  4 [0x97] NVIDIA B200
#  Rank 101 Group  0 Pid 201684 on use3a-ss-b200-gpu-172 device  5 [0xba] NVIDIA B200
#  Rank 102 Group  0 Pid 201685 on use3a-ss-b200-gpu-172 device  6 [0xdc] NVIDIA B200
#  Rank 103 Group  0 Pid 201686 on use3a-ss-b200-gpu-172 device  7 [0xed] NVIDIA B200
#  Rank 104 Group  0 Pid 198893 on use3a-ss-b200-gpu-173 device  0 [0x17] NVIDIA B200
#  Rank 105 Group  0 Pid 198894 on use3a-ss-b200-gpu-173 device  1 [0x3d] NVIDIA B200
#  Rank 106 Group  0 Pid 198895 on use3a-ss-b200-gpu-173 device  2 [0x5f] NVIDIA B200
#  Rank 107 Group  0 Pid 198896 on use3a-ss-b200-gpu-173 device  3 [0x70] NVIDIA B200
#  Rank 108 Group  0 Pid 198897 on use3a-ss-b200-gpu-173 device  4 [0x97] NVIDIA B200
#  Rank 109 Group  0 Pid 198898 on use3a-ss-b200-gpu-173 device  5 [0xba] NVIDIA B200
#  Rank 110 Group  0 Pid 198899 on use3a-ss-b200-gpu-173 device  6 [0xdc] NVIDIA B200
#  Rank 111 Group  0 Pid 198900 on use3a-ss-b200-gpu-173 device  7 [0xed] NVIDIA B200
#  Rank 112 Group  0 Pid 198872 on use3a-ss-b200-gpu-174 device  0 [0x17] NVIDIA B200
#  Rank 113 Group  0 Pid 198873 on use3a-ss-b200-gpu-174 device  1 [0x3d] NVIDIA B200
#  Rank 114 Group  0 Pid 198874 on use3a-ss-b200-gpu-174 device  2 [0x5f] NVIDIA B200
#  Rank 115 Group  0 Pid 198875 on use3a-ss-b200-gpu-174 device  3 [0x70] NVIDIA B200
#  Rank 116 Group  0 Pid 198876 on use3a-ss-b200-gpu-174 device  4 [0x97] NVIDIA B200
#  Rank 117 Group  0 Pid 198877 on use3a-ss-b200-gpu-174 device  5 [0xba] NVIDIA B200
#  Rank 118 Group  0 Pid 198878 on use3a-ss-b200-gpu-174 device  6 [0xdc] NVIDIA B200
#  Rank 119 Group  0 Pid 198879 on use3a-ss-b200-gpu-174 device  7 [0xed] NVIDIA B200
#  Rank 120 Group  0 Pid 201479 on use3a-ss-b200-gpu-175 device  0 [0x17] NVIDIA B200
#  Rank 121 Group  0 Pid 201480 on use3a-ss-b200-gpu-175 device  1 [0x3d] NVIDIA B200
#  Rank 122 Group  0 Pid 201481 on use3a-ss-b200-gpu-175 device  2 [0x5f] NVIDIA B200
#  Rank 123 Group  0 Pid 201482 on use3a-ss-b200-gpu-175 device  3 [0x70] NVIDIA B200
#  Rank 124 Group  0 Pid 201483 on use3a-ss-b200-gpu-175 device  4 [0x97] NVIDIA B200
#  Rank 125 Group  0 Pid 201484 on use3a-ss-b200-gpu-175 device  5 [0xba] NVIDIA B200
#  Rank 126 Group  0 Pid 201485 on use3a-ss-b200-gpu-175 device  6 [0xdc] NVIDIA B200
#  Rank 127 Group  0 Pid 201486 on use3a-ss-b200-gpu-175 device  7 [0xed] NVIDIA B200
#  Rank 128 Group  0 Pid 198951 on use3a-ss-b200-gpu-176 device  0 [0x17] NVIDIA B200
#  Rank 129 Group  0 Pid 198952 on use3a-ss-b200-gpu-176 device  1 [0x3d] NVIDIA B200
#  Rank 130 Group  0 Pid 198953 on use3a-ss-b200-gpu-176 device  2 [0x5f] NVIDIA B200
#  Rank 131 Group  0 Pid 198954 on use3a-ss-b200-gpu-176 device  3 [0x70] NVIDIA B200
#  Rank 132 Group  0 Pid 198955 on use3a-ss-b200-gpu-176 device  4 [0x97] NVIDIA B200
#  Rank 133 Group  0 Pid 198956 on use3a-ss-b200-gpu-176 device  5 [0xba] NVIDIA B200
#  Rank 134 Group  0 Pid 198957 on use3a-ss-b200-gpu-176 device  6 [0xdc] NVIDIA B200
#  Rank 135 Group  0 Pid 198958 on use3a-ss-b200-gpu-176 device  7 [0xed] NVIDIA B200
#  Rank 136 Group  0 Pid 198066 on use3a-ss-b200-gpu-177 device  0 [0x17] NVIDIA B200
#  Rank 137 Group  0 Pid 198067 on use3a-ss-b200-gpu-177 device  1 [0x3d] NVIDIA B200
#  Rank 138 Group  0 Pid 198068 on use3a-ss-b200-gpu-177 device  2 [0x5f] NVIDIA B200
#  Rank 139 Group  0 Pid 198069 on use3a-ss-b200-gpu-177 device  3 [0x70] NVIDIA B200
#  Rank 140 Group  0 Pid 198070 on use3a-ss-b200-gpu-177 device  4 [0x97] NVIDIA B200
#  Rank 141 Group  0 Pid 198071 on use3a-ss-b200-gpu-177 device  5 [0xba] NVIDIA B200
#  Rank 142 Group  0 Pid 198072 on use3a-ss-b200-gpu-177 device  6 [0xdc] NVIDIA B200
#  Rank 143 Group  0 Pid 198073 on use3a-ss-b200-gpu-177 device  7 [0xed] NVIDIA B200
#  Rank 144 Group  0 Pid 187942 on use3a-ss-b200-gpu-178 device  0 [0x17] NVIDIA B200
#  Rank 145 Group  0 Pid 187943 on use3a-ss-b200-gpu-178 device  1 [0x3d] NVIDIA B200
#  Rank 146 Group  0 Pid 187944 on use3a-ss-b200-gpu-178 device  2 [0x5f] NVIDIA B200
#  Rank 147 Group  0 Pid 187945 on use3a-ss-b200-gpu-178 device  3 [0x70] NVIDIA B200
#  Rank 148 Group  0 Pid 187946 on use3a-ss-b200-gpu-178 device  4 [0x97] NVIDIA B200
#  Rank 149 Group  0 Pid 187947 on use3a-ss-b200-gpu-178 device  5 [0xba] NVIDIA B200
#  Rank 150 Group  0 Pid 187948 on use3a-ss-b200-gpu-178 device  6 [0xdc] NVIDIA B200
#  Rank 151 Group  0 Pid 187949 on use3a-ss-b200-gpu-178 device  7 [0xed] NVIDIA B200
#  Rank 152 Group  0 Pid 199707 on use3a-ss-b200-gpu-179 device  0 [0x17] NVIDIA B200
#  Rank 153 Group  0 Pid 199708 on use3a-ss-b200-gpu-179 device  1 [0x3d] NVIDIA B200
#  Rank 154 Group  0 Pid 199709 on use3a-ss-b200-gpu-179 device  2 [0x5f] NVIDIA B200
#  Rank 155 Group  0 Pid 199710 on use3a-ss-b200-gpu-179 device  3 [0x70] NVIDIA B200
#  Rank 156 Group  0 Pid 199711 on use3a-ss-b200-gpu-179 device  4 [0x97] NVIDIA B200
#  Rank 157 Group  0 Pid 199712 on use3a-ss-b200-gpu-179 device  5 [0xba] NVIDIA B200
#  Rank 158 Group  0 Pid 199713 on use3a-ss-b200-gpu-179 device  6 [0xdc] NVIDIA B200
#  Rank 159 Group  0 Pid 199714 on use3a-ss-b200-gpu-179 device  7 [0xed] NVIDIA B200
#  Rank 160 Group  0 Pid 197668 on use3a-ss-b200-gpu-180 device  0 [0x17] NVIDIA B200
#  Rank 161 Group  0 Pid 197669 on use3a-ss-b200-gpu-180 device  1 [0x3d] NVIDIA B200
#  Rank 162 Group  0 Pid 197670 on use3a-ss-b200-gpu-180 device  2 [0x5f] NVIDIA B200
#  Rank 163 Group  0 Pid 197671 on use3a-ss-b200-gpu-180 device  3 [0x70] NVIDIA B200
#  Rank 164 Group  0 Pid 197672 on use3a-ss-b200-gpu-180 device  4 [0x97] NVIDIA B200
#  Rank 165 Group  0 Pid 197673 on use3a-ss-b200-gpu-180 device  5 [0xba] NVIDIA B200
#  Rank 166 Group  0 Pid 197674 on use3a-ss-b200-gpu-180 device  6 [0xdc] NVIDIA B200
#  Rank 167 Group  0 Pid 197675 on use3a-ss-b200-gpu-180 device  7 [0xed] NVIDIA B200
#  Rank 168 Group  0 Pid 197061 on use3a-ss-b200-gpu-181 device  0 [0x17] NVIDIA B200
#  Rank 169 Group  0 Pid 197062 on use3a-ss-b200-gpu-181 device  1 [0x3d] NVIDIA B200
#  Rank 170 Group  0 Pid 197063 on use3a-ss-b200-gpu-181 device  2 [0x5f] NVIDIA B200
#  Rank 171 Group  0 Pid 197064 on use3a-ss-b200-gpu-181 device  3 [0x70] NVIDIA B200
#  Rank 172 Group  0 Pid 197065 on use3a-ss-b200-gpu-181 device  4 [0x97] NVIDIA B200
#  Rank 173 Group  0 Pid 197066 on use3a-ss-b200-gpu-181 device  5 [0xba] NVIDIA B200
#  Rank 174 Group  0 Pid 197067 on use3a-ss-b200-gpu-181 device  6 [0xdc] NVIDIA B200
#  Rank 175 Group  0 Pid 197068 on use3a-ss-b200-gpu-181 device  7 [0xed] NVIDIA B200
#  Rank 176 Group  0 Pid 197364 on use3a-ss-b200-gpu-182 device  0 [0x17] NVIDIA B200
#  Rank 177 Group  0 Pid 197365 on use3a-ss-b200-gpu-182 device  1 [0x3d] NVIDIA B200
#  Rank 178 Group  0 Pid 197366 on use3a-ss-b200-gpu-182 device  2 [0x5f] NVIDIA B200
#  Rank 179 Group  0 Pid 197367 on use3a-ss-b200-gpu-182 device  3 [0x70] NVIDIA B200
#  Rank 180 Group  0 Pid 197368 on use3a-ss-b200-gpu-182 device  4 [0x97] NVIDIA B200
#  Rank 181 Group  0 Pid 197369 on use3a-ss-b200-gpu-182 device  5 [0xba] NVIDIA B200
#  Rank 182 Group  0 Pid 197370 on use3a-ss-b200-gpu-182 device  6 [0xdc] NVIDIA B200
#  Rank 183 Group  0 Pid 197371 on use3a-ss-b200-gpu-182 device  7 [0xed] NVIDIA B200
#  Rank 184 Group  0 Pid 197181 on use3a-ss-b200-gpu-183 device  0 [0x17] NVIDIA B200
#  Rank 185 Group  0 Pid 197182 on use3a-ss-b200-gpu-183 device  1 [0x3d] NVIDIA B200
#  Rank 186 Group  0 Pid 197183 on use3a-ss-b200-gpu-183 device  2 [0x5f] NVIDIA B200
#  Rank 187 Group  0 Pid 197184 on use3a-ss-b200-gpu-183 device  3 [0x70] NVIDIA B200
#  Rank 188 Group  0 Pid 197185 on use3a-ss-b200-gpu-183 device  4 [0x97] NVIDIA B200
#  Rank 189 Group  0 Pid 197186 on use3a-ss-b200-gpu-183 device  5 [0xba] NVIDIA B200
#  Rank 190 Group  0 Pid 197187 on use3a-ss-b200-gpu-183 device  6 [0xdc] NVIDIA B200
#  Rank 191 Group  0 Pid 197188 on use3a-ss-b200-gpu-183 device  7 [0xed] NVIDIA B200
#  Rank 192 Group  0 Pid 196923 on use3a-ss-b200-gpu-184 device  0 [0x17] NVIDIA B200
#  Rank 193 Group  0 Pid 196924 on use3a-ss-b200-gpu-184 device  1 [0x3d] NVIDIA B200
#  Rank 194 Group  0 Pid 196925 on use3a-ss-b200-gpu-184 device  2 [0x5f] NVIDIA B200
#  Rank 195 Group  0 Pid 196926 on use3a-ss-b200-gpu-184 device  3 [0x70] NVIDIA B200
#  Rank 196 Group  0 Pid 196927 on use3a-ss-b200-gpu-184 device  4 [0x97] NVIDIA B200
#  Rank 197 Group  0 Pid 196928 on use3a-ss-b200-gpu-184 device  5 [0xba] NVIDIA B200
#  Rank 198 Group  0 Pid 196929 on use3a-ss-b200-gpu-184 device  6 [0xdc] NVIDIA B200
#  Rank 199 Group  0 Pid 196930 on use3a-ss-b200-gpu-184 device  7 [0xed] NVIDIA B200
#  Rank 200 Group  0 Pid 214433 on use3a-ss-b200-gpu-185 device  0 [0x17] NVIDIA B200
#  Rank 201 Group  0 Pid 214434 on use3a-ss-b200-gpu-185 device  1 [0x3d] NVIDIA B200
#  Rank 202 Group  0 Pid 214435 on use3a-ss-b200-gpu-185 device  2 [0x5f] NVIDIA B200
#  Rank 203 Group  0 Pid 214436 on use3a-ss-b200-gpu-185 device  3 [0x70] NVIDIA B200
#  Rank 204 Group  0 Pid 214437 on use3a-ss-b200-gpu-185 device  4 [0x97] NVIDIA B200
#  Rank 205 Group  0 Pid 214438 on use3a-ss-b200-gpu-185 device  5 [0xba] NVIDIA B200
#  Rank 206 Group  0 Pid 214439 on use3a-ss-b200-gpu-185 device  6 [0xdc] NVIDIA B200
#  Rank 207 Group  0 Pid 214440 on use3a-ss-b200-gpu-185 device  7 [0xed] NVIDIA B200
#  Rank 208 Group  0 Pid 195125 on use3a-ss-b200-gpu-186 device  0 [0x17] NVIDIA B200
#  Rank 209 Group  0 Pid 195126 on use3a-ss-b200-gpu-186 device  1 [0x3d] NVIDIA B200
#  Rank 210 Group  0 Pid 195127 on use3a-ss-b200-gpu-186 device  2 [0x5f] NVIDIA B200
#  Rank 211 Group  0 Pid 195128 on use3a-ss-b200-gpu-186 device  3 [0x70] NVIDIA B200
#  Rank 212 Group  0 Pid 195129 on use3a-ss-b200-gpu-186 device  4 [0x97] NVIDIA B200
#  Rank 213 Group  0 Pid 195130 on use3a-ss-b200-gpu-186 device  5 [0xba] NVIDIA B200
#  Rank 214 Group  0 Pid 195131 on use3a-ss-b200-gpu-186 device  6 [0xdc] NVIDIA B200
#  Rank 215 Group  0 Pid 195132 on use3a-ss-b200-gpu-186 device  7 [0xed] NVIDIA B200
#  Rank 216 Group  0 Pid 203943 on use3a-ss-b200-gpu-187 device  0 [0x17] NVIDIA B200
#  Rank 217 Group  0 Pid 203944 on use3a-ss-b200-gpu-187 device  1 [0x3d] NVIDIA B200
#  Rank 218 Group  0 Pid 203945 on use3a-ss-b200-gpu-187 device  2 [0x5f] NVIDIA B200
#  Rank 219 Group  0 Pid 203946 on use3a-ss-b200-gpu-187 device  3 [0x70] NVIDIA B200
#  Rank 220 Group  0 Pid 203947 on use3a-ss-b200-gpu-187 device  4 [0x97] NVIDIA B200
#  Rank 221 Group  0 Pid 203948 on use3a-ss-b200-gpu-187 device  5 [0xba] NVIDIA B200
#  Rank 222 Group  0 Pid 203949 on use3a-ss-b200-gpu-187 device  6 [0xdc] NVIDIA B200
#  Rank 223 Group  0 Pid 203950 on use3a-ss-b200-gpu-187 device  7 [0xed] NVIDIA B200
#  Rank 224 Group  0 Pid 194816 on use3a-ss-b200-gpu-188 device  0 [0x17] NVIDIA B200
#  Rank 225 Group  0 Pid 194817 on use3a-ss-b200-gpu-188 device  1 [0x3d] NVIDIA B200
#  Rank 226 Group  0 Pid 194818 on use3a-ss-b200-gpu-188 device  2 [0x5f] NVIDIA B200
#  Rank 227 Group  0 Pid 194819 on use3a-ss-b200-gpu-188 device  3 [0x70] NVIDIA B200
#  Rank 228 Group  0 Pid 194820 on use3a-ss-b200-gpu-188 device  4 [0x97] NVIDIA B200
#  Rank 229 Group  0 Pid 194821 on use3a-ss-b200-gpu-188 device  5 [0xba] NVIDIA B200
#  Rank 230 Group  0 Pid 194822 on use3a-ss-b200-gpu-188 device  6 [0xdc] NVIDIA B200
#  Rank 231 Group  0 Pid 194823 on use3a-ss-b200-gpu-188 device  7 [0xed] NVIDIA B200
#  Rank 232 Group  0 Pid 204225 on use3a-ss-b200-gpu-189 device  0 [0x17] NVIDIA B200
#  Rank 233 Group  0 Pid 204226 on use3a-ss-b200-gpu-189 device  1 [0x3d] NVIDIA B200
#  Rank 234 Group  0 Pid 204227 on use3a-ss-b200-gpu-189 device  2 [0x5f] NVIDIA B200
#  Rank 235 Group  0 Pid 204228 on use3a-ss-b200-gpu-189 device  3 [0x70] NVIDIA B200
#  Rank 236 Group  0 Pid 204229 on use3a-ss-b200-gpu-189 device  4 [0x97] NVIDIA B200
#  Rank 237 Group  0 Pid 204230 on use3a-ss-b200-gpu-189 device  5 [0xba] NVIDIA B200
#  Rank 238 Group  0 Pid 204231 on use3a-ss-b200-gpu-189 device  6 [0xdc] NVIDIA B200
#  Rank 239 Group  0 Pid 204232 on use3a-ss-b200-gpu-189 device  7 [0xed] NVIDIA B200
#  Rank 240 Group  0 Pid 194734 on use3a-ss-b200-gpu-190 device  0 [0x17] NVIDIA B200
#  Rank 241 Group  0 Pid 194735 on use3a-ss-b200-gpu-190 device  1 [0x3d] NVIDIA B200
#  Rank 242 Group  0 Pid 194736 on use3a-ss-b200-gpu-190 device  2 [0x5f] NVIDIA B200
#  Rank 243 Group  0 Pid 194737 on use3a-ss-b200-gpu-190 device  3 [0x70] NVIDIA B200
#  Rank 244 Group  0 Pid 194738 on use3a-ss-b200-gpu-190 device  4 [0x97] NVIDIA B200
#  Rank 245 Group  0 Pid 194739 on use3a-ss-b200-gpu-190 device  5 [0xba] NVIDIA B200
#  Rank 246 Group  0 Pid 194740 on use3a-ss-b200-gpu-190 device  6 [0xdc] NVIDIA B200
#  Rank 247 Group  0 Pid 194741 on use3a-ss-b200-gpu-190 device  7 [0xed] NVIDIA B200
#  Rank 248 Group  0 Pid 168355 on use3a-ss-b200-gpu-195 device  0 [0x17] NVIDIA B200
#  Rank 249 Group  0 Pid 168356 on use3a-ss-b200-gpu-195 device  1 [0x3d] NVIDIA B200
#  Rank 250 Group  0 Pid 168357 on use3a-ss-b200-gpu-195 device  2 [0x5f] NVIDIA B200
#  Rank 251 Group  0 Pid 168358 on use3a-ss-b200-gpu-195 device  3 [0x70] NVIDIA B200
#  Rank 252 Group  0 Pid 168359 on use3a-ss-b200-gpu-195 device  4 [0x97] NVIDIA B200
#  Rank 253 Group  0 Pid 168360 on use3a-ss-b200-gpu-195 device  5 [0xba] NVIDIA B200
#  Rank 254 Group  0 Pid 168361 on use3a-ss-b200-gpu-195 device  6 [0xdc] NVIDIA B200
#  Rank 255 Group  0 Pid 168362 on use3a-ss-b200-gpu-195 device  7 [0xed] NVIDIA B200
NCCL version 2.29.7+cuda12.9
#
#                                                              out-of-place                       in-place          
#       size         count      type   redop    root     time   algbw   busbw #wrong     time   algbw   busbw #wrong
#        (B)    (elements)                               (us)  (GB/s)  (GB/s)            (us)  (GB/s)  (GB/s)       
    67108864      16777216     float     sum      -1   4714.4   14.23   14.23      0   4658.4   14.41   14.41    N/A
# Out of bounds values : 0 OK
# Avg bus bandwidth    : 14.3205 
#


=== 32-Node SendRecv Complete ===
